Archive member included to satisfy reference by file (symbol)

..\Arducam\src\libarducam.a(arducam.c.obj)
                              CMakeFiles/Cat_Dog_Arducam_float32.dir/image_provider.cc.obj (capture)
d:/program files (x86)/gnu arm embedded toolchain/10 2020-q4-major/bin/../lib/gcc/arm-none-eabi/10.2.1/../../../../arm-none-eabi/lib/thumb/v6-m/nofp\libstdc++.a(guard.o)
                              CMakeFiles/Cat_Dog_Arducam_float32.dir/Main.cc.obj (__cxa_guard_acquire)
d:/program files (x86)/gnu arm embedded toolchain/10 2020-q4-major/bin/../lib/gcc/arm-none-eabi/10.2.1/../../../../arm-none-eabi/lib/thumb/v6-m/nofp\libstdc++.a(guard_error.o)
                              d:/program files (x86)/gnu arm embedded toolchain/10 2020-q4-major/bin/../lib/gcc/arm-none-eabi/10.2.1/../../../../arm-none-eabi/lib/thumb/v6-m/nofp\libstdc++.a(guard.o) (__gnu_cxx::recursive_init_error::~recursive_init_error())
d:/program files (x86)/gnu arm embedded toolchain/10 2020-q4-major/bin/../lib/gcc/arm-none-eabi/10.2.1/../../../../arm-none-eabi/lib/thumb/v6-m/nofp\libstdc++.a(si_class_type_info.o)
                              d:/program files (x86)/gnu arm embedded toolchain/10 2020-q4-major/bin/../lib/gcc/arm-none-eabi/10.2.1/../../../../arm-none-eabi/lib/thumb/v6-m/nofp\libstdc++.a(guard_error.o) (vtable for __cxxabiv1::__si_class_type_info)
d:/program files (x86)/gnu arm embedded toolchain/10 2020-q4-major/bin/../lib/gcc/arm-none-eabi/10.2.1/../../../../arm-none-eabi/lib/thumb/v6-m/nofp\libstdc++.a(tinfo.o)
                              d:/program files (x86)/gnu arm embedded toolchain/10 2020-q4-major/bin/../lib/gcc/arm-none-eabi/10.2.1/../../../../arm-none-eabi/lib/thumb/v6-m/nofp\libstdc++.a(si_class_type_info.o) (std::type_info::__is_pointer_p() const)
d:/program files (x86)/gnu arm embedded toolchain/10 2020-q4-major/bin/../lib/gcc/arm-none-eabi/10.2.1/../../../../arm-none-eabi/lib/thumb/v6-m/nofp\libstdc++.a(class_type_info.o)
                              d:/program files (x86)/gnu arm embedded toolchain/10 2020-q4-major/bin/../lib/gcc/arm-none-eabi/10.2.1/../../../../arm-none-eabi/lib/thumb/v6-m/nofp\libstdc++.a(si_class_type_info.o) (__cxxabiv1::__class_type_info::__do_upcast(__cxxabiv1::__class_type_info const*, void**) const)
d:/program files (x86)/gnu arm embedded toolchain/10 2020-q4-major/bin/../lib/gcc/arm-none-eabi/10.2.1/../../../../arm-none-eabi/lib/thumb/v6-m/nofp\libstdc++.a(eh_alloc.o)
                              d:/program files (x86)/gnu arm embedded toolchain/10 2020-q4-major/bin/../lib/gcc/arm-none-eabi/10.2.1/../../../../arm-none-eabi/lib/thumb/v6-m/nofp\libstdc++.a(guard.o) (__cxa_allocate_exception)
d:/program files (x86)/gnu arm embedded toolchain/10 2020-q4-major/bin/../lib/gcc/arm-none-eabi/10.2.1/../../../../arm-none-eabi/lib/thumb/v6-m/nofp\libstdc++.a(eh_exception.o)
                              d:/program files (x86)/gnu arm embedded toolchain/10 2020-q4-major/bin/../lib/gcc/arm-none-eabi/10.2.1/../../../../arm-none-eabi/lib/thumb/v6-m/nofp\libstdc++.a(guard_error.o) (std::exception::~exception())
d:/program files (x86)/gnu arm embedded toolchain/10 2020-q4-major/bin/../lib/gcc/arm-none-eabi/10.2.1/../../../../arm-none-eabi/lib/thumb/v6-m/nofp\libstdc++.a(eh_terminate.o)
                              d:/program files (x86)/gnu arm embedded toolchain/10 2020-q4-major/bin/../lib/gcc/arm-none-eabi/10.2.1/../../../../arm-none-eabi/lib/thumb/v6-m/nofp\libstdc++.a(eh_alloc.o) (std::terminate())
d:/program files (x86)/gnu arm embedded toolchain/10 2020-q4-major/bin/../lib/gcc/arm-none-eabi/10.2.1/../../../../arm-none-eabi/lib/thumb/v6-m/nofp\libstdc++.a(eh_throw.o)
                              d:/program files (x86)/gnu arm embedded toolchain/10 2020-q4-major/bin/../lib/gcc/arm-none-eabi/10.2.1/../../../../arm-none-eabi/lib/thumb/v6-m/nofp\libstdc++.a(guard.o) (__cxa_throw)
d:/program files (x86)/gnu arm embedded toolchain/10 2020-q4-major/bin/../lib/gcc/arm-none-eabi/10.2.1/../../../../arm-none-eabi/lib/thumb/v6-m/nofp\libstdc++.a(eh_unex_handler.o)
                              d:/program files (x86)/gnu arm embedded toolchain/10 2020-q4-major/bin/../lib/gcc/arm-none-eabi/10.2.1/../../../../arm-none-eabi/lib/thumb/v6-m/nofp\libstdc++.a(eh_terminate.o) (__cxxabiv1::__unexpected_handler)
d:/program files (x86)/gnu arm embedded toolchain/10 2020-q4-major/bin/../lib/gcc/arm-none-eabi/10.2.1/../../../../arm-none-eabi/lib/thumb/v6-m/nofp\libstdc++.a(pure.o)
                              d:/program files (x86)/gnu arm embedded toolchain/10 2020-q4-major/bin/../lib/gcc/arm-none-eabi/10.2.1/../../../../arm-none-eabi/lib/thumb/v6-m/nofp\libstdc++.a(eh_exception.o) (__cxa_pure_virtual)
d:/program files (x86)/gnu arm embedded toolchain/10 2020-q4-major/bin/../lib/gcc/arm-none-eabi/10.2.1/../../../../arm-none-eabi/lib/thumb/v6-m/nofp\libstdc++.a(vterminate.o)
[...]
Memory Configuration

Name             Origin             Length             Attributes
FLASH            0x10000000         0x00200000         xr
RAM              0x20000000         0x00040000         xrw
SCRATCH_X        0x20040000         0x00001000         xrw
SCRATCH_Y        0x20041000         0x00001000         xrw
*default*        0x00000000         0xffffffff

Linker script and memory map

LOAD d:/program files (x86)/gnu arm embedded toolchain/10 2020-q4-major/bin/../lib/gcc/arm-none-eabi/10.2.1/thumb/v6-m/nofp/crti.o
LOAD d:/program files (x86)/gnu arm embedded toolchain/10 2020-q4-major/bin/../lib/gcc/arm-none-eabi/10.2.1/thumb/v6-m/nofp/crtbegin.o
LOAD d:/program files (x86)/gnu arm embedded toolchain/10 2020-q4-major/bin/../lib/gcc/arm-none-eabi/10.2.1/../../../../arm-none-eabi/lib/thumb/v6-m/nofp/crt0.o

.flash_begin    0x10000000        0x0
                0x10000000                __flash_binary_start = .

.boot2          0x10000000      0x100
                0x10000000                __boot2_start__ = .
 *(.boot2)
 .boot2         0x10000000      0x100 C:\Users\Danie\AppData\Local\Temp\ccWeIZCu.o
                0x10000100                __boot2_end__ = .
                0x00000001                ASSERT (((__boot2_end__ - __boot2_start__) == 0x100), ERROR: Pico second stage bootloader must be 256 bytes in size)

.text           0x10000100    0x55e38
                0x10000100                __logical_binary_start = .
 *(.vectors)
 .vectors       0x10000100       0xd4 CMakeFiles/Cat_Dog_Arducam_float32.dir/__/pico-sdk/src/rp2_common/pico_standard_link/crt0.S.obj
                0x10000100                __vectors
                0x100001c0                isr_invalid
                0x100001c2                isr_nmi
                0x100001c4                isr_hardfault
                0x100001c6                isr_svcall
                0x100001c8                isr_pendsv
                0x100001ca                isr_systick
                0x100001cc                isr_irq11
                0x100001cc                isr_irq5
                0x100001cc                isr_irq23
                0x100001cc                isr_irq18
                0x100001cc                isr_irq31
                0x100001cc                isr_irq28
                0x100001cc                isr_irq19
                0x100001cc                isr_irq0
                0x100001cc                isr_irq6
                0x100001cc                isr_irq27
                0x100001cc                isr_irq12
                0x100001cc                isr_irq22
                0x100001cc                isr_irq13
                0x100001cc                isr_irq17
                0x100001cc                isr_irq14
                0x100001cc                isr_irq2
                0x100001cc                isr_irq10
                0x100001cc                isr_irq8
                0x100001cc                isr_irq24
                0x100001cc                isr_irq1
                0x100001cc                isr_irq7
                0x100001cc                isr_irq21
                0x100001cc                isr_irq20
                0x100001cc                isr_irq15
                0x100001cc                isr_irq25
                0x100001cc                __unhandled_user_irq
                0x100001cc                isr_irq4
                0x100001cc                isr_irq16
                0x100001cc                isr_irq29
                0x100001cc                isr_irq26
                0x100001cc                isr_irq3
                0x100001cc                isr_irq30
                0x100001cc                isr_irq9
                0x100001d2                unhandled_user_irq_num_in_r0
 *(.binary_info_header)
 .binary_info_header
                0x100001d4       0x14 CMakeFiles/Cat_Dog_Arducam_float32.dir/__/pico-sdk/src/rp2_common/pico_standard_link/crt0.S.obj
                0x100001e8                __binary_info_header_end = .
 *(.reset)
 .reset         0x100001e8       0xa8 CMakeFiles/Cat_Dog_Arducam_float32.dir/__/pico-sdk/src/rp2_common/pico_standard_link/crt0.S.obj
                0x100001e8                _entry_point
                0x10000266                __get_current_exception
 .reset         0x10000290       0x30 CMakeFiles/Cat_Dog_Arducam_float32.dir/__/pico-sdk/src/rp2_common/pico_standard_link/binary_info.c.obj
 *(.init)
 .init          0x100002c0        0x4 d:/program files (x86)/gnu arm embedded toolchain/10 2020-q4-major/bin/../lib/gcc/arm-none-eabi/10.2.1/thumb/v6-m/nofp/crti.o
                0x100002c0                _init
 *(EXCLUDE_FILE(*libm.a: *libc.a:*lib_a-mem*.o *libgcc.a:) .text*)
 .text          0x100002c4       0x48 d:/program files (x86)/gnu arm embedded toolchain/10 2020-q4-major/bin/../lib/gcc/arm-none-eabi/10.2.1/thumb/v6-m/nofp/crtbegin.o
 .text._Z8GetImagePN6tflite13ErrorReporterEiiiPf
                0x1000030c       0x98 CMakeFiles/Cat_Dog_Arducam_float32.dir/image_provider.cc.obj
                0x1000030c                GetImage(tflite::ErrorReporter*, int, int, int, float*)
 .text.__tcf_0  0x100003a4        0x4 CMakeFiles/Cat_Dog_Arducam_float32.dir/Main.cc.obj
 .text.startup.main
                0x100003a8      0x100 CMakeFiles/Cat_Dog_Arducam_float32.dir/Main.cc.obj
                0x100003a8                main
 .text.__tcf_0  0x100004a8        0x4 CMakeFiles/Cat_Dog_Arducam_float32.dir/TF_Lite_exe.cc.obj
 .text.__tcf_2  0x100004ac       0x10 CMakeFiles/Cat_Dog_Arducam_float32.dir/TF_Lite_exe.cc.obj
 .text.__tcf_1  0x100004bc        0x4 CMakeFiles/Cat_Dog_Arducam_float32.dir/TF_Lite_exe.cc.obj
 .text._Z5setupv
                0x100004c0      0x164 CMakeFiles/Cat_Dog_Arducam_float32.dir/TF_Lite_exe.cc.obj
                0x100004c0                setup()
 .text._Z13model_executePf
                0x10000624       0x50 CMakeFiles/Cat_Dog_Arducam_float32.dir/TF_Lite_exe.cc.obj
                0x10000624                model_execute(float*)
 .text.setup_default_uart
                0x10000674        0x8 CMakeFiles/Cat_Dog_Arducam_float32.dir/__/pico-sdk/src/rp2_common/pico_stdlib/stdlib.c.obj
                0x10000674                setup_default_uart
 .text.gpio_set_function
                0x1000067c       0x30 CMakeFiles/Cat_Dog_Arducam_float32.dir/__/pico-sdk/src/rp2_common/hardware_gpio/gpio.c.obj
                0x1000067c                gpio_set_function
 .text.gpio_set_pulls
                0x100006ac       0x30 CMakeFiles/Cat_Dog_Arducam_float32.dir/__/pico-sdk/src/rp2_common/hardware_gpio/gpio.c.obj
                0x100006ac                gpio_set_pulls
 .text.gpio_init
                0x100006dc       0x3c CMakeFiles/Cat_Dog_Arducam_float32.dir/__/pico-sdk/src/rp2_common/hardware_gpio/gpio.c.obj
                0x100006dc                gpio_init
 .text.hw_claim_or_assert
                0x10000718       0x58 CMakeFiles/Cat_Dog_Arducam_float32.dir/__/pico-sdk/src/rp2_common/hardware_claim/claim.c.obj
                0x10000718                hw_claim_or_assert
 .text.hw_claim_unused_from_range
                0x10000770       0x9c CMakeFiles/Cat_Dog_Arducam_float32.dir/__/pico-sdk/src/rp2_common/hardware_claim/claim.c.obj
                0x10000770                hw_claim_unused_from_range
 .text.spin_locks_reset
                0x1000080c       0x1c CMakeFiles/Cat_Dog_Arducam_float32.dir/__/pico-sdk/src/rp2_common/hardware_sync/sync.c.obj
                0x1000080c                spin_locks_reset
 .text.next_striped_spin_lock_num
                0x10000828       0x18 CMakeFiles/Cat_Dog_Arducam_float32.dir/__/pico-sdk/src/rp2_common/hardware_sync/sync.c.obj
                0x10000828                next_striped_spin_lock_num
 .text.spin_lock_claim_unused
                0x10000840       0x20 CMakeFiles/Cat_Dog_Arducam_float32.dir/__/pico-sdk/src/rp2_common/hardware_sync/sync.c.obj
                0x10000840                spin_lock_claim_unused
 .text.running_on_fpga
                0x10000860       0x10 CMakeFiles/Cat_Dog_Arducam_float32.dir/__/pico-sdk/src/rp2_common/pico_platform/platform.c.obj
                0x10000860                running_on_fpga
 .text.uart_init
                0x10000870       0xe0 CMakeFiles/Cat_Dog_Arducam_float32.dir/__/pico-sdk/src/rp2_common/hardware_uart/uart.c.obj
                0x10000870                uart_init
 .text.timer_pool_entry_comparator
                0x10000950       0x34 CMakeFiles/Cat_Dog_Arducam_float32.dir/__/pico-sdk/src/common/pico_time/time.c.obj
                0x10000950                timer_pool_entry_comparator
 .text.sev_callback
                0x10000984        0x8 CMakeFiles/Cat_Dog_Arducam_float32.dir/__/pico-sdk/src/common/pico_time/time.c.obj
 .text.add_alarm_under_lock.isra.0
                0x1000098c      0x120 CMakeFiles/Cat_Dog_Arducam_float32.dir/__/pico-sdk/src/common/pico_time/time.c.obj
 .text.alarm_pool_alarm_callback
                0x10000aac      0x1c8 CMakeFiles/Cat_Dog_Arducam_float32.dir/__/pico-sdk/src/common/pico_time/time.c.obj
 .text.alarm_pool_add_alarm_at.constprop.0
                0x10000c74      0x11c CMakeFiles/Cat_Dog_Arducam_float32.dir/__/pico-sdk/src/common/pico_time/time.c.obj
 .text.alarm_pool_init_default
                0x10000d90       0x78 CMakeFiles/Cat_Dog_Arducam_float32.dir/__/pico-sdk/src/common/pico_time/time.c.obj
                0x10000d90                alarm_pool_init_default
 .text.alarm_pool_get_default
                0x10000e08        0xc CMakeFiles/Cat_Dog_Arducam_float32.dir/__/pico-sdk/src/common/pico_time/time.c.obj
                0x10000e08                alarm_pool_get_default
 .text.alarm_pool_add_alarm_at
                0x10000e14      0x1b0 CMakeFiles/Cat_Dog_Arducam_float32.dir/__/pico-sdk/src/common/pico_time/time.c.obj
                0x10000e14                alarm_pool_add_alarm_at
 .text.alarm_pool_cancel_alarm
                0x10000fc4       0x74 CMakeFiles/Cat_Dog_Arducam_float32.dir/__/pico-sdk/src/common/pico_time/time.c.obj
                0x10000fc4                alarm_pool_cancel_alarm
 .text.sleep_ms
                0x10001038       0xb8 CMakeFiles/Cat_Dog_Arducam_float32.dir/__/pico-sdk/src/common/pico_time/time.c.obj
                0x10001038                sleep_ms
 .text.best_effort_wfe_or_timeout
                0x100010f0       0x44 CMakeFiles/Cat_Dog_Arducam_float32.dir/__/pico-sdk/src/common/pico_time/time.c.obj
                0x100010f0                best_effort_wfe_or_timeout
 .text.hardware_alarm_irq_handler
                0x10001134       0xb8 CMakeFiles/Cat_Dog_Arducam_float32.dir/__/pico-sdk/src/rp2_common/hardware_timer/timer.c.obj
 .text.hardware_alarm_claim
                0x100011ec       0x18 CMakeFiles/Cat_Dog_Arducam_float32.dir/__/pico-sdk/src/rp2_common/hardware_timer/timer.c.obj
                0x100011ec                hardware_alarm_claim
 .text.time_us_64
                0x10001204       0x14 CMakeFiles/Cat_Dog_Arducam_float32.dir/__/pico-sdk/src/rp2_common/hardware_timer/timer.c.obj
                0x10001204                time_us_64
 .text.busy_wait_until
                0x10001218       0x20 CMakeFiles/Cat_Dog_Arducam_float32.dir/__/pico-sdk/src/rp2_common/hardware_timer/timer.c.obj
                0x10001218                busy_wait_until
 .text.hardware_alarm_set_callback
                0x10001238       0x8c CMakeFiles/Cat_Dog_Arducam_float32.dir/__/pico-sdk/src/rp2_common/hardware_timer/timer.c.obj
                0x10001238                hardware_alarm_set_callback
 .text.hardware_alarm_set_target
                0x100012c4       0xc4 CMakeFiles/Cat_Dog_Arducam_float32.dir/__/pico-sdk/src/rp2_common/hardware_timer/timer.c.obj
                0x100012c4                hardware_alarm_set_target
 .text.hardware_alarm_cancel
                0x10001388       0x3c CMakeFiles/Cat_Dog_Arducam_float32.dir/__/pico-sdk/src/rp2_common/hardware_timer/timer.c.obj
                0x10001388                hardware_alarm_cancel
 .text.lock_init
                0x100013c4       0x10 CMakeFiles/Cat_Dog_Arducam_float32.dir/__/pico-sdk/src/common/pico_sync/lock_core.c.obj
                0x100013c4                lock_init
 .text.mutex_init
                0x100013d4       0x1c CMakeFiles/Cat_Dog_Arducam_float32.dir/__/pico-sdk/src/common/pico_sync/mutex.c.obj
                0x100013d4                mutex_init
 .text.critical_section_init
                0x100013f0       0x18 CMakeFiles/Cat_Dog_Arducam_float32.dir/__/pico-sdk/src/common/pico_sync/critical_section.c.obj
                0x100013f0                critical_section_init
 .text.ph_merge_nodes
                0x10001408       0x68 CMakeFiles/Cat_Dog_Arducam_float32.dir/__/pico-sdk/src/common/pico_util/pheap.c.obj
 .text.ph_create
                0x10001470       0x64 CMakeFiles/Cat_Dog_Arducam_float32.dir/__/pico-sdk/src/common/pico_util/pheap.c.obj
                0x10001470                ph_create
 .text.ph_merge_two_pass
                0x100014d4       0x90 CMakeFiles/Cat_Dog_Arducam_float32.dir/__/pico-sdk/src/common/pico_util/pheap.c.obj
                0x100014d4                ph_merge_two_pass
 .text.ph_remove_any_head
                0x10001564       0xf8 CMakeFiles/Cat_Dog_Arducam_float32.dir/__/pico-sdk/src/common/pico_util/pheap.c.obj
 .text.ph_remove_head_reserve
                0x1000165c       0xfc CMakeFiles/Cat_Dog_Arducam_float32.dir/__/pico-sdk/src/common/pico_util/pheap.c.obj
                0x1000165c                ph_remove_head_reserve
 .text.ph_delete
                0x10001758       0x7c CMakeFiles/Cat_Dog_Arducam_float32.dir/__/pico-sdk/src/common/pico_util/pheap.c.obj
                0x10001758                ph_delete
 .text.runtime_init
                0x100017d4       0xec CMakeFiles/Cat_Dog_Arducam_float32.dir/__/pico-sdk/src/rp2_common/pico_runtime/runtime.c.obj
                0x100017d4                runtime_init
 .text._exit    0x100018c0        0x4 CMakeFiles/Cat_Dog_Arducam_float32.dir/__/pico-sdk/src/rp2_common/pico_runtime/runtime.c.obj
                0x100018c0                _exit
 .text._sbrk    0x100018c4       0x34 CMakeFiles/Cat_Dog_Arducam_float32.dir/__/pico-sdk/src/rp2_common/pico_runtime/runtime.c.obj
                0x100018c4                _sbrk
 .text.exit     0x100018f8        0x4 CMakeFiles/Cat_Dog_Arducam_float32.dir/__/pico-sdk/src/rp2_common/pico_runtime/runtime.c.obj
                0x100018f8                exit
 .text.panic    0x100018fc       0x30 CMakeFiles/Cat_Dog_Arducam_float32.dir/__/pico-sdk/src/rp2_common/pico_runtime/runtime.c.obj
                0x100018fc                panic
 .text.hard_assertion_failure
                0x1000192c        0xc CMakeFiles/Cat_Dog_Arducam_float32.dir/__/pico-sdk/src/rp2_common/pico_runtime/runtime.c.obj
                0x1000192c                hard_assertion_failure
 .text.clocks_init
                0x10001938      0x2e0 CMakeFiles/Cat_Dog_Arducam_float32.dir/__/pico-sdk/src/rp2_common/hardware_clocks/clocks.c.obj
                0x10001938                clocks_init
 .text.clock_get_hz
                0x10001c18        0xc CMakeFiles/Cat_Dog_Arducam_float32.dir/__/pico-sdk/src/rp2_common/hardware_clocks/clocks.c.obj
                0x10001c18                clock_get_hz
 .text.watchdog_start_tick
                0x10001c24       0x10 CMakeFiles/Cat_Dog_Arducam_float32.dir/__/pico-sdk/src/rp2_common/hardware_watchdog/watchdog.c.obj
                0x10001c24                watchdog_start_tick
 .text.xosc_init
                0x10001c34       0x28 CMakeFiles/Cat_Dog_Arducam_float32.dir/__/pico-sdk/src/rp2_common/hardware_xosc/xosc.c.obj
                0x10001c34                xosc_init
 .text.pll_init
                0x10001c5c       0x5c CMakeFiles/Cat_Dog_Arducam_float32.dir/__/pico-sdk/src/rp2_common/hardware_pll/pll.c.obj
                0x10001c5c                pll_init
 .text.irq_set_enabled
                0x10001cb8       0x24 CMakeFiles/Cat_Dog_Arducam_float32.dir/__/pico-sdk/src/rp2_common/hardware_irq/irq.c.obj
                0x10001cb8                irq_set_enabled
 .text.irq_set_pending
                0x10001cdc       0x10 CMakeFiles/Cat_Dog_Arducam_float32.dir/__/pico-sdk/src/rp2_common/hardware_irq/irq.c.obj
                0x10001cdc                irq_set_pending
 .text.irq_get_vtable_handler
                0x10001cec       0x10 CMakeFiles/Cat_Dog_Arducam_float32.dir/__/pico-sdk/src/rp2_common/hardware_irq/irq.c.obj
                0x10001cec                irq_get_vtable_handler
 .text.irq_set_exclusive_handler
                0x10001cfc       0x54 CMakeFiles/Cat_Dog_Arducam_float32.dir/__/pico-sdk/src/rp2_common/hardware_irq/irq.c.obj
                0x10001cfc                irq_set_exclusive_handler
 .text.irq_remove_handler
                0x10001d50      0x1c0 CMakeFiles/Cat_Dog_Arducam_float32.dir/__/pico-sdk/src/rp2_common/hardware_irq/irq.c.obj
                0x10001d50                irq_remove_handler
 .text.irq_add_tail_to_free_list
                0x10001f10       0xbc CMakeFiles/Cat_Dog_Arducam_float32.dir/__/pico-sdk/src/rp2_common/hardware_irq/irq.c.obj
                0x10001f10                irq_add_tail_to_free_list
 .text.irq_init_priorities
                0x10001fcc       0x38 CMakeFiles/Cat_Dog_Arducam_float32.dir/__/pico-sdk/src/rp2_common/hardware_irq/irq.c.obj
                0x10001fcc                irq_init_priorities
 .text._out_buffer
                0x10002004        0x8 CMakeFiles/Cat_Dog_Arducam_float32.dir/__/pico-sdk/src/rp2_common/pico_printf/printf.c.obj
 .text._out_null
                0x1000200c        0x4 CMakeFiles/Cat_Dog_Arducam_float32.dir/__/pico-sdk/src/rp2_common/pico_printf/printf.c.obj
 .text._out_rev
                0x10002010       0x9c CMakeFiles/Cat_Dog_Arducam_float32.dir/__/pico-sdk/src/rp2_common/pico_printf/printf.c.obj
 .text._ntoa_format
                0x100020ac      0x1cc CMakeFiles/Cat_Dog_Arducam_float32.dir/__/pico-sdk/src/rp2_common/pico_printf/printf.c.obj
 .text._out_char
                0x10002278       0x10 CMakeFiles/Cat_Dog_Arducam_float32.dir/__/pico-sdk/src/rp2_common/pico_printf/printf.c.obj
 .text._out_fct
                0x10002288       0x10 CMakeFiles/Cat_Dog_Arducam_float32.dir/__/pico-sdk/src/rp2_common/pico_printf/printf.c.obj
 .text._etoa    0x10002298      0x424 CMakeFiles/Cat_Dog_Arducam_float32.dir/__/pico-sdk/src/rp2_common/pico_printf/printf.c.obj
 .text._ftoa    0x100026bc      0x398 CMakeFiles/Cat_Dog_Arducam_float32.dir/__/pico-sdk/src/rp2_common/pico_printf/printf.c.obj
 .text._vsnprintf
                0x10002a54      0xb04 CMakeFiles/Cat_Dog_Arducam_float32.dir/__/pico-sdk/src/rp2_common/pico_printf/printf.c.obj
 .text.__wrap_sprintf
                0x10003558       0x28 CMakeFiles/Cat_Dog_Arducam_float32.dir/__/pico-sdk/src/rp2_common/pico_printf/printf.c.obj
                0x10003558                __wrap_sprintf
 .text.vfctprintf
                0x10003580       0x20 CMakeFiles/Cat_Dog_Arducam_float32.dir/__/pico-sdk/src/rp2_common/pico_printf/printf.c.obj
                0x10003580                vfctprintf
 .text.weak_raw_vprintf
                0x100035a0       0x30 CMakeFiles/Cat_Dog_Arducam_float32.dir/__/pico-sdk/src/rp2_common/pico_printf/printf.c.obj
                0x100035a0                weak_raw_vprintf
 .text          0x100035d0       0x10 CMakeFiles/Cat_Dog_Arducam_float32.dir/__/pico-sdk/src/rp2_common/pico_bit_ops/bit_ops_aeabi.S.obj
 .text.clzsi    0x100035e0        0xc CMakeFiles/Cat_Dog_Arducam_float32.dir/__/pico-sdk/src/rp2_common/pico_bit_ops/bit_ops_aeabi.S.obj
                0x100035e0                __wrap___clzsi2
                0x100035e0                __wrap___clzl
                0x100035e0                __wrap___clz
 .text.rom_func_lookup
                0x100035ec       0x10 CMakeFiles/Cat_Dog_Arducam_float32.dir/__/pico-sdk/src/rp2_common/pico_bootrom/bootrom.c.obj
                0x100035ec                rom_func_lookup
 .text.rom_data_lookup
                0x100035fc       0x10 CMakeFiles/Cat_Dog_Arducam_float32.dir/__/pico-sdk/src/rp2_common/pico_bootrom/bootrom.c.obj
                0x100035fc                rom_data_lookup
 .text.rom_funcs_lookup
                0x1000360c       0x44 CMakeFiles/Cat_Dog_Arducam_float32.dir/__/pico-sdk/src/rp2_common/pico_bootrom/bootrom.c.obj
                0x1000360c                rom_funcs_lookup
 .text.__wrap___aeabi_idiv
                0x10003650       0x58 CMakeFiles/Cat_Dog_Arducam_float32.dir/__/pico-sdk/src/rp2_common/pico_divider/divider.S.obj
                0x10003650                __wrap___aeabi_idivmod
                0x10003650                divmod_s32s32
                0x10003650                div_s32s32
                0x10003650                __wrap___aeabi_idiv
                0x10003658                divmod_s32s32_unsafe
                0x10003684                divmod_s32s32_savestate
 .text.__wrap___aeabi_uidiv
                0x100036a8       0x54 CMakeFiles/Cat_Dog_Arducam_float32.dir/__/pico-sdk/src/rp2_common/pico_divider/divider.S.obj
                0x100036a8                __wrap___aeabi_uidiv
                0x100036a8                __wrap___aeabi_uidivmod
                0x100036a8                div_u32u32
                0x100036a8                divmod_u32u32
                0x100036b0                divmod_u32u32_unsafe
                0x100036d8                divmod_u32u32_savestate
 .text.__wrap___aeabi_ldiv
                0x100036fc      0x430 CMakeFiles/Cat_Dog_Arducam_float32.dir/__/pico-sdk/src/rp2_common/pico_divider/divider.S.obj
                0x100036fc                div_s64s64
                0x100036fc                divmod_s64s64
                0x100036fc                __wrap___aeabi_ldivmod
                0x10003734                divmod_u64u64
                0x10003734                div_u64u64
                0x10003734                __wrap___aeabi_uldivmod
                0x10003744                divmod_u64u64_savestate
                0x1000376c                divmod_s64s64_unsafe
                0x100037f4                divmod_u64u64_unsafe
 .text.__wrap___aeabi_darithmetic
                0x10003b2c       0x54 CMakeFiles/Cat_Dog_Arducam_float32.dir/__/pico-sdk/src/rp2_common/pico_double/double_aeabi.S.obj
                0x10003b2c                __wrap___aeabi_drsub
                0x10003b32                __wrap___aeabi_dsub
                0x10003b44                __wrap___aeabi_dadd
                0x10003b56                __wrap___aeabi_ddiv
                0x10003b68                __wrap___aeabi_dmul
 .text.__wrap___aeabi_cdcmple
                0x10003b80       0x6c CMakeFiles/Cat_Dog_Arducam_float32.dir/__/pico-sdk/src/rp2_common/pico_double/double_aeabi.S.obj
                0x10003b80                __wrap___aeabi_cdrcmple
                0x10003b90                __wrap___aeabi_cdcmpeq
                0x10003b90                __wrap___aeabi_cdcmple
 .text.__wrap___aeabi_dcmpeq
                0x10003bec       0x10 CMakeFiles/Cat_Dog_Arducam_float32.dir/__/pico-sdk/src/rp2_common/pico_double/double_aeabi.S.obj
                0x10003bec                __wrap___aeabi_dcmpeq
 .text.__wrap___aeabi_dcmplt
                0x10003bfc        0xc CMakeFiles/Cat_Dog_Arducam_float32.dir/__/pico-sdk/src/rp2_common/pico_double/double_aeabi.S.obj
                0x10003bfc                __wrap___aeabi_dcmplt
 .text.__wrap___aeabi_dcmple
                0x10003c08       0x10 CMakeFiles/Cat_Dog_Arducam_float32.dir/__/pico-sdk/src/rp2_common/pico_double/double_aeabi.S.obj
                0x10003c08                __wrap___aeabi_dcmple
 .text.__wrap___aeabi_dcmpge
                0x10003c18       0x10 CMakeFiles/Cat_Dog_Arducam_float32.dir/__/pico-sdk/src/rp2_common/pico_double/double_aeabi.S.obj
                0x10003c18                __wrap___aeabi_dcmpge
 .text.__wrap___aeabi_dcmpgt
                0x10003c28        0xa CMakeFiles/Cat_Dog_Arducam_float32.dir/__/pico-sdk/src/rp2_common/pico_double/double_aeabi.S.obj
                0x10003c28                __wrap___aeabi_dcmpgt
 .text.__wrap___aeabi_dcmpun
                0x10003c32       0x1c CMakeFiles/Cat_Dog_Arducam_float32.dir/__/pico-sdk/src/rp2_common/pico_double/double_aeabi.S.obj
                0x10003c32                __wrap___aeabi_dcmpun
 *fill*         0x10003c4e        0x2 
 .text.__wrap___aeabi_i2d
                0x10003c50       0x38 CMakeFiles/Cat_Dog_Arducam_float32.dir/__/pico-sdk/src/rp2_common/pico_double/double_aeabi.S.obj
                0x10003c50                __wrap___aeabi_ui2d
                0x10003c58                __wrap___aeabi_i2d
 .text.__wrap___aeabi_d2iz
                0x10003c88       0x48 CMakeFiles/Cat_Dog_Arducam_float32.dir/__/pico-sdk/src/rp2_common/pico_double/double_aeabi.S.obj
                0x10003c88                double2int_z
                0x10003c88                __wrap___aeabi_d2iz
 .text.__wrap___aeabi_d2uiz
                0x10003cd0       0x18 CMakeFiles/Cat_Dog_Arducam_float32.dir/__/pico-sdk/src/rp2_common/pico_double/double_aeabi.S.obj
                0x10003cd0                __wrap___aeabi_d2uiz
                0x10003cd0                double2uint
 .text.__wrap___aeabi_l2d
                0x10003ce8       0x18 CMakeFiles/Cat_Dog_Arducam_float32.dir/__/pico-sdk/src/rp2_common/pico_double/double_aeabi.S.obj
                0x10003ce8                __wrap___aeabi_l2d
 .text.__wrap___aeabi_ul2d
                0x10003d00       0x18 CMakeFiles/Cat_Dog_Arducam_float32.dir/__/pico-sdk/src/rp2_common/pico_double/double_aeabi.S.obj
                0x10003d00                __wrap___aeabi_ul2d
 .text.__wrap___aeabi_d2lz
                0x10003d18       0x26 CMakeFiles/Cat_Dog_Arducam_float32.dir/__/pico-sdk/src/rp2_common/pico_double/double_aeabi.S.obj
                0x10003d18                double2int64_z
                0x10003d18                __wrap___aeabi_d2lz
 *fill*         0x10003d3e        0x2 
 .text.double2int64
                0x10003d40       0x18 CMakeFiles/Cat_Dog_Arducam_float32.dir/__/pico-sdk/src/rp2_common/pico_double/double_aeabi.S.obj
                0x10003d40                double2int64
 .text.__wrap___aeabi_d2ulz
                0x10003d58       0x18 CMakeFiles/Cat_Dog_Arducam_float32.dir/__/pico-sdk/src/rp2_common/pico_double/double_aeabi.S.obj
                0x10003d58                __wrap___aeabi_d2ulz
 .text.double2ufix64
                0x10003d70       0x18 CMakeFiles/Cat_Dog_Arducam_float32.dir/__/pico-sdk/src/rp2_common/pico_double/double_aeabi.S.obj
                0x10003d70                double2ufix64
 .text.__wrap___aeabi_d2f
                0x10003d88       0x18 CMakeFiles/Cat_Dog_Arducam_float32.dir/__/pico-sdk/src/rp2_common/pico_double/double_aeabi.S.obj
                0x10003d88                __wrap___aeabi_d2f
 .text.__aeabi_double_init
                0x10003da0       0x80 CMakeFiles/Cat_Dog_Arducam_float32.dir/__/pico-sdk/src/rp2_common/pico_double/double_init_rom.c.obj
                0x10003da0                __aeabi_double_init
 .text.__wrap_round
                0x10003e20       0xa0 CMakeFiles/Cat_Dog_Arducam_float32.dir/__/pico-sdk/src/rp2_common/pico_double/double_math.c.obj
                0x10003e20                __wrap_round
 .text.__wrap_floor
                0x10003ec0       0x94 CMakeFiles/Cat_Dog_Arducam_float32.dir/__/pico-sdk/src/rp2_common/pico_double/double_math.c.obj
                0x10003ec0                __wrap_floor
 .text.double_table_shim_on_use_helper
                0x10003f54       0x2c CMakeFiles/Cat_Dog_Arducam_float32.dir/__/pico-sdk/src/rp2_common/pico_double/double_v1_rom_shim.S.obj
                0x10003f54                double_table_shim_on_use_helper
 .text.__wrap___aeabi_dsub
                0x10003f80       0x10 CMakeFiles/Cat_Dog_Arducam_float32.dir/__/pico-sdk/src/rp2_common/pico_double/double_v1_rom_shim.S.obj
                0x10003f80                drsub_shim
                0x10003f86                dsub_shim
 .text.dadd_shim
                0x10003f90      0x15c CMakeFiles/Cat_Dog_Arducam_float32.dir/__/pico-sdk/src/rp2_common/pico_double/double_v1_rom_shim.S.obj
                0x10003f90                dadd_shim
 .text.dmul_shim
                0x100040ec      0x15c CMakeFiles/Cat_Dog_Arducam_float32.dir/__/pico-sdk/src/rp2_common/pico_double/double_v1_rom_shim.S.obj
                0x100040ec                dmul_shim
 .text.ddiv_shim
                0x10004248      0x1b0 CMakeFiles/Cat_Dog_Arducam_float32.dir/__/pico-sdk/src/rp2_common/pico_double/double_v1_rom_shim.S.obj
                0x10004248                ddiv_shim
 .text.dcordic_rot_step
                0x100043f8       0x7c CMakeFiles/Cat_Dog_Arducam_float32.dir/__/pico-sdk/src/rp2_common/pico_double/double_v1_rom_shim.S.obj
                0x100043f8                dcordic_rot_step
 .text.double2uint_shim
                0x10004474        0xe CMakeFiles/Cat_Dog_Arducam_float32.dir/__/pico-sdk/src/rp2_common/pico_double/double_v1_rom_shim.S.obj
                0x10004474                double2uint_shim
                0x10004476                double2ufix_shim
 .text.double2int64_shim
                0x10004482       0x1a CMakeFiles/Cat_Dog_Arducam_float32.dir/__/pico-sdk/src/rp2_common/pico_double/double_v1_rom_shim.S.obj
                0x10004482                double2int64_shim
                0x10004484                double2fix64_shim
 .text.double2uint64_shim
                0x1000449c       0x6c CMakeFiles/Cat_Dog_Arducam_float32.dir/__/pico-sdk/src/rp2_common/pico_double/double_v1_rom_shim.S.obj
                0x1000449c                double2uint64_shim
                0x1000449e                double2ufix64_shim
                0x100044b8                d2fix_a
 .text.double2float_shim
                0x10004508       0x5c CMakeFiles/Cat_Dog_Arducam_float32.dir/__/pico-sdk/src/rp2_common/pico_double/double_v1_rom_shim.S.obj
                0x10004508                double2float_shim
 .text.x2double_shims
                0x10004564       0x90 CMakeFiles/Cat_Dog_Arducam_float32.dir/__/pico-sdk/src/rp2_common/pico_double/double_v1_rom_shim.S.obj
                0x10004564                uint2double_shim
                0x10004566                ufix2double_shim
                0x1000456c                int2double_shim
                0x1000456e                fix2double_shim
                0x10004574                uint642double_shim
                0x10004576                ufix642double_shim
                0x1000457c                int642double_shim
                0x1000457e                fix642double_shim
 .text.dunpacks
                0x100045f4       0x3c CMakeFiles/Cat_Dog_Arducam_float32.dir/__/pico-sdk/src/rp2_common/pico_double/double_v1_rom_shim.S.obj
                0x100045f4                dunpacks
 .text.__aeabi_lmul
                0x10004630       0x32 CMakeFiles/Cat_Dog_Arducam_float32.dir/__/pico-sdk/src/rp2_common/pico_int64_ops/pico_int64_ops_aeabi.S.obj
                0x10004630                __wrap___aeabi_lmul
 *fill*         0x10004662        0x2 
 .text.__wrap___aeabi_farithmetic
                0x10004664       0x24 CMakeFiles/Cat_Dog_Arducam_float32.dir/__/pico-sdk/src/rp2_common/pico_float/float_aeabi.S.obj
                0x10004664                __wrap___aeabi_frsub
                0x1000466a                __wrap___aeabi_fsub
                0x10004670                __wrap___aeabi_fadd
                0x10004676                __wrap___aeabi_fdiv
                0x1000467c                __wrap___aeabi_fmul
 .text.__wrap___aeabi_cfcmple
                0x10004688       0x50 CMakeFiles/Cat_Dog_Arducam_float32.dir/__/pico-sdk/src/rp2_common/pico_float/float_aeabi.S.obj
                0x10004688                __wrap___aeabi_cfrcmple
                0x10004694                __wrap___aeabi_cfcmple
                0x10004694                __wrap___aeabi_cfcmpeq
 .text.__wrap___aeabi_fcmpeq
                0x100046d8       0x10 CMakeFiles/Cat_Dog_Arducam_float32.dir/__/pico-sdk/src/rp2_common/pico_float/float_aeabi.S.obj
                0x100046d8                __wrap___aeabi_fcmpeq
 .text.__wrap___aeabi_fcmplt
                0x100046e8        0xc CMakeFiles/Cat_Dog_Arducam_float32.dir/__/pico-sdk/src/rp2_common/pico_float/float_aeabi.S.obj
                0x100046e8                __wrap___aeabi_fcmplt
 .text.__wrap___aeabi_fcmple
                0x100046f4       0x10 CMakeFiles/Cat_Dog_Arducam_float32.dir/__/pico-sdk/src/rp2_common/pico_float/float_aeabi.S.obj
                0x100046f4                __wrap___aeabi_fcmple
 .text.__wrap___aeabi_fcmpge
                0x10004704       0x10 CMakeFiles/Cat_Dog_Arducam_float32.dir/__/pico-sdk/src/rp2_common/pico_float/float_aeabi.S.obj
                0x10004704                __wrap___aeabi_fcmpge
 .text.__wrap___aeabi_fcmpgt
                0x10004714        0xa CMakeFiles/Cat_Dog_Arducam_float32.dir/__/pico-sdk/src/rp2_common/pico_float/float_aeabi.S.obj
                0x10004714                __wrap___aeabi_fcmpgt
 .text.__wrap___aeabi_ui2f
                0x1000471e        0xa CMakeFiles/Cat_Dog_Arducam_float32.dir/__/pico-sdk/src/rp2_common/pico_float/float_aeabi.S.obj
                0x1000471e                __wrap___aeabi_ui2f
 .text.__wrap___aeabi_i2f
                0x10004728       0x44 CMakeFiles/Cat_Dog_Arducam_float32.dir/__/pico-sdk/src/rp2_common/pico_float/float_aeabi.S.obj
                0x10004728                __wrap___aeabi_i2f
 .text.__wrap___aeabi_f2iz
                0x1000476c       0x4e CMakeFiles/Cat_Dog_Arducam_float32.dir/__/pico-sdk/src/rp2_common/pico_float/float_aeabi.S.obj
                0x1000476c                float2int_z
                0x1000476c                __wrap___aeabi_f2iz
 *fill*         0x100047ba        0x2 
 .text.float2int
                0x100047bc       0x14 CMakeFiles/Cat_Dog_Arducam_float32.dir/__/pico-sdk/src/rp2_common/pico_float/float_aeabi.S.obj
                0x100047bc                float2int
 .text.__wrap___aeabi_f2uiz
                0x100047d0        0xc CMakeFiles/Cat_Dog_Arducam_float32.dir/__/pico-sdk/src/rp2_common/pico_float/float_aeabi.S.obj
                0x100047d0                __wrap___aeabi_f2uiz
 .text.fix2float
                0x100047dc        0xc CMakeFiles/Cat_Dog_Arducam_float32.dir/__/pico-sdk/src/rp2_common/pico_float/float_aeabi.S.obj
                0x100047dc                fix2float
 .text.__wrap___aeabi_f2d
                0x100047e8       0x14 CMakeFiles/Cat_Dog_Arducam_float32.dir/__/pico-sdk/src/rp2_common/pico_float/float_aeabi.S.obj
                0x100047e8                __wrap___aeabi_f2d
 .text.__wrap_srqtf
                0x100047fc       0x20 CMakeFiles/Cat_Dog_Arducam_float32.dir/__/pico-sdk/src/rp2_common/pico_float/float_aeabi.S.obj
                0x100047fc                __wrap_sqrtf
 .text.__wrap_cosf
                0x1000481c       0x24 CMakeFiles/Cat_Dog_Arducam_float32.dir/__/pico-sdk/src/rp2_common/pico_float/float_aeabi.S.obj
                0x1000481c                __wrap_cosf
 .text.__wrap_sinf
                0x10004840       0x24 CMakeFiles/Cat_Dog_Arducam_float32.dir/__/pico-sdk/src/rp2_common/pico_float/float_aeabi.S.obj
                0x10004840                __wrap_sinf
 .text.__wrap_expf
                0x10004864        0xc CMakeFiles/Cat_Dog_Arducam_float32.dir/__/pico-sdk/src/rp2_common/pico_float/float_aeabi.S.obj
                0x10004864                __wrap_expf
 .text.__wrap_logf
                0x10004870        0xc CMakeFiles/Cat_Dog_Arducam_float32.dir/__/pico-sdk/src/rp2_common/pico_float/float_aeabi.S.obj
                0x10004870                __wrap_logf
 .text.__aeabi_float_init
                0x1000487c       0x64 CMakeFiles/Cat_Dog_Arducam_float32.dir/__/pico-sdk/src/rp2_common/pico_float/float_init_rom.c.obj
                0x1000487c                __aeabi_float_init
 .text.__wrap_roundf
                0x100048e0       0x3c CMakeFiles/Cat_Dog_Arducam_float32.dir/__/pico-sdk/src/rp2_common/pico_float/float_math.c.obj
                0x100048e0                __wrap_roundf
 .text.__wrap_floorf
                0x1000491c       0x40 CMakeFiles/Cat_Dog_Arducam_float32.dir/__/pico-sdk/src/rp2_common/pico_float/float_math.c.obj
                0x1000491c                __wrap_floorf
 .text.__wrap_ceilf
                0x1000495c       0x44 CMakeFiles/Cat_Dog_Arducam_float32.dir/__/pico-sdk/src/rp2_common/pico_float/float_math.c.obj
                0x1000495c                __wrap_ceilf
 .text.__wrap_tanhf
                0x100049a0       0x4c CMakeFiles/Cat_Dog_Arducam_float32.dir/__/pico-sdk/src/rp2_common/pico_float/float_math.c.obj
                0x100049a0                __wrap_tanhf
 .text.__wrap_remquof
                0x100049ec      0x14c CMakeFiles/Cat_Dog_Arducam_float32.dir/__/pico-sdk/src/rp2_common/pico_float/float_math.c.obj
                0x100049ec                __wrap_remquof
 .text.__wrap_remainderf
                0x10004b38        0xc CMakeFiles/Cat_Dog_Arducam_float32.dir/__/pico-sdk/src/rp2_common/pico_float/float_math.c.obj
                0x10004b38                __wrap_remainderf
 .text.float_table_shim_on_use_helper
                0x10004b44       0x2c CMakeFiles/Cat_Dog_Arducam_float32.dir/__/pico-sdk/src/rp2_common/pico_float/float_v1_rom_shim.S.obj
                0x10004b44                float_table_shim_on_use_helper
 .text.float232_shims
                0x10004b70       0x18 CMakeFiles/Cat_Dog_Arducam_float32.dir/__/pico-sdk/src/rp2_common/pico_float/float_v1_rom_shim.S.obj
                0x10004b70                float2int_shim
                0x10004b72                float2fix_shim
 .text.float2double_shim
                0x10004b88       0x30 CMakeFiles/Cat_Dog_Arducam_float32.dir/__/pico-sdk/src/rp2_common/pico_float/float_v1_rom_shim.S.obj
                0x10004b88                float2double_shim
 .text.__wrap_malloc
                0x10004bb8        0x8 CMakeFiles/Cat_Dog_Arducam_float32.dir/__/pico-sdk/src/rp2_common/pico_malloc/pico_malloc.c.obj
                0x10004bb8                __wrap_malloc
 .text.__wrap_calloc
                0x10004bc0        0x8 CMakeFiles/Cat_Dog_Arducam_float32.dir/__/pico-sdk/src/rp2_common/pico_malloc/pico_malloc.c.obj
                0x10004bc0                __wrap_calloc
 .text.__wrap_free
                0x10004bc8        0x8 CMakeFiles/Cat_Dog_Arducam_float32.dir/__/pico-sdk/src/rp2_common/pico_malloc/pico_malloc.c.obj
                0x10004bc8                __wrap_free
 .text          0x10004bd0       0x10 CMakeFiles/Cat_Dog_Arducam_float32.dir/__/pico-sdk/src/rp2_common/pico_mem_ops/mem_ops_aeabi.S.obj
                0x10004bd0                __aeabi_mem_init
 .text.memset   0x10004be0        0xc CMakeFiles/Cat_Dog_Arducam_float32.dir/__/pico-sdk/src/rp2_common/pico_mem_ops/mem_ops_aeabi.S.obj
                0x10004be0                __wrap_memset
 .text.memcpy   0x10004bec        0xc CMakeFiles/Cat_Dog_Arducam_float32.dir/__/pico-sdk/src/rp2_common/pico_mem_ops/mem_ops_aeabi.S.obj
                0x10004bec                __wrap_memcpy
                0x10004bec                __wrap___aeabi_memcpy
 .text._ZdlPvj  0x10004bf8        0x8 CMakeFiles/Cat_Dog_Arducam_float32.dir/__/pico-sdk/src/rp2_common/pico_standard_link/new_delete.cpp.obj
                0x10004bf8                operator delete(void*, unsigned int)
 .text.stdio_out_chars_crlf.part.0
                0x10004c00       0xa0 CMakeFiles/Cat_Dog_Arducam_float32.dir/__/pico-sdk/src/rp2_common/pico_stdio/stdio.c.obj
 .text.stdio_buffered_printer
                0x10004ca0       0x78 CMakeFiles/Cat_Dog_Arducam_float32.dir/__/pico-sdk/src/rp2_common/pico_stdio/stdio.c.obj
 .text.stdio_put_string.isra.0
                0x10004d18       0xf8 CMakeFiles/Cat_Dog_Arducam_float32.dir/__/pico-sdk/src/rp2_common/pico_stdio/stdio.c.obj
 .text.__wrap_putchar
                0x10004e10       0x1c CMakeFiles/Cat_Dog_Arducam_float32.dir/__/pico-sdk/src/rp2_common/pico_stdio/stdio.c.obj
                0x10004e10                __wrap_putchar
 .text.__wrap_puts
                0x10004e2c       0x3c CMakeFiles/Cat_Dog_Arducam_float32.dir/__/pico-sdk/src/rp2_common/pico_stdio/stdio.c.obj
                0x10004e2c                __wrap_puts
 .text._read    0x10004e68       0xbc CMakeFiles/Cat_Dog_Arducam_float32.dir/__/pico-sdk/src/rp2_common/pico_stdio/stdio.c.obj
                0x10004e68                _read
 .text._write   0x10004f24       0x20 CMakeFiles/Cat_Dog_Arducam_float32.dir/__/pico-sdk/src/rp2_common/pico_stdio/stdio.c.obj
                0x10004f24                _write
 .text.stdio_set_driver_enabled
                0x10004f44       0x3c CMakeFiles/Cat_Dog_Arducam_float32.dir/__/pico-sdk/src/rp2_common/pico_stdio/stdio.c.obj
                0x10004f44                stdio_set_driver_enabled
 .text.__wrap_vprintf
                0x10004f80       0xe8 CMakeFiles/Cat_Dog_Arducam_float32.dir/__/pico-sdk/src/rp2_common/pico_stdio/stdio.c.obj
                0x10004f80                __wrap_vprintf
 .text.__wrap_printf
                0x10005068       0x18 CMakeFiles/Cat_Dog_Arducam_float32.dir/__/pico-sdk/src/rp2_common/pico_stdio/stdio.c.obj
                0x10005068                __wrap_printf
 .text.stdio_init_all
                0x10005080        0xc CMakeFiles/Cat_Dog_Arducam_float32.dir/__/pico-sdk/src/rp2_common/pico_stdio/stdio.c.obj
                0x10005080                stdio_init_all
 .text.stdio_uart_out_chars
                0x1000508c       0x3c CMakeFiles/Cat_Dog_Arducam_float32.dir/__/pico-sdk/src/rp2_common/pico_stdio_uart/stdio_uart.c.obj
 .text.stdio_uart_in_chars
                0x100050c8       0x38 CMakeFiles/Cat_Dog_Arducam_float32.dir/__/pico-sdk/src/rp2_common/pico_stdio_uart/stdio_uart.c.obj
                0x100050c8                stdio_uart_in_chars
 .text.stdio_uart_init
                0x10005100       0x40 CMakeFiles/Cat_Dog_Arducam_float32.dir/__/pico-sdk/src/rp2_common/pico_stdio_uart/stdio_uart.c.obj
                0x10005100                stdio_uart_init
 .text.stdio_usb_in_chars
                0x10005140       0x68 CMakeFiles/Cat_Dog_Arducam_float32.dir/__/pico-sdk/src/rp2_common/pico_stdio_usb/stdio_usb.c.obj
                0x10005140                stdio_usb_in_chars
 .text.stdio_usb_out_chars
                0x100051a8       0xe4 CMakeFiles/Cat_Dog_Arducam_float32.dir/__/pico-sdk/src/rp2_common/pico_stdio_usb/stdio_usb.c.obj
 .text.timer_task
                0x1000528c       0x10 CMakeFiles/Cat_Dog_Arducam_float32.dir/__/pico-sdk/src/rp2_common/pico_stdio_usb/stdio_usb.c.obj
 .text.low_priority_worker_irq
                0x1000529c       0x24 CMakeFiles/Cat_Dog_Arducam_float32.dir/__/pico-sdk/src/rp2_common/pico_stdio_usb/stdio_usb.c.obj
 .text.stdio_usb_init
                0x100052c0       0x90 CMakeFiles/Cat_Dog_Arducam_float32.dir/__/pico-sdk/src/rp2_common/pico_stdio_usb/stdio_usb.c.obj
                0x100052c0                stdio_usb_init
 .text.tud_descriptor_device_cb
                0x10005350        0x8 CMakeFiles/Cat_Dog_Arducam_float32.dir/__/pico-sdk/src/rp2_common/pico_stdio_usb/stdio_usb_descriptors.c.obj
                0x10005350                tud_descriptor_device_cb
 .text.tud_descriptor_configuration_cb
                0x10005358        0x8 CMakeFiles/Cat_Dog_Arducam_float32.dir/__/pico-sdk/src/rp2_common/pico_stdio_usb/stdio_usb_descriptors.c.obj
                0x10005358                tud_descriptor_configuration_cb
 .text.tud_descriptor_string_cb
                0x10005360       0x5c CMakeFiles/Cat_Dog_Arducam_float32.dir/__/pico-sdk/src/rp2_common/pico_stdio_usb/stdio_usb_descriptors.c.obj
                0x10005360                tud_descriptor_string_cb
 .text.dcd_rp2040_irq
                0x100053bc      0x134 CMakeFiles/Cat_Dog_Arducam_float32.dir/__/pico-sdk/lib/tinyusb/src/portable/raspberrypi/rp2040/dcd_rp2040.c.obj
 .text.dcd_int_enable
                0x100054f0        0xc CMakeFiles/Cat_Dog_Arducam_float32.dir/__/pico-sdk/lib/tinyusb/src/portable/raspberrypi/rp2040/dcd_rp2040.c.obj
                0x100054f0                dcd_int_enable
 .text.dcd_set_address
                0x100054fc       0x30 CMakeFiles/Cat_Dog_Arducam_float32.dir/__/pico-sdk/lib/tinyusb/src/portable/raspberrypi/rp2040/dcd_rp2040.c.obj
                0x100054fc                dcd_set_address
 .text.dcd_connect
                0x1000552c       0x10 CMakeFiles/Cat_Dog_Arducam_float32.dir/__/pico-sdk/lib/tinyusb/src/portable/raspberrypi/rp2040/dcd_rp2040.c.obj
                0x1000552c                dcd_connect
 .text.dcd_init
                0x1000553c       0xa4 CMakeFiles/Cat_Dog_Arducam_float32.dir/__/pico-sdk/lib/tinyusb/src/portable/raspberrypi/rp2040/dcd_rp2040.c.obj
                0x1000553c                dcd_init
 .text.dcd_edpt0_status_complete
                0x100055e0       0x38 CMakeFiles/Cat_Dog_Arducam_float32.dir/__/pico-sdk/lib/tinyusb/src/portable/raspberrypi/rp2040/dcd_rp2040.c.obj
                0x100055e0                dcd_edpt0_status_complete
 .text.dcd_edpt_open
                0x10005618      0x14c CMakeFiles/Cat_Dog_Arducam_float32.dir/__/pico-sdk/lib/tinyusb/src/portable/raspberrypi/rp2040/dcd_rp2040.c.obj
                0x10005618                dcd_edpt_open
 .text.dcd_edpt_xfer
                0x10005764       0x2c CMakeFiles/Cat_Dog_Arducam_float32.dir/__/pico-sdk/lib/tinyusb/src/portable/raspberrypi/rp2040/dcd_rp2040.c.obj
                0x10005764                dcd_edpt_xfer
 .text.dcd_edpt_stall
                0x10005790       0x50 CMakeFiles/Cat_Dog_Arducam_float32.dir/__/pico-sdk/lib/tinyusb/src/portable/raspberrypi/rp2040/dcd_rp2040.c.obj
                0x10005790                dcd_edpt_stall
 .text.dcd_edpt_clear_stall
                0x100057e0       0x50 CMakeFiles/Cat_Dog_Arducam_float32.dir/__/pico-sdk/lib/tinyusb/src/portable/raspberrypi/rp2040/dcd_rp2040.c.obj
                0x100057e0                dcd_edpt_clear_stall
 .text._hw_endpoint_buffer_control_update32.part.0.isra.0
                0x10005830       0x18 CMakeFiles/Cat_Dog_Arducam_float32.dir/__/pico-sdk/lib/tinyusb/src/portable/raspberrypi/rp2040/rp2040_usb.c.obj
 .text.rp2040_usb_init
                0x10005848       0x50 CMakeFiles/Cat_Dog_Arducam_float32.dir/__/pico-sdk/lib/tinyusb/src/portable/raspberrypi/rp2040/rp2040_usb.c.obj
                0x10005848                rp2040_usb_init
 .text.hw_endpoint_reset_transfer
                0x10005898       0x14 CMakeFiles/Cat_Dog_Arducam_float32.dir/__/pico-sdk/lib/tinyusb/src/portable/raspberrypi/rp2040/rp2040_usb.c.obj
                0x10005898                hw_endpoint_reset_transfer
 .text._hw_endpoint_buffer_control_update32
                0x100058ac       0x44 CMakeFiles/Cat_Dog_Arducam_float32.dir/__/pico-sdk/lib/tinyusb/src/portable/raspberrypi/rp2040/rp2040_usb.c.obj
                0x100058ac                _hw_endpoint_buffer_control_update32
 .text._hw_endpoint_xfer_continue
                0x100058f0      0x100 CMakeFiles/Cat_Dog_Arducam_float32.dir/__/pico-sdk/lib/tinyusb/src/portable/raspberrypi/rp2040/rp2040_usb.c.obj
                0x100058f0                _hw_endpoint_xfer_continue
 .text._hw_endpoint_xfer
                0x100059f0       0xb0 CMakeFiles/Cat_Dog_Arducam_float32.dir/__/pico-sdk/lib/tinyusb/src/portable/raspberrypi/rp2040/rp2040_usb.c.obj
                0x100059f0                _hw_endpoint_xfer
 .text.tud_mounted
                0x10005aa0       0x10 CMakeFiles/Cat_Dog_Arducam_float32.dir/__/pico-sdk/lib/tinyusb/src/device/usbd.c.obj
                0x10005aa0                tud_mounted
 .text.tud_suspended
                0x10005ab0       0x10 CMakeFiles/Cat_Dog_Arducam_float32.dir/__/pico-sdk/lib/tinyusb/src/device/usbd.c.obj
                0x10005ab0                tud_suspended
 .text.tud_init
                0x10005ac0       0xb0 CMakeFiles/Cat_Dog_Arducam_float32.dir/__/pico-sdk/lib/tinyusb/src/device/usbd.c.obj
                0x10005ac0                tud_init
 .text.tud_task
                0x10005b70      0x804 CMakeFiles/Cat_Dog_Arducam_float32.dir/__/pico-sdk/lib/tinyusb/src/device/usbd.c.obj
                0x10005b70                tud_task
 .text.dcd_event_bus_signal
                0x10006374       0xe0 CMakeFiles/Cat_Dog_Arducam_float32.dir/__/pico-sdk/lib/tinyusb/src/device/usbd.c.obj
                0x10006374                dcd_event_bus_signal
 .text.dcd_event_setup_received
                0x10006454       0x50 CMakeFiles/Cat_Dog_Arducam_float32.dir/__/pico-sdk/lib/tinyusb/src/device/usbd.c.obj
                0x10006454                dcd_event_setup_received
 .text.dcd_event_xfer_complete
                0x100064a4       0x68 CMakeFiles/Cat_Dog_Arducam_float32.dir/__/pico-sdk/lib/tinyusb/src/device/usbd.c.obj
                0x100064a4                dcd_event_xfer_complete
 .text.usbd_open_edpt_pair
                0x1000650c       0x68 CMakeFiles/Cat_Dog_Arducam_float32.dir/__/pico-sdk/lib/tinyusb/src/device/usbd.c.obj
                0x1000650c                usbd_open_edpt_pair
 .text.usbd_edpt_open
                0x10006574        0x8 CMakeFiles/Cat_Dog_Arducam_float32.dir/__/pico-sdk/lib/tinyusb/src/device/usbd.c.obj
                0x10006574                usbd_edpt_open
 .text.usbd_edpt_claim
                0x1000657c       0x64 CMakeFiles/Cat_Dog_Arducam_float32.dir/__/pico-sdk/lib/tinyusb/src/device/usbd.c.obj
                0x1000657c                usbd_edpt_claim
 .text.usbd_edpt_release
                0x100065e0       0x4c CMakeFiles/Cat_Dog_Arducam_float32.dir/__/pico-sdk/lib/tinyusb/src/device/usbd.c.obj
                0x100065e0                usbd_edpt_release
 .text.usbd_edpt_xfer
                0x1000662c       0x48 CMakeFiles/Cat_Dog_Arducam_float32.dir/__/pico-sdk/lib/tinyusb/src/device/usbd.c.obj
                0x1000662c                usbd_edpt_xfer
 .text.tud_control_status
                0x10006674       0x30 CMakeFiles/Cat_Dog_Arducam_float32.dir/__/pico-sdk/lib/tinyusb/src/device/usbd_control.c.obj
                0x10006674                tud_control_status
 .text.tud_control_xfer
                0x100066a4       0xbc CMakeFiles/Cat_Dog_Arducam_float32.dir/__/pico-sdk/lib/tinyusb/src/device/usbd_control.c.obj
                0x100066a4                tud_control_xfer
 .text.usbd_control_reset
                0x10006760       0x14 CMakeFiles/Cat_Dog_Arducam_float32.dir/__/pico-sdk/lib/tinyusb/src/device/usbd_control.c.obj
                0x10006760                usbd_control_reset
 .text.usbd_control_set_complete_callback
                0x10006774        0xc CMakeFiles/Cat_Dog_Arducam_float32.dir/__/pico-sdk/lib/tinyusb/src/device/usbd_control.c.obj
                0x10006774                usbd_control_set_complete_callback
 .text.usbd_control_set_request
                0x10006780       0x1c CMakeFiles/Cat_Dog_Arducam_float32.dir/__/pico-sdk/lib/tinyusb/src/device/usbd_control.c.obj
                0x10006780                usbd_control_set_request
 .text.usbd_control_xfer_cb
                0x1000679c       0xec CMakeFiles/Cat_Dog_Arducam_float32.dir/__/pico-sdk/lib/tinyusb/src/device/usbd_control.c.obj
                0x1000679c                usbd_control_xfer_cb
 .text.tud_cdc_n_connected
                0x10006888       0x34 CMakeFiles/Cat_Dog_Arducam_float32.dir/__/pico-sdk/lib/tinyusb/src/class/cdc/cdc_device.c.obj
                0x10006888                tud_cdc_n_connected
 .text.tud_cdc_n_available
                0x100068bc       0x1c CMakeFiles/Cat_Dog_Arducam_float32.dir/__/pico-sdk/lib/tinyusb/src/class/cdc/cdc_device.c.obj
                0x100068bc                tud_cdc_n_available
 .text.tud_cdc_n_read
                0x100068d8       0x74 CMakeFiles/Cat_Dog_Arducam_float32.dir/__/pico-sdk/lib/tinyusb/src/class/cdc/cdc_device.c.obj
                0x100068d8                tud_cdc_n_read
 .text.tud_cdc_n_write_flush
                0x1000694c       0xa4 CMakeFiles/Cat_Dog_Arducam_float32.dir/__/pico-sdk/lib/tinyusb/src/class/cdc/cdc_device.c.obj
                0x1000694c                tud_cdc_n_write_flush
 .text.tud_cdc_n_write
                0x100069f0       0x38 CMakeFiles/Cat_Dog_Arducam_float32.dir/__/pico-sdk/lib/tinyusb/src/class/cdc/cdc_device.c.obj
                0x100069f0                tud_cdc_n_write
 .text.tud_cdc_n_write_available
                0x10006a28       0x1c CMakeFiles/Cat_Dog_Arducam_float32.dir/__/pico-sdk/lib/tinyusb/src/class/cdc/cdc_device.c.obj
                0x10006a28                tud_cdc_n_write_available
 .text.cdcd_init
                0x10006a44       0x78 CMakeFiles/Cat_Dog_Arducam_float32.dir/__/pico-sdk/lib/tinyusb/src/class/cdc/cdc_device.c.obj
                0x10006a44                cdcd_init
 .text.cdcd_reset
                0x10006abc       0x24 CMakeFiles/Cat_Dog_Arducam_float32.dir/__/pico-sdk/lib/tinyusb/src/class/cdc/cdc_device.c.obj
                0x10006abc                cdcd_reset
 .text.cdcd_open
                0x10006ae0       0xec CMakeFiles/Cat_Dog_Arducam_float32.dir/__/pico-sdk/lib/tinyusb/src/class/cdc/cdc_device.c.obj
                0x10006ae0                cdcd_open
 .text.cdcd_control_complete
                0x10006bcc       0x44 CMakeFiles/Cat_Dog_Arducam_float32.dir/__/pico-sdk/lib/tinyusb/src/class/cdc/cdc_device.c.obj
                0x10006bcc                cdcd_control_complete
 .text.cdcd_control_request
                0x10006c10       0x68 CMakeFiles/Cat_Dog_Arducam_float32.dir/__/pico-sdk/lib/tinyusb/src/class/cdc/cdc_device.c.obj
                0x10006c10                cdcd_control_request
 .text.cdcd_xfer_cb
                0x10006c78      0x154 CMakeFiles/Cat_Dog_Arducam_float32.dir/__/pico-sdk/lib/tinyusb/src/class/cdc/cdc_device.c.obj
                0x10006c78                cdcd_xfer_cb
 .text.tusb_init
                0x10006dcc       0x20 CMakeFiles/Cat_Dog_Arducam_float32.dir/__/pico-sdk/lib/tinyusb/src/tusb.c.obj
                0x10006dcc                tusb_init
 .text.tusb_inited
                0x10006dec        0xc CMakeFiles/Cat_Dog_Arducam_float32.dir/__/pico-sdk/lib/tinyusb/src/tusb.c.obj
                0x10006dec                tusb_inited
 .text.tu_fifo_config
                0x10006df8       0x78 CMakeFiles/Cat_Dog_Arducam_float32.dir/__/pico-sdk/lib/tinyusb/src/common/tusb_fifo.c.obj
                0x10006df8                tu_fifo_config
 .text.tu_fifo_count
                0x10006e70       0x18 CMakeFiles/Cat_Dog_Arducam_float32.dir/__/pico-sdk/lib/tinyusb/src/common/tusb_fifo.c.obj
                0x10006e70                tu_fifo_count
 .text.tu_fifo_remaining
                0x10006e88       0x1c CMakeFiles/Cat_Dog_Arducam_float32.dir/__/pico-sdk/lib/tinyusb/src/common/tusb_fifo.c.obj
                0x10006e88                tu_fifo_remaining
 .text.tu_fifo_read
                0x10006ea4       0xa8 CMakeFiles/Cat_Dog_Arducam_float32.dir/__/pico-sdk/lib/tinyusb/src/common/tusb_fifo.c.obj
                0x10006ea4                tu_fifo_read
 .text.tu_fifo_read_n
                0x10006f4c       0xfc CMakeFiles/Cat_Dog_Arducam_float32.dir/__/pico-sdk/lib/tinyusb/src/common/tusb_fifo.c.obj
                0x10006f4c                tu_fifo_read_n
 .text.tu_fifo_write
                0x10007048       0x84 CMakeFiles/Cat_Dog_Arducam_float32.dir/__/pico-sdk/lib/tinyusb/src/common/tusb_fifo.c.obj
                0x10007048                tu_fifo_write
 .text.tu_fifo_write_n
                0x100070cc       0xfc CMakeFiles/Cat_Dog_Arducam_float32.dir/__/pico-sdk/lib/tinyusb/src/common/tusb_fifo.c.obj
                0x100070cc                tu_fifo_write_n
 .text.tu_fifo_clear
                0x100071c8       0x2c CMakeFiles/Cat_Dog_Arducam_float32.dir/__/pico-sdk/lib/tinyusb/src/common/tusb_fifo.c.obj
                0x100071c8                tu_fifo_clear
 .text.i2c_init
                0x100071f4       0xa8 CMakeFiles/Cat_Dog_Arducam_float32.dir/__/pico-sdk/src/rp2_common/hardware_i2c/i2c.c.obj
                0x100071f4                i2c_init
 .text.i2c_write_blocking
                0x1000729c       0xa0 CMakeFiles/Cat_Dog_Arducam_float32.dir/__/pico-sdk/src/rp2_common/hardware_i2c/i2c.c.obj
                0x1000729c                i2c_write_blocking
 .text.i2c_read_blocking
                0x1000733c       0xb0 CMakeFiles/Cat_Dog_Arducam_float32.dir/__/pico-sdk/src/rp2_common/hardware_i2c/i2c.c.obj
                0x1000733c                i2c_read_blocking
 .text.spi_init
                0x100073ec       0xe8 CMakeFiles/Cat_Dog_Arducam_float32.dir/__/pico-sdk/src/rp2_common/hardware_spi/spi.c.obj
                0x100073ec                spi_init
 .text.TfLiteIntArrayGetSizeInBytes
                0x100074d4        0x8 CMakeFiles/Cat_Dog_Arducam_float32.dir/__/pico-tflmicro/src/tensorflow/lite/c/common.c.obj
                0x100074d4                TfLiteIntArrayGetSizeInBytes
 .text.TfLiteIntArrayEqual
                0x100074dc       0x3c CMakeFiles/Cat_Dog_Arducam_float32.dir/__/pico-tflmicro/src/tensorflow/lite/c/common.c.obj
                0x100074dc                TfLiteIntArrayEqual
 .text.TfLiteTypeGetName
                0x10007518       0x18 CMakeFiles/Cat_Dog_Arducam_float32.dir/__/pico-tflmicro/src/tensorflow/lite/c/common.c.obj
                0x10007518                TfLiteTypeGetName
 .text._ZN6tflite13ErrorReporter6ReportEPKcz
                0x10007530       0x1c CMakeFiles/Cat_Dog_Arducam_float32.dir/__/pico-tflmicro/src/tensorflow/lite/core/api/error_reporter.cpp.obj
                0x10007530                tflite::ErrorReporter::Report(char const*, ...)
 .text._ZN6tflite13ErrorReporter11ReportErrorEPvPKcz
                0x1000754c       0x1c CMakeFiles/Cat_Dog_Arducam_float32.dir/__/pico-tflmicro/src/tensorflow/lite/core/api/error_reporter.cpp.obj
                0x1000754c                tflite::ErrorReporter::ReportError(void*, char const*, ...)
 .text._ZN6tflite17ConvertTensorTypeENS_10TensorTypeEP10TfLiteTypePNS_13ErrorReporterE
                0x10007568       0x90 CMakeFiles/Cat_Dog_Arducam_float32.dir/__/pico-tflmicro/src/tensorflow/lite/core/api/flatbuffer_conversions.cpp.obj
                0x10007568                tflite::ConvertTensorType(tflite::TensorType, TfLiteType*, tflite::ErrorReporter*)
 .text._ZN6tflite8ParseAbsEPKNS_8OperatorEPNS_13ErrorReporterEPNS_20BuiltinDataAllocatorEPPv
                0x100075f8        0x4 CMakeFiles/Cat_Dog_Arducam_float32.dir/__/pico-tflmicro/src/tensorflow/lite/core/api/flatbuffer_conversions.cpp.obj
                0x100075f8                tflite::ParseAbs(tflite::Operator const*, tflite::ErrorReporter*, tflite::BuiltinDataAllocator*, void**)
 .text._ZN6tflite8ParseAddEPKNS_8OperatorEPNS_13ErrorReporterEPNS_20BuiltinDataAllocatorEPPv
                0x100075fc       0xa0 CMakeFiles/Cat_Dog_Arducam_float32.dir/__/pico-tflmicro/src/tensorflow/lite/core/api/flatbuffer_conversions.cpp.obj
                0x100075fc                tflite::ParseAdd(tflite::Operator const*, tflite::ErrorReporter*, tflite::BuiltinDataAllocator*, void**)
 .text._ZN6tflite11ParseArgMaxEPKNS_8OperatorEPNS_13ErrorReporterEPNS_20BuiltinDataAllocatorEPPv
                0x1000769c       0x80 CMakeFiles/Cat_Dog_Arducam_float32.dir/__/pico-tflmicro/src/tensorflow/lite/core/api/flatbuffer_conversions.cpp.obj
                0x1000769c                tflite::ParseArgMax(tflite::Operator const*, tflite::ErrorReporter*, tflite::BuiltinDataAllocator*, void**)
 .text._ZN6tflite11ParseArgMinEPKNS_8OperatorEPNS_13ErrorReporterEPNS_20BuiltinDataAllocatorEPPv
                0x1000771c       0x80 CMakeFiles/Cat_Dog_Arducam_float32.dir/__/pico-tflmicro/src/tensorflow/lite/core/api/flatbuffer_conversions.cpp.obj
                0x1000771c                tflite::ParseArgMin(tflite::Operator const*, tflite::ErrorReporter*, tflite::BuiltinDataAllocator*, void**)
 .text._ZN6tflite9ParseCeilEPKNS_8OperatorEPNS_13ErrorReporterEPNS_20BuiltinDataAllocatorEPPv
                0x1000779c        0x4 CMakeFiles/Cat_Dog_Arducam_float32.dir/__/pico-tflmicro/src/tensorflow/lite/core/api/flatbuffer_conversions.cpp.obj
                0x1000779c                tflite::ParseCeil(tflite::Operator const*, tflite::ErrorReporter*, tflite::BuiltinDataAllocator*, void**)
 .text._ZN6tflite18ParseConcatenationEPKNS_8OperatorEPNS_13ErrorReporterEPNS_20BuiltinDataAllocatorEPPv
                0x100077a0       0x74 CMakeFiles/Cat_Dog_Arducam_float32.dir/__/pico-tflmicro/src/tensorflow/lite/core/api/flatbuffer_conversions.cpp.obj
                0x100077a0                tflite::ParseConcatenation(tflite::Operator const*, tflite::ErrorReporter*, tflite::BuiltinDataAllocator*, void**)
 .text._ZN6tflite11ParseConv2DEPKNS_8OperatorEPNS_13ErrorReporterEPNS_20BuiltinDataAllocatorEPPv
                0x10007814       0xd8 CMakeFiles/Cat_Dog_Arducam_float32.dir/__/pico-tflmicro/src/tensorflow/lite/core/api/flatbuffer_conversions.cpp.obj
                0x10007814                tflite::ParseConv2D(tflite::Operator const*, tflite::ErrorReporter*, tflite::BuiltinDataAllocator*, void**)
 .text._ZN6tflite8ParseCosEPKNS_8OperatorEPNS_13ErrorReporterEPNS_20BuiltinDataAllocatorEPPv
                0x100078ec        0x4 CMakeFiles/Cat_Dog_Arducam_float32.dir/__/pico-tflmicro/src/tensorflow/lite/core/api/flatbuffer_conversions.cpp.obj
                0x100078ec                tflite::ParseCos(tflite::Operator const*, tflite::ErrorReporter*, tflite::BuiltinDataAllocator*, void**)
 .text._ZN6tflite20ParseDepthwiseConv2DEPKNS_8OperatorEPNS_13ErrorReporterEPNS_20BuiltinDataAllocatorEPPv
                0x100078f0       0xf0 CMakeFiles/Cat_Dog_Arducam_float32.dir/__/pico-tflmicro/src/tensorflow/lite/core/api/flatbuffer_conversions.cpp.obj
                0x100078f0                tflite::ParseDepthwiseConv2D(tflite::Operator const*, tflite::ErrorReporter*, tflite::BuiltinDataAllocator*, void**)
 .text._ZN6tflite15ParseDequantizeEPKNS_8OperatorEPNS_13ErrorReporterEPNS_20BuiltinDataAllocatorEPPv
                0x100079e0        0x4 CMakeFiles/Cat_Dog_Arducam_float32.dir/__/pico-tflmicro/src/tensorflow/lite/core/api/flatbuffer_conversions.cpp.obj
                0x100079e0                tflite::ParseDequantize(tflite::Operator const*, tflite::ErrorReporter*, tflite::BuiltinDataAllocator*, void**)
 .text._ZN6tflite10ParseEqualEPKNS_8OperatorEPNS_13ErrorReporterEPNS_20BuiltinDataAllocatorEPPv
                0x100079e4        0x4 CMakeFiles/Cat_Dog_Arducam_float32.dir/__/pico-tflmicro/src/tensorflow/lite/core/api/flatbuffer_conversions.cpp.obj
                0x100079e4                tflite::ParseEqual(tflite::Operator const*, tflite::ErrorReporter*, tflite::BuiltinDataAllocator*, void**)
 .text._ZN6tflite10ParseFloorEPKNS_8OperatorEPNS_13ErrorReporterEPNS_20BuiltinDataAllocatorEPPv
                0x100079e8        0x4 CMakeFiles/Cat_Dog_Arducam_float32.dir/__/pico-tflmicro/src/tensorflow/lite/core/api/flatbuffer_conversions.cpp.obj
                0x100079e8                tflite::ParseFloor(tflite::Operator const*, tflite::ErrorReporter*, tflite::BuiltinDataAllocator*, void**)
 .text._ZN6tflite19ParseFullyConnectedEPKNS_8OperatorEPNS_13ErrorReporterEPNS_20BuiltinDataAllocatorEPPv
                0x100079ec      0x100 CMakeFiles/Cat_Dog_Arducam_float32.dir/__/pico-tflmicro/src/tensorflow/lite/core/api/flatbuffer_conversions.cpp.obj
                0x100079ec                tflite::ParseFullyConnected(tflite::Operator const*, tflite::ErrorReporter*, tflite::BuiltinDataAllocator*, void**)
 .text._ZN6tflite12ParseGreaterEPKNS_8OperatorEPNS_13ErrorReporterEPNS_20BuiltinDataAllocatorEPPv
                0x10007aec        0x4 CMakeFiles/Cat_Dog_Arducam_float32.dir/__/pico-tflmicro/src/tensorflow/lite/core/api/flatbuffer_conversions.cpp.obj
                0x10007aec                tflite::ParseGreater(tflite::Operator const*, tflite::ErrorReporter*, tflite::BuiltinDataAllocator*, void**)
 .text._ZN6tflite17ParseGreaterEqualEPKNS_8OperatorEPNS_13ErrorReporterEPNS_20BuiltinDataAllocatorEPPv
                0x10007af0        0x4 CMakeFiles/Cat_Dog_Arducam_float32.dir/__/pico-tflmicro/src/tensorflow/lite/core/api/flatbuffer_conversions.cpp.obj
                0x10007af0                tflite::ParseGreaterEqual(tflite::Operator const*, tflite::ErrorReporter*, tflite::BuiltinDataAllocator*, void**)
 .text._ZN6tflite14ParseHardSwishEPKNS_8OperatorEPNS_13ErrorReporterEPNS_20BuiltinDataAllocatorEPPv
                0x10007af4        0x4 CMakeFiles/Cat_Dog_Arducam_float32.dir/__/pico-tflmicro/src/tensorflow/lite/core/api/flatbuffer_conversions.cpp.obj
                0x10007af4                tflite::ParseHardSwish(tflite::Operator const*, tflite::ErrorReporter*, tflite::BuiltinDataAllocator*, void**)
 .text._ZN6tflite20ParseL2NormalizationEPKNS_8OperatorEPNS_13ErrorReporterEPNS_20BuiltinDataAllocatorEPPv
                0x10007af8       0x68 CMakeFiles/Cat_Dog_Arducam_float32.dir/__/pico-tflmicro/src/tensorflow/lite/core/api/flatbuffer_conversions.cpp.obj
                0x10007af8                tflite::ParseL2Normalization(tflite::Operator const*, tflite::ErrorReporter*, tflite::BuiltinDataAllocator*, void**)
 .text._ZN6tflite9ParseLessEPKNS_8OperatorEPNS_13ErrorReporterEPNS_20BuiltinDataAllocatorEPPv
                0x10007b60        0x4 CMakeFiles/Cat_Dog_Arducam_float32.dir/__/pico-tflmicro/src/tensorflow/lite/core/api/flatbuffer_conversions.cpp.obj
                0x10007b60                tflite::ParseLess(tflite::Operator const*, tflite::ErrorReporter*, tflite::BuiltinDataAllocator*, void**)
 .text._ZN6tflite14ParseLessEqualEPKNS_8OperatorEPNS_13ErrorReporterEPNS_20BuiltinDataAllocatorEPPv
                0x10007b64        0x4 CMakeFiles/Cat_Dog_Arducam_float32.dir/__/pico-tflmicro/src/tensorflow/lite/core/api/flatbuffer_conversions.cpp.obj
                0x10007b64                tflite::ParseLessEqual(tflite::Operator const*, tflite::ErrorReporter*, tflite::BuiltinDataAllocator*, void**)
 .text._ZN6tflite8ParseLogEPKNS_8OperatorEPNS_13ErrorReporterEPNS_20BuiltinDataAllocatorEPPv
                0x10007b68        0x4 CMakeFiles/Cat_Dog_Arducam_float32.dir/__/pico-tflmicro/src/tensorflow/lite/core/api/flatbuffer_conversions.cpp.obj
                0x10007b68                tflite::ParseLog(tflite::Operator const*, tflite::ErrorReporter*, tflite::BuiltinDataAllocator*, void**)
 .text._ZN6tflite15ParseLogicalAndEPKNS_8OperatorEPNS_13ErrorReporterEPNS_20BuiltinDataAllocatorEPPv
                0x10007b6c        0x4 CMakeFiles/Cat_Dog_Arducam_float32.dir/__/pico-tflmicro/src/tensorflow/lite/core/api/flatbuffer_conversions.cpp.obj
                0x10007b6c                tflite::ParseLogicalAnd(tflite::Operator const*, tflite::ErrorReporter*, tflite::BuiltinDataAllocator*, void**)
 .text._ZN6tflite15ParseLogicalNotEPKNS_8OperatorEPNS_13ErrorReporterEPNS_20BuiltinDataAllocatorEPPv
                0x10007b70        0x4 CMakeFiles/Cat_Dog_Arducam_float32.dir/__/pico-tflmicro/src/tensorflow/lite/core/api/flatbuffer_conversions.cpp.obj
                0x10007b70                tflite::ParseLogicalNot(tflite::Operator const*, tflite::ErrorReporter*, tflite::BuiltinDataAllocator*, void**)
 .text._ZN6tflite14ParseLogicalOrEPKNS_8OperatorEPNS_13ErrorReporterEPNS_20BuiltinDataAllocatorEPPv
                0x10007b74        0x4 CMakeFiles/Cat_Dog_Arducam_float32.dir/__/pico-tflmicro/src/tensorflow/lite/core/api/flatbuffer_conversions.cpp.obj
                0x10007b74                tflite::ParseLogicalOr(tflite::Operator const*, tflite::ErrorReporter*, tflite::BuiltinDataAllocator*, void**)
 .text._ZN6tflite13ParseLogisticEPKNS_8OperatorEPNS_13ErrorReporterEPNS_20BuiltinDataAllocatorEPPv
                0x10007b78        0x4 CMakeFiles/Cat_Dog_Arducam_float32.dir/__/pico-tflmicro/src/tensorflow/lite/core/api/flatbuffer_conversions.cpp.obj
                0x10007b78                tflite::ParseLogistic(tflite::Operator const*, tflite::ErrorReporter*, tflite::BuiltinDataAllocator*, void**)
 .text._ZN6tflite12ParseMaximumEPKNS_8OperatorEPNS_13ErrorReporterEPNS_20BuiltinDataAllocatorEPPv
                0x10007b7c        0x4 CMakeFiles/Cat_Dog_Arducam_float32.dir/__/pico-tflmicro/src/tensorflow/lite/core/api/flatbuffer_conversions.cpp.obj
                0x10007b7c                tflite::ParseMaximum(tflite::Operator const*, tflite::ErrorReporter*, tflite::BuiltinDataAllocator*, void**)
 .text._ZN6tflite12ParseMinimumEPKNS_8OperatorEPNS_13ErrorReporterEPNS_20BuiltinDataAllocatorEPPv
                0x10007b80        0x4 CMakeFiles/Cat_Dog_Arducam_float32.dir/__/pico-tflmicro/src/tensorflow/lite/core/api/flatbuffer_conversions.cpp.obj
                0x10007b80                tflite::ParseMinimum(tflite::Operator const*, tflite::ErrorReporter*, tflite::BuiltinDataAllocator*, void**)
 .text._ZN6tflite8ParseMulEPKNS_8OperatorEPNS_13ErrorReporterEPNS_20BuiltinDataAllocatorEPPv
                0x10007b84       0x68 CMakeFiles/Cat_Dog_Arducam_float32.dir/__/pico-tflmicro/src/tensorflow/lite/core/api/flatbuffer_conversions.cpp.obj
                0x10007b84                tflite::ParseMul(tflite::Operator const*, tflite::ErrorReporter*, tflite::BuiltinDataAllocator*, void**)
 .text._ZN6tflite8ParseNegEPKNS_8OperatorEPNS_13ErrorReporterEPNS_20BuiltinDataAllocatorEPPv
                0x10007bec        0x4 CMakeFiles/Cat_Dog_Arducam_float32.dir/__/pico-tflmicro/src/tensorflow/lite/core/api/flatbuffer_conversions.cpp.obj
                0x10007bec                tflite::ParseNeg(tflite::Operator const*, tflite::ErrorReporter*, tflite::BuiltinDataAllocator*, void**)
 .text._ZN6tflite13ParseNotEqualEPKNS_8OperatorEPNS_13ErrorReporterEPNS_20BuiltinDataAllocatorEPPv
                0x10007bf0        0x4 CMakeFiles/Cat_Dog_Arducam_float32.dir/__/pico-tflmicro/src/tensorflow/lite/core/api/flatbuffer_conversions.cpp.obj
                0x10007bf0                tflite::ParseNotEqual(tflite::Operator const*, tflite::ErrorReporter*, tflite::BuiltinDataAllocator*, void**)
 .text._ZN6tflite9ParsePackEPKNS_8OperatorEPNS_13ErrorReporterEPNS_20BuiltinDataAllocatorEPPv
                0x10007bf4       0x70 CMakeFiles/Cat_Dog_Arducam_float32.dir/__/pico-tflmicro/src/tensorflow/lite/core/api/flatbuffer_conversions.cpp.obj
                0x10007bf4                tflite::ParsePack(tflite::Operator const*, tflite::ErrorReporter*, tflite::BuiltinDataAllocator*, void**)
 .text._ZN6tflite8ParsePadEPKNS_8OperatorEPNS_13ErrorReporterEPNS_20BuiltinDataAllocatorEPPv
                0x10007c64        0x4 CMakeFiles/Cat_Dog_Arducam_float32.dir/__/pico-tflmicro/src/tensorflow/lite/core/api/flatbuffer_conversions.cpp.obj
                0x10007c64                tflite::ParsePad(tflite::Operator const*, tflite::ErrorReporter*, tflite::BuiltinDataAllocator*, void**)
 .text._ZN6tflite10ParsePadV2EPKNS_8OperatorEPNS_13ErrorReporterEPNS_20BuiltinDataAllocatorEPPv
                0x10007c68        0x4 CMakeFiles/Cat_Dog_Arducam_float32.dir/__/pico-tflmicro/src/tensorflow/lite/core/api/flatbuffer_conversions.cpp.obj
                0x10007c68                tflite::ParsePadV2(tflite::Operator const*, tflite::ErrorReporter*, tflite::BuiltinDataAllocator*, void**)
 .text._ZN6tflite9ParsePoolEPKNS_8OperatorEPNS_13ErrorReporterEPNS_20BuiltinDataAllocatorEPPv
                0x10007c6c       0xcc CMakeFiles/Cat_Dog_Arducam_float32.dir/__/pico-tflmicro/src/tensorflow/lite/core/api/flatbuffer_conversions.cpp.obj
                0x10007c6c                tflite::ParsePool(tflite::Operator const*, tflite::ErrorReporter*, tflite::BuiltinDataAllocator*, void**)
 .text._ZN6tflite10ParsePreluEPKNS_8OperatorEPNS_13ErrorReporterEPNS_20BuiltinDataAllocatorEPPv
                0x10007d38        0x4 CMakeFiles/Cat_Dog_Arducam_float32.dir/__/pico-tflmicro/src/tensorflow/lite/core/api/flatbuffer_conversions.cpp.obj
                0x10007d38                tflite::ParsePrelu(tflite::Operator const*, tflite::ErrorReporter*, tflite::BuiltinDataAllocator*, void**)
 .text._ZN6tflite13ParseQuantizeEPKNS_8OperatorEPNS_13ErrorReporterEPNS_20BuiltinDataAllocatorEPPv
                0x10007d3c        0x4 CMakeFiles/Cat_Dog_Arducam_float32.dir/__/pico-tflmicro/src/tensorflow/lite/core/api/flatbuffer_conversions.cpp.obj
                0x10007d3c                tflite::ParseQuantize(tflite::Operator const*, tflite::ErrorReporter*, tflite::BuiltinDataAllocator*, void**)
 .text._ZN6tflite12ParseReducerEPKNS_8OperatorEPNS_13ErrorReporterEPNS_20BuiltinDataAllocatorEPPv
                0x10007d40       0x60 CMakeFiles/Cat_Dog_Arducam_float32.dir/__/pico-tflmicro/src/tensorflow/lite/core/api/flatbuffer_conversions.cpp.obj
                0x10007d40                tflite::ParseReducer(tflite::Operator const*, tflite::ErrorReporter*, tflite::BuiltinDataAllocator*, void**)
 .text._ZN6tflite9ParseReluEPKNS_8OperatorEPNS_13ErrorReporterEPNS_20BuiltinDataAllocatorEPPv
                0x10007da0        0x4 CMakeFiles/Cat_Dog_Arducam_float32.dir/__/pico-tflmicro/src/tensorflow/lite/core/api/flatbuffer_conversions.cpp.obj
                0x10007da0                tflite::ParseRelu(tflite::Operator const*, tflite::ErrorReporter*, tflite::BuiltinDataAllocator*, void**)
 .text._ZN6tflite10ParseRelu6EPKNS_8OperatorEPNS_13ErrorReporterEPNS_20BuiltinDataAllocatorEPPv
                0x10007da4        0x4 CMakeFiles/Cat_Dog_Arducam_float32.dir/__/pico-tflmicro/src/tensorflow/lite/core/api/flatbuffer_conversions.cpp.obj
                0x10007da4                tflite::ParseRelu6(tflite::Operator const*, tflite::ErrorReporter*, tflite::BuiltinDataAllocator*, void**)
 .text._ZN6tflite12ParseReshapeEPKNS_8OperatorEPNS_13ErrorReporterEPNS_20BuiltinDataAllocatorEPPv
                0x10007da8       0xd8 CMakeFiles/Cat_Dog_Arducam_float32.dir/__/pico-tflmicro/src/tensorflow/lite/core/api/flatbuffer_conversions.cpp.obj
                0x10007da8                tflite::ParseReshape(tflite::Operator const*, tflite::ErrorReporter*, tflite::BuiltinDataAllocator*, void**)
 .text._ZN6tflite26ParseResizeNearestNeighborEPKNS_8OperatorEPNS_13ErrorReporterEPNS_20BuiltinDataAllocatorEPPv
                0x10007e80       0x7c CMakeFiles/Cat_Dog_Arducam_float32.dir/__/pico-tflmicro/src/tensorflow/lite/core/api/flatbuffer_conversions.cpp.obj
                0x10007e80                tflite::ParseResizeNearestNeighbor(tflite::Operator const*, tflite::ErrorReporter*, tflite::BuiltinDataAllocator*, void**)
 .text._ZN6tflite10ParseRoundEPKNS_8OperatorEPNS_13ErrorReporterEPNS_20BuiltinDataAllocatorEPPv
                0x10007efc        0x4 CMakeFiles/Cat_Dog_Arducam_float32.dir/__/pico-tflmicro/src/tensorflow/lite/core/api/flatbuffer_conversions.cpp.obj
                0x10007efc                tflite::ParseRound(tflite::Operator const*, tflite::ErrorReporter*, tflite::BuiltinDataAllocator*, void**)
 .text._ZN6tflite10ParseRsqrtEPKNS_8OperatorEPNS_13ErrorReporterEPNS_20BuiltinDataAllocatorEPPv
                0x10007f00        0x4 CMakeFiles/Cat_Dog_Arducam_float32.dir/__/pico-tflmicro/src/tensorflow/lite/core/api/flatbuffer_conversions.cpp.obj
                0x10007f00                tflite::ParseRsqrt(tflite::Operator const*, tflite::ErrorReporter*, tflite::BuiltinDataAllocator*, void**)
 .text._ZN6tflite10ParseShapeEPKNS_8OperatorEPNS_13ErrorReporterEPNS_20BuiltinDataAllocatorEPPv
                0x10007f04       0x80 CMakeFiles/Cat_Dog_Arducam_float32.dir/__/pico-tflmicro/src/tensorflow/lite/core/api/flatbuffer_conversions.cpp.obj
                0x10007f04                tflite::ParseShape(tflite::Operator const*, tflite::ErrorReporter*, tflite::BuiltinDataAllocator*, void**)
 .text._ZN6tflite8ParseSinEPKNS_8OperatorEPNS_13ErrorReporterEPNS_20BuiltinDataAllocatorEPPv
                0x10007f84        0x4 CMakeFiles/Cat_Dog_Arducam_float32.dir/__/pico-tflmicro/src/tensorflow/lite/core/api/flatbuffer_conversions.cpp.obj
                0x10007f84                tflite::ParseSin(tflite::Operator const*, tflite::ErrorReporter*, tflite::BuiltinDataAllocator*, void**)
 .text._ZN6tflite12ParseSoftmaxEPKNS_8OperatorEPNS_13ErrorReporterEPNS_20BuiltinDataAllocatorEPPv
                0x10007f88       0x5c CMakeFiles/Cat_Dog_Arducam_float32.dir/__/pico-tflmicro/src/tensorflow/lite/core/api/flatbuffer_conversions.cpp.obj
                0x10007f88                tflite::ParseSoftmax(tflite::Operator const*, tflite::ErrorReporter*, tflite::BuiltinDataAllocator*, void**)
 .text._ZN6tflite10ParseSplitEPKNS_8OperatorEPNS_13ErrorReporterEPNS_20BuiltinDataAllocatorEPPv
                0x10007fe4       0x5c CMakeFiles/Cat_Dog_Arducam_float32.dir/__/pico-tflmicro/src/tensorflow/lite/core/api/flatbuffer_conversions.cpp.obj
                0x10007fe4                tflite::ParseSplit(tflite::Operator const*, tflite::ErrorReporter*, tflite::BuiltinDataAllocator*, void**)
 .text._ZN6tflite11ParseSplitVEPKNS_8OperatorEPNS_13ErrorReporterEPNS_20BuiltinDataAllocatorEPPv
                0x10008040       0x5c CMakeFiles/Cat_Dog_Arducam_float32.dir/__/pico-tflmicro/src/tensorflow/lite/core/api/flatbuffer_conversions.cpp.obj
                0x10008040                tflite::ParseSplitV(tflite::Operator const*, tflite::ErrorReporter*, tflite::BuiltinDataAllocator*, void**)
 .text._ZN6tflite9ParseSqrtEPKNS_8OperatorEPNS_13ErrorReporterEPNS_20BuiltinDataAllocatorEPPv
                0x1000809c        0x4 CMakeFiles/Cat_Dog_Arducam_float32.dir/__/pico-tflmicro/src/tensorflow/lite/core/api/flatbuffer_conversions.cpp.obj
                0x1000809c                tflite::ParseSqrt(tflite::Operator const*, tflite::ErrorReporter*, tflite::BuiltinDataAllocator*, void**)
 .text._ZN6tflite11ParseSquareEPKNS_8OperatorEPNS_13ErrorReporterEPNS_20BuiltinDataAllocatorEPPv
                0x100080a0        0x4 CMakeFiles/Cat_Dog_Arducam_float32.dir/__/pico-tflmicro/src/tensorflow/lite/core/api/flatbuffer_conversions.cpp.obj
                0x100080a0                tflite::ParseSquare(tflite::Operator const*, tflite::ErrorReporter*, tflite::BuiltinDataAllocator*, void**)
 .text._ZN6tflite17ParseStridedSliceEPKNS_8OperatorEPNS_13ErrorReporterEPNS_20BuiltinDataAllocatorEPPv
                0x100080a4       0xa4 CMakeFiles/Cat_Dog_Arducam_float32.dir/__/pico-tflmicro/src/tensorflow/lite/core/api/flatbuffer_conversions.cpp.obj
                0x100080a4                tflite::ParseStridedSlice(tflite::Operator const*, tflite::ErrorReporter*, tflite::BuiltinDataAllocator*, void**)
 .text._ZN6tflite8ParseSubEPKNS_8OperatorEPNS_13ErrorReporterEPNS_20BuiltinDataAllocatorEPPv
                0x10008148       0xa0 CMakeFiles/Cat_Dog_Arducam_float32.dir/__/pico-tflmicro/src/tensorflow/lite/core/api/flatbuffer_conversions.cpp.obj
                0x10008148                tflite::ParseSub(tflite::Operator const*, tflite::ErrorReporter*, tflite::BuiltinDataAllocator*, void**)
 .text._ZN6tflite9ParseSvdfEPKNS_8OperatorEPNS_13ErrorReporterEPNS_20BuiltinDataAllocatorEPPv
                0x100081e8       0xb4 CMakeFiles/Cat_Dog_Arducam_float32.dir/__/pico-tflmicro/src/tensorflow/lite/core/api/flatbuffer_conversions.cpp.obj
                0x100081e8                tflite::ParseSvdf(tflite::Operator const*, tflite::ErrorReporter*, tflite::BuiltinDataAllocator*, void**)
 .text._ZN6tflite9ParseTanhEPKNS_8OperatorEPNS_13ErrorReporterEPNS_20BuiltinDataAllocatorEPPv
                0x1000829c        0x4 CMakeFiles/Cat_Dog_Arducam_float32.dir/__/pico-tflmicro/src/tensorflow/lite/core/api/flatbuffer_conversions.cpp.obj
                0x1000829c                tflite::ParseTanh(tflite::Operator const*, tflite::ErrorReporter*, tflite::BuiltinDataAllocator*, void**)
 .text._ZN6tflite11ParseUnpackEPKNS_8OperatorEPNS_13ErrorReporterEPNS_20BuiltinDataAllocatorEPPv
                0x100082a0       0x70 CMakeFiles/Cat_Dog_Arducam_float32.dir/__/pico-tflmicro/src/tensorflow/lite/core/api/flatbuffer_conversions.cpp.obj
                0x100082a0                tflite::ParseUnpack(tflite::Operator const*, tflite::ErrorReporter*, tflite::BuiltinDataAllocator*, void**)
 .text._ZN6tflite25GetRegistrationFromOpCodeEPKNS_12OperatorCodeERKNS_10OpResolverEPNS_13ErrorReporterEPPK18TfLiteRegistration
                0x10008310       0xc4 CMakeFiles/Cat_Dog_Arducam_float32.dir/__/pico-tflmicro/src/tensorflow/lite/core/api/op_resolver.cpp.obj
                0x10008310                tflite::GetRegistrationFromOpCode(tflite::OperatorCode const*, tflite::OpResolver const&, tflite::ErrorReporter*, TfLiteRegistration const**)
 .text._ZN6tflite18QuantizeMultiplierEdPlPi
                0x100083d4       0x78 CMakeFiles/Cat_Dog_Arducam_float32.dir/__/pico-tflmicro/src/tensorflow/lite/kernels/internal/quantization_util.cpp.obj
                0x100083d4                tflite::QuantizeMultiplier(double, long*, int*)
 .text._ZN6tflite35QuantizeMultiplierSmallerThanOneExpEdPlPi
                0x1000844c       0x90 CMakeFiles/Cat_Dog_Arducam_float32.dir/__/pico-tflmicro/src/tensorflow/lite/kernels/internal/quantization_util.cpp.obj
                0x1000844c                tflite::QuantizeMultiplierSmallerThanOneExp(double, long*, int*)
 .text._ZN6tflite24PreprocessSoftmaxScalingEddiPlPi
                0x100084dc       0xf8 CMakeFiles/Cat_Dog_Arducam_float32.dir/__/pico-tflmicro/src/tensorflow/lite/kernels/internal/quantization_util.cpp.obj
                0x100084dc                tflite::PreprocessSoftmaxScaling(double, double, int, long*, int*)
 .text._ZN6tflite20CalculateInputRadiusEiii
                0x100085d4       0x90 CMakeFiles/Cat_Dog_Arducam_float32.dir/__/pico-tflmicro/src/tensorflow/lite/kernels/internal/quantization_util.cpp.obj
                0x100085d4                tflite::CalculateInputRadius(int, int, int)
 .text._ZN6tflite8GetInputEPK13TfLiteContextPK10TfLiteNodei
                0x10008664       0x2c CMakeFiles/Cat_Dog_Arducam_float32.dir/__/pico-tflmicro/src/tensorflow/lite/kernels/kernel_util.cpp.obj
                0x10008664                tflite::GetInput(TfLiteContext const*, TfLiteNode const*, int)
 .text._ZN6tflite9GetOutputEP13TfLiteContextPK10TfLiteNodei
                0x10008690       0x2c CMakeFiles/Cat_Dog_Arducam_float32.dir/__/pico-tflmicro/src/tensorflow/lite/kernels/kernel_util.cpp.obj
                0x10008690                tflite::GetOutput(TfLiteContext*, TfLiteNode const*, int)
 .text._ZN6tflite22GetOptionalInputTensorEPK13TfLiteContextPK10TfLiteNodei
                0x100086bc       0x2c CMakeFiles/Cat_Dog_Arducam_float32.dir/__/pico-tflmicro/src/tensorflow/lite/kernels/kernel_util.cpp.obj
                0x100086bc                tflite::GetOptionalInputTensor(TfLiteContext const*, TfLiteNode const*, int)
 .text._ZN6tflite32GetQuantizedConvolutionMultiplerEP13TfLiteContextPK12TfLiteTensorS4_S4_PS2_Pd
                0x100086e8       0xf0 CMakeFiles/Cat_Dog_Arducam_float32.dir/__/pico-tflmicro/src/tensorflow/lite/kernels/kernel_util.cpp.obj
                0x100086e8                tflite::GetQuantizedConvolutionMultipler(TfLiteContext*, TfLiteTensor const*, TfLiteTensor const*, TfLiteTensor const*, TfLiteTensor*, double*)
 .text._ZN6tflite33CalculateActivationRangeQuantizedEP13TfLiteContext21TfLiteFusedActivationP12TfLiteTensorPlS5_
                0x100087d8      0x10c CMakeFiles/Cat_Dog_Arducam_float32.dir/__/pico-tflmicro/src/tensorflow/lite/kernels/kernel_util.cpp.obj
                0x100087d8                tflite::CalculateActivationRangeQuantized(TfLiteContext*, TfLiteFusedActivation, TfLiteTensor*, long*, long*)
 .text._ZN6tflite37PopulateConvolutionQuantizationParamsEP13TfLiteContextPK12TfLiteTensorS4_S4_PS2_RK21TfLiteFusedActivationPlPiS9_S9_S9_SA_i
                0x100088e4      0x364 CMakeFiles/Cat_Dog_Arducam_float32.dir/__/pico-tflmicro/src/tensorflow/lite/kernels/kernel_util.cpp.obj
                0x100088e4                tflite::PopulateConvolutionQuantizationParams(TfLiteContext*, TfLiteTensor const*, TfLiteTensor const*, TfLiteTensor const*, TfLiteTensor*, TfLiteFusedActivation const&, long*, int*, long*, long*, long*, int*, int)
 .text._ZN6tflite14HaveSameShapesEPK12TfLiteTensorS2_
                0x10008c48       0x14 CMakeFiles/Cat_Dog_Arducam_float32.dir/__/pico-tflmicro/src/tensorflow/lite/kernels/kernel_util.cpp.obj
                0x10008c48                tflite::HaveSameShapes(TfLiteTensor const*, TfLiteTensor const*)
 .text._ZNK6tflite10OpResolver12GetDelegatesEi
                0x10008c5c       0x10 CMakeFiles/Cat_Dog_Arducam_float32.dir/__/pico-tflmicro/src/tensorflow/lite/micro/all_ops_resolver.cpp.obj
                0x10008c5c                tflite::OpResolver::GetDelegates(int) const
 .text._ZNK6tflite22MicroMutableOpResolverILj128EE6FindOpENS_15BuiltinOperatorE
                0x10008c6c       0x34 CMakeFiles/Cat_Dog_Arducam_float32.dir/__/pico-tflmicro/src/tensorflow/lite/micro/all_ops_resolver.cpp.obj
                0x10008c6c                tflite::MicroMutableOpResolver<128u>::FindOp(tflite::BuiltinOperator) const
 .text._ZN6tflite14AllOpsResolverD0Ev
                0x10008ca0        0x4 CMakeFiles/Cat_Dog_Arducam_float32.dir/__/pico-tflmicro/src/tensorflow/lite/micro/all_ops_resolver.cpp.obj
                0x10008ca0                tflite::AllOpsResolver::~AllOpsResolver()
                0x10008ca0                tflite::AllOpsResolver::~AllOpsResolver()
                0x10008ca0                tflite::AllOpsResolver::~AllOpsResolver()
 .text._ZNK6tflite22MicroMutableOpResolverILj128EE15GetOpDataParserENS_15BuiltinOperatorE
                0x10008ca4       0x3c CMakeFiles/Cat_Dog_Arducam_float32.dir/__/pico-tflmicro/src/tensorflow/lite/micro/all_ops_resolver.cpp.obj
                0x10008ca4                tflite::MicroMutableOpResolver<128u>::GetOpDataParser(tflite::BuiltinOperator) const
 .text._ZNK6tflite22MicroMutableOpResolverILj128EE6FindOpEPKc
                0x10008ce0       0x48 CMakeFiles/Cat_Dog_Arducam_float32.dir/__/pico-tflmicro/src/tensorflow/lite/micro/all_ops_resolver.cpp.obj
                0x10008ce0                tflite::MicroMutableOpResolver<128u>::FindOp(char const*) const
 .text._ZNK6tflite15MicroOpResolver6FindOpENS_15BuiltinOperatorEi
                0x10008d28       0x48 CMakeFiles/Cat_Dog_Arducam_float32.dir/__/pico-tflmicro/src/tensorflow/lite/micro/all_ops_resolver.cpp.obj
                0x10008d28                tflite::MicroOpResolver::FindOp(tflite::BuiltinOperator, int) const
 .text._ZN6tflite22MicroMutableOpResolverILj128EE10AddBuiltinENS_15BuiltinOperatorERK18TfLiteRegistrationPF12TfLiteStatusPKNS_8OperatorEPNS_13ErrorReporterEPNS_20BuiltinDataAllocatorEPPvE.isra.0
                0x10008d70       0xec CMakeFiles/Cat_Dog_Arducam_float32.dir/__/pico-tflmicro/src/tensorflow/lite/micro/all_ops_resolver.cpp.obj
 .text._ZNK6tflite15MicroOpResolver6FindOpEPKci
                0x10008e5c       0x5c CMakeFiles/Cat_Dog_Arducam_float32.dir/__/pico-tflmicro/src/tensorflow/lite/micro/all_ops_resolver.cpp.obj
                0x10008e5c                tflite::MicroOpResolver::FindOp(char const*, int) const
 .text._ZN6tflite14AllOpsResolverC2Ev
                0x10008eb8     0x23a8 CMakeFiles/Cat_Dog_Arducam_float32.dir/__/pico-tflmicro/src/tensorflow/lite/micro/all_ops_resolver.cpp.obj
                0x10008eb8                tflite::AllOpsResolver::AllOpsResolver()
                0x10008eb8                tflite::AllOpsResolver::AllOpsResolver()
 .text._ZN6tflite3ops5micro11activations8ReluInitEP13TfLiteContextPKcj
                0x1000b260        0xc CMakeFiles/Cat_Dog_Arducam_float32.dir/__/pico-tflmicro/src/tensorflow/lite/micro/kernels/activations.cpp.obj
                0x1000b260                tflite::ops::micro::activations::ReluInit(TfLiteContext*, char const*, unsigned int)
 .text._ZN6tflite3ops5micro11activations9Relu6InitEP13TfLiteContextPKcj
                0x1000b26c        0xc CMakeFiles/Cat_Dog_Arducam_float32.dir/__/pico-tflmicro/src/tensorflow/lite/micro/kernels/activations.cpp.obj
                0x1000b26c                tflite::ops::micro::activations::Relu6Init(TfLiteContext*, char const*, unsigned int)
 .text._ZN6tflite3ops5micro11activations12Relu6PrepareEP13TfLiteContextP10TfLiteNode
                0x1000b278       0xcc CMakeFiles/Cat_Dog_Arducam_float32.dir/__/pico-tflmicro/src/tensorflow/lite/micro/kernels/activations.cpp.obj
                0x1000b278                tflite::ops::micro::activations::Relu6Prepare(TfLiteContext*, TfLiteNode*)
 .text._ZN6tflite3ops5micro11activations9Relu6EvalEP13TfLiteContextP10TfLiteNode
                0x1000b344      0x20c CMakeFiles/Cat_Dog_Arducam_float32.dir/__/pico-tflmicro/src/tensorflow/lite/micro/kernels/activations.cpp.obj
                0x1000b344                tflite::ops::micro::activations::Relu6Eval(TfLiteContext*, TfLiteNode*)
 .text._ZN6tflite3ops5micro11activations11ReluPrepareEP13TfLiteContextP10TfLiteNode
                0x1000b550      0x144 CMakeFiles/Cat_Dog_Arducam_float32.dir/__/pico-tflmicro/src/tensorflow/lite/micro/kernels/activations.cpp.obj
                0x1000b550                tflite::ops::micro::activations::ReluPrepare(TfLiteContext*, TfLiteNode*)
 .text._ZN6tflite3ops5micro11activations8ReluEvalEP13TfLiteContextP10TfLiteNode
                0x1000b694      0x3f4 CMakeFiles/Cat_Dog_Arducam_float32.dir/__/pico-tflmicro/src/tensorflow/lite/micro/kernels/activations.cpp.obj
                0x1000b694                tflite::ops::micro::activations::ReluEval(TfLiteContext*, TfLiteNode*)
 .text._ZN6tflite3ops5micro13Register_RELUEv
                0x1000ba88       0x18 CMakeFiles/Cat_Dog_Arducam_float32.dir/__/pico-tflmicro/src/tensorflow/lite/micro/kernels/activations.cpp.obj
                0x1000ba88                tflite::ops::micro::Register_RELU()
 .text._ZN6tflite3ops5micro14Register_RELU6Ev
                0x1000baa0       0x1c CMakeFiles/Cat_Dog_Arducam_float32.dir/__/pico-tflmicro/src/tensorflow/lite/micro/kernels/activations.cpp.obj
                0x1000baa0                tflite::ops::micro::Register_RELU6()
 .text._ZN6tflite3ops5micro11arg_min_max4EvalEP13TfLiteContextP10TfLiteNodeb
                0x1000babc      0xcf4 CMakeFiles/Cat_Dog_Arducam_float32.dir/__/pico-tflmicro/src/tensorflow/lite/micro/kernels/arg_min_max.cpp.obj
                0x1000babc                tflite::ops::micro::arg_min_max::Eval(TfLiteContext*, TfLiteNode*, bool)
 .text._ZN6tflite3ops5micro11arg_min_max10ArgMinEvalEP13TfLiteContextP10TfLiteNode
                0x1000c7b0        0xc CMakeFiles/Cat_Dog_Arducam_float32.dir/__/pico-tflmicro/src/tensorflow/lite/micro/kernels/arg_min_max.cpp.obj
                0x1000c7b0                tflite::ops::micro::arg_min_max::ArgMinEval(TfLiteContext*, TfLiteNode*)
 .text._ZN6tflite3ops5micro11arg_min_max10ArgMaxEvalEP13TfLiteContextP10TfLiteNode
                0x1000c7bc        0xc CMakeFiles/Cat_Dog_Arducam_float32.dir/__/pico-tflmicro/src/tensorflow/lite/micro/kernels/arg_min_max.cpp.obj
                0x1000c7bc                tflite::ops::micro::arg_min_max::ArgMaxEval(TfLiteContext*, TfLiteNode*)
 .text._ZN6tflite3ops5micro16Register_ARG_MAXEv
                0x1000c7c8       0x18 CMakeFiles/Cat_Dog_Arducam_float32.dir/__/pico-tflmicro/src/tensorflow/lite/micro/kernels/arg_min_max.cpp.obj
                0x1000c7c8                tflite::ops::micro::Register_ARG_MAX()
 .text._ZN6tflite3ops5micro16Register_ARG_MINEv
                0x1000c7e0       0x18 CMakeFiles/Cat_Dog_Arducam_float32.dir/__/pico-tflmicro/src/tensorflow/lite/micro/kernels/arg_min_max.cpp.obj
                0x1000c7e0                tflite::ops::micro::Register_ARG_MIN()
 .text._ZN6tflite3ops5micro4ceil7PrepareEP13TfLiteContextP10TfLiteNode
                0x1000c7f8      0x1b0 CMakeFiles/Cat_Dog_Arducam_float32.dir/__/pico-tflmicro/src/tensorflow/lite/micro/kernels/ceil.cpp.obj
                0x1000c7f8                tflite::ops::micro::ceil::Prepare(TfLiteContext*, TfLiteNode*)
 .text._ZN6tflite3ops5micro4ceil4EvalEP13TfLiteContextP10TfLiteNode
                0x1000c9a8       0x9c CMakeFiles/Cat_Dog_Arducam_float32.dir/__/pico-tflmicro/src/tensorflow/lite/micro/kernels/ceil.cpp.obj
                0x1000c9a8                tflite::ops::micro::ceil::Eval(TfLiteContext*, TfLiteNode*)
 .text._ZN6tflite3ops5micro13Register_CEILEv
                0x1000ca44       0x18 CMakeFiles/Cat_Dog_Arducam_float32.dir/__/pico-tflmicro/src/tensorflow/lite/micro/kernels/ceil.cpp.obj
                0x1000ca44                tflite::ops::micro::Register_CEIL()
 .text._ZN6tflite3ops5micro3add4InitEP13TfLiteContextPKcj
                0x1000ca5c        0xc CMakeFiles/Cat_Dog_Arducam_float32.dir/__/pico-tflmicro/src/tensorflow/lite/micro/kernels/cmsis-nn/add.cpp.obj
                0x1000ca5c                tflite::ops::micro::add::Init(TfLiteContext*, char const*, unsigned int)
 .text._ZN6tflite13reference_ops22ProcessBroadcastShapesERKNS_12RuntimeShapeES3_PNS_16ArithmeticParamsE
                0x1000ca68     0x11d4 CMakeFiles/Cat_Dog_Arducam_float32.dir/__/pico-tflmicro/src/tensorflow/lite/micro/kernels/cmsis-nn/add.cpp.obj
                0x1000ca68                tflite::reference_ops::ProcessBroadcastShapes(tflite::RuntimeShape const&, tflite::RuntimeShape const&, tflite::ArithmeticParams*)
 .text._ZN6tflite3ops5micro3add16EvalAddQuantizedEP13TfLiteContextP10TfLiteNodeP15TfLiteAddParamsPKNS2_6OpDataEPK16TfLiteEvalTensorSE_PSC_.part.0
                0x1000dc3c     0x1918 CMakeFiles/Cat_Dog_Arducam_float32.dir/__/pico-tflmicro/src/tensorflow/lite/micro/kernels/cmsis-nn/add.cpp.obj
 .text._ZN6tflite3ops5micro3add15CalculateOpDataEP13TfLiteContextP15TfLiteAddParamsPK12TfLiteTensorS9_PS7_PNS2_6OpDataE
                0x1000f554      0x10c CMakeFiles/Cat_Dog_Arducam_float32.dir/__/pico-tflmicro/src/tensorflow/lite/micro/kernels/cmsis-nn/add.cpp.obj
                0x1000f554                tflite::ops::micro::add::CalculateOpData(TfLiteContext*, TfLiteAddParams*, TfLiteTensor const*, TfLiteTensor const*, TfLiteTensor*, tflite::ops::micro::add::OpData*)
 .text._ZN6tflite3ops5micro3add7PrepareEP13TfLiteContextP10TfLiteNode
                0x1000f660       0x3c CMakeFiles/Cat_Dog_Arducam_float32.dir/__/pico-tflmicro/src/tensorflow/lite/micro/kernels/cmsis-nn/add.cpp.obj
                0x1000f660                tflite::ops::micro::add::Prepare(TfLiteContext*, TfLiteNode*)
 .text._ZN6tflite3ops5micro3add7EvalAddEP13TfLiteContextP10TfLiteNodeP15TfLiteAddParamsPKNS2_6OpDataEPK16TfLiteEvalTensorSE_PSC_
                0x1000f69c      0x744 CMakeFiles/Cat_Dog_Arducam_float32.dir/__/pico-tflmicro/src/tensorflow/lite/micro/kernels/cmsis-nn/add.cpp.obj
                0x1000f69c                tflite::ops::micro::add::EvalAdd(TfLiteContext*, TfLiteNode*, TfLiteAddParams*, tflite::ops::micro::add::OpData const*, TfLiteEvalTensor const*, TfLiteEvalTensor const*, TfLiteEvalTensor*)
 .text._ZN6tflite3ops5micro3add4EvalEP13TfLiteContextP10TfLiteNode