Archive member included to satisfy reference by file (symbol)

d:/program files (x86)/gnu arm embedded toolchain/10 2020-q4-major/bin/../lib/gcc/arm-none-eabi/10.2.1/../../../../arm-none-eabi/lib/thumb/v6-m/nofp\libstdc++.a(guard.o)
                              CMakeFiles/EMNIST_float32.dir/TF_Lite_exe.cc.obj (__cxa_guard_acquire)
d:/program files (x86)/gnu arm embedded toolchain/10 2020-q4-major/bin/../lib/gcc/arm-none-eabi/10.2.1/../../../../arm-none-eabi/lib/thumb/v6-m/nofp\libstdc++.a(guard_error.o)
                              d:/program files (x86)/gnu arm embedded toolchain/10 2020-q4-major/bin/../lib/gcc/arm-none-eabi/10.2.1/../../../../arm-none-eabi/lib/thumb/v6-m/nofp\libstdc++.a(guard.o) (__gnu_cxx::recursive_init_error::~recursive_init_error())
d:/program files (x86)/gnu arm embedded toolchain/10 2020-q4-major/bin/../lib/gcc/arm-none-eabi/10.2.1/../../../../arm-none-eabi/lib/thumb/v6-m/nofp\libstdc++.a(si_class_type_info.o)
                              d:/program files (x86)/gnu arm embedded toolchain/10 2020-q4-major/bin/../lib/gcc/arm-none-eabi/10.2.1/../../../../arm-none-eabi/lib/thumb/v6-m/nofp\libstdc++.a(guard_error.o) (vtable for __cxxabiv1::__si_class_type_info)
d:/program files (x86)/gnu arm embedded toolchain/10 2020-q4-major/bin/../lib/gcc/arm-none-eabi/10.2.1/../../../../arm-none-eabi/lib/thumb/v6-m/nofp\libstdc++.a(tinfo.o)
                              d:/program files (x86)/gnu arm embedded toolchain/10 2020-q4-major/bin/../lib/gcc/arm-none-eabi/10.2.1/../../../../arm-none-eabi/lib/thumb/v6-m/nofp\libstdc++.a(si_class_type_info.o) (std::type_info::__is_pointer_p() const)
d:/program files (x86)/gnu arm embedded toolchain/10 2020-q4-major/bin/../lib/gcc/arm-none-eabi/10.2.1/../../../../arm-none-eabi/lib/thumb/v6-m/nofp\libstdc++.a(class_type_info.o)
                              d:/program files (x86)/gnu arm embedded toolchain/10 2020-q4-major/bin/../lib/gcc/arm-none-eabi/10.2.1/../../../../arm-none-eabi/lib/thumb/v6-m/nofp\libstdc++.a(si_class_type_info.o) (__cxxabiv1::__class_type_info::__do_upcast(__cxxabiv1::__class_type_info const*, void**) const)
d:/program files (x86)/gnu arm embedded toolchain/10 2020-q4-major/bin/../lib/gcc/arm-none-eabi/10.2.1/../../../../arm-none-eabi/lib/thumb/v6-m/nofp\libstdc++.a(eh_alloc.o)
                              d:/program files (x86)/gnu arm embedded toolchain/10 2020-q4-major/bin/../lib/gcc/arm-none-eabi/10.2.1/../../../../arm-none-eabi/lib/thumb/v6-m/nofp\libstdc++.a(guard.o) (__cxa_allocate_exception)
d:/program files (x86)/gnu arm embedded toolchain/10 2020-q4-major/bin/../lib/gcc/arm-none-eabi/10.2.1/../../../../arm-none-eabi/lib/thumb/v6-m/nofp\libstdc++.a(eh_exception.o)
                              d:/program files (x86)/gnu arm embedded toolchain/10 2020-q4-major/bin/../lib/gcc/arm-none-eabi/10.2.1/../../../../arm-none-eabi/lib/thumb/v6-m/nofp\libstdc++.a(guard_error.o) (std::exception::~exception())
d:/program files (x86)/gnu arm embedded toolchain/10 2020-q4-major/bin/../lib/gcc/arm-none-eabi/10.2.1/../../../../arm-none-eabi/lib/thumb/v6-m/nofp\libstdc++.a(eh_terminate.o)
                              d:/program files (x86)/gnu arm embedded toolchain/10 2020-q4-major/bin/../lib/gcc/arm-none-eabi/10.2.1/../../../../arm-none-eabi/lib/thumb/v6-m/nofp\libstdc++.a(eh_alloc.o) (std::terminate())
d:/program files (x86)/gnu arm embedded toolchain/10 2020-q4-major/bin/../lib/gcc/arm-none-eabi/10.2.1/../../../../arm-none-eabi/lib/thumb/v6-m/nofp\libstdc++.a(eh_throw.o)
                              d:/program files (x86)/gnu arm embedded toolchain/10 2020-q4-major/bin/../lib/gcc/arm-none-eabi/10.2.1/../../../../arm-none-eabi/lib/thumb/v6-m/nofp\libstdc++.a(guard.o) (__cxa_throw)
d:/program files (x86)/gnu arm embedded toolchain/10 2020-q4-major/bin/../lib/gcc/arm-none-eabi/10.2.1/../../../../arm-none-eabi/lib/thumb/v6-m/nofp\libstdc++.a(eh_unex_handler.o)
                              d:/program files (x86)/gnu arm embedded toolchain/10 2020-q4-major/bin/../lib/gcc/arm-none-eabi/10.2.1/../../../../arm-none-eabi/lib/thumb/v6-m/nofp\libstdc++.a(eh_terminate.o) (__cxxabiv1::__unexpected_handler)
d:/program files (x86)/gnu arm embedded toolchain/10 2020-q4-major/bin/../lib/gcc/arm-none-eabi/10.2.1/../../../../arm-none-eabi/lib/thumb/v6-m/nofp\libstdc++.a(pure.o)
                              d:/program files (x86)/gnu arm embedded toolchain/10 2020-q4-major/bin/../lib/gcc/arm-none-eabi/10.2.1/../../../../arm-none-eabi/lib/thumb/v6-m/nofp\libstdc++.a(eh_exception.o) (__cxa_pure_virtual)
d:/program files (x86)/gnu arm embedded toolchain/10 2020-q4-major/bin/../lib/gcc/arm-none-eabi/10.2.1/../../../../arm-none-eabi/lib/thumb/v6-m/nofp\libstdc++.a(vterminate.o)
                              d:/program files (x86)/gnu arm embedded toolchain/10 2020-q4-major/bin/../lib/gcc/arm-none-eabi/10.2.1/../../../../arm-none-eabi/lib/thumb/v6-m/nofp\libstdc++.a(eh_terminate.o) (__gnu_cxx::__verbose_terminate_handler())
[...]
Memory Configuration

Name             Origin             Length             Attributes
FLASH            0x10000000         0x00200000         xr
RAM              0x20000000         0x00040000         xrw
SCRATCH_X        0x20040000         0x00001000         xrw
SCRATCH_Y        0x20041000         0x00001000         xrw
*default*        0x00000000         0xffffffff

Linker script and memory map

LOAD d:/program files (x86)/gnu arm embedded toolchain/10 2020-q4-major/bin/../lib/gcc/arm-none-eabi/10.2.1/thumb/v6-m/nofp/crti.o
LOAD d:/program files (x86)/gnu arm embedded toolchain/10 2020-q4-major/bin/../lib/gcc/arm-none-eabi/10.2.1/thumb/v6-m/nofp/crtbegin.o
LOAD d:/program files (x86)/gnu arm embedded toolchain/10 2020-q4-major/bin/../lib/gcc/arm-none-eabi/10.2.1/../../../../arm-none-eabi/lib/thumb/v6-m/nofp/crt0.o

.flash_begin    0x10000000        0x0
                0x10000000                __flash_binary_start = .

.boot2          0x10000000      0x100
                0x10000000                __boot2_start__ = .
 *(.boot2)
 .boot2         0x10000000      0x100 C:\Users\Danie\AppData\Local\Temp\cczljmHh.o
                0x10000100                __boot2_end__ = .
                0x00000001                ASSERT (((__boot2_end__ - __boot2_start__) == 0x100), ERROR: Pico second stage bootloader must be 256 bytes in size)

.text           0x10000100    0x552f8
                0x10000100                __logical_binary_start = .
 *(.vectors)
 .vectors       0x10000100       0xd4 CMakeFiles/EMNIST_float32.dir/__/pico-sdk/src/rp2_common/pico_standard_link/crt0.S.obj
                0x10000100                __vectors
                0x100001c0                isr_invalid
                0x100001c2                isr_nmi
                0x100001c4                isr_hardfault
                0x100001c6                isr_svcall
                0x100001c8                isr_pendsv
                0x100001ca                isr_systick
                0x100001cc                isr_irq11
                0x100001cc                isr_irq5
                0x100001cc                isr_irq23
                0x100001cc                isr_irq18
                0x100001cc                isr_irq31
                0x100001cc                isr_irq28
                0x100001cc                isr_irq19
                0x100001cc                isr_irq0
                0x100001cc                isr_irq6
                0x100001cc                isr_irq27
                0x100001cc                isr_irq12
                0x100001cc                isr_irq22
                0x100001cc                isr_irq13
                0x100001cc                isr_irq17
                0x100001cc                isr_irq14
                0x100001cc                isr_irq2
                0x100001cc                isr_irq10
                0x100001cc                isr_irq8
                0x100001cc                isr_irq24
                0x100001cc                isr_irq1
                0x100001cc                isr_irq7
                0x100001cc                isr_irq21
                0x100001cc                isr_irq20
                0x100001cc                isr_irq15
                0x100001cc                isr_irq25
                0x100001cc                __unhandled_user_irq
                0x100001cc                isr_irq4
                0x100001cc                isr_irq16
                0x100001cc                isr_irq29
                0x100001cc                isr_irq26
                0x100001cc                isr_irq3
                0x100001cc                isr_irq30
                0x100001cc                isr_irq9
                0x100001d2                unhandled_user_irq_num_in_r0
 *(.binary_info_header)
 .binary_info_header
                0x100001d4       0x14 CMakeFiles/EMNIST_float32.dir/__/pico-sdk/src/rp2_common/pico_standard_link/crt0.S.obj
                0x100001e8                __binary_info_header_end = .
 *(.reset)
 .reset         0x100001e8       0xa8 CMakeFiles/EMNIST_float32.dir/__/pico-sdk/src/rp2_common/pico_standard_link/crt0.S.obj
                0x100001e8                _entry_point
                0x10000266                __get_current_exception
 .reset         0x10000290       0x30 CMakeFiles/EMNIST_float32.dir/__/pico-sdk/src/rp2_common/pico_standard_link/binary_info.c.obj
 *(.init)
 .init          0x100002c0        0x4 d:/program files (x86)/gnu arm embedded toolchain/10 2020-q4-major/bin/../lib/gcc/arm-none-eabi/10.2.1/thumb/v6-m/nofp/crti.o
                0x100002c0                _init
 *(EXCLUDE_FILE(*libm.a: *libc.a:*lib_a-mem*.o *libgcc.a:) .text*)
 .text          0x100002c4       0x48 d:/program files (x86)/gnu arm embedded toolchain/10 2020-q4-major/bin/../lib/gcc/arm-none-eabi/10.2.1/thumb/v6-m/nofp/crtbegin.o
 .text.__tcf_0  0x1000030c        0x4 CMakeFiles/EMNIST_float32.dir/TF_Lite_exe.cc.obj
 .text.__tcf_2  0x10000310       0x10 CMakeFiles/EMNIST_float32.dir/TF_Lite_exe.cc.obj
 .text.__tcf_1  0x10000320        0x4 CMakeFiles/EMNIST_float32.dir/TF_Lite_exe.cc.obj
 .text._Z5setupv
                0x10000324      0x164 CMakeFiles/EMNIST_float32.dir/TF_Lite_exe.cc.obj
                0x10000324                setup()
 .text._Z13model_executePa
                0x10000488       0x64 CMakeFiles/EMNIST_float32.dir/TF_Lite_exe.cc.obj
                0x10000488                model_execute(signed char*)
 .text.startup._GLOBAL__sub_I__Z5setupv
                0x100004ec       0x14 CMakeFiles/EMNIST_float32.dir/TF_Lite_exe.cc.obj
 .text.__tcf_0  0x10000500        0x4 CMakeFiles/EMNIST_float32.dir/Main.cpp.obj
 .text.startup.main
                0x10000504      0x178 CMakeFiles/EMNIST_float32.dir/Main.cpp.obj
                0x10000504                main
 .text.startup._GLOBAL__sub_I_input_img_4
                0x1000067c       0x30 CMakeFiles/EMNIST_float32.dir/Main.cpp.obj
 .text.setup_default_uart
                0x100006ac        0x8 CMakeFiles/EMNIST_float32.dir/__/pico-sdk/src/rp2_common/pico_stdlib/stdlib.c.obj
                0x100006ac                setup_default_uart
 .text.gpio_set_function
                0x100006b4       0x30 CMakeFiles/EMNIST_float32.dir/__/pico-sdk/src/rp2_common/hardware_gpio/gpio.c.obj
                0x100006b4                gpio_set_function
 .text.hw_claim_or_assert
                0x100006e4       0x58 CMakeFiles/EMNIST_float32.dir/__/pico-sdk/src/rp2_common/hardware_claim/claim.c.obj
                0x100006e4                hw_claim_or_assert
 .text.hw_claim_unused_from_range
                0x1000073c       0x9c CMakeFiles/EMNIST_float32.dir/__/pico-sdk/src/rp2_common/hardware_claim/claim.c.obj
                0x1000073c                hw_claim_unused_from_range
 .text.spin_locks_reset
                0x100007d8       0x1c CMakeFiles/EMNIST_float32.dir/__/pico-sdk/src/rp2_common/hardware_sync/sync.c.obj
                0x100007d8                spin_locks_reset
 .text.next_striped_spin_lock_num
                0x100007f4       0x18 CMakeFiles/EMNIST_float32.dir/__/pico-sdk/src/rp2_common/hardware_sync/sync.c.obj
                0x100007f4                next_striped_spin_lock_num
 .text.spin_lock_claim_unused
                0x1000080c       0x20 CMakeFiles/EMNIST_float32.dir/__/pico-sdk/src/rp2_common/hardware_sync/sync.c.obj
                0x1000080c                spin_lock_claim_unused
 .text.running_on_fpga
                0x1000082c       0x10 CMakeFiles/EMNIST_float32.dir/__/pico-sdk/src/rp2_common/pico_platform/platform.c.obj
                0x1000082c                running_on_fpga
 .text.uart_init
                0x1000083c       0xe0 CMakeFiles/EMNIST_float32.dir/__/pico-sdk/src/rp2_common/hardware_uart/uart.c.obj
                0x1000083c                uart_init
 .text.timer_pool_entry_comparator
                0x1000091c       0x34 CMakeFiles/EMNIST_float32.dir/__/pico-sdk/src/common/pico_time/time.c.obj
                0x1000091c                timer_pool_entry_comparator
 .text.sev_callback
                0x10000950        0x8 CMakeFiles/EMNIST_float32.dir/__/pico-sdk/src/common/pico_time/time.c.obj
 .text.add_alarm_under_lock.isra.0
                0x10000958      0x120 CMakeFiles/EMNIST_float32.dir/__/pico-sdk/src/common/pico_time/time.c.obj
 .text.alarm_pool_alarm_callback
                0x10000a78      0x1c8 CMakeFiles/EMNIST_float32.dir/__/pico-sdk/src/common/pico_time/time.c.obj
 .text.alarm_pool_add_alarm_at.constprop.0
                0x10000c40      0x11c CMakeFiles/EMNIST_float32.dir/__/pico-sdk/src/common/pico_time/time.c.obj
 .text.alarm_pool_init_default
                0x10000d5c       0x78 CMakeFiles/EMNIST_float32.dir/__/pico-sdk/src/common/pico_time/time.c.obj
                0x10000d5c                alarm_pool_init_default
 .text.alarm_pool_get_default
                0x10000dd4        0xc CMakeFiles/EMNIST_float32.dir/__/pico-sdk/src/common/pico_time/time.c.obj
                0x10000dd4                alarm_pool_get_default
 .text.alarm_pool_add_alarm_at
                0x10000de0      0x1b0 CMakeFiles/EMNIST_float32.dir/__/pico-sdk/src/common/pico_time/time.c.obj
                0x10000de0                alarm_pool_add_alarm_at
 .text.alarm_pool_cancel_alarm
                0x10000f90       0x74 CMakeFiles/EMNIST_float32.dir/__/pico-sdk/src/common/pico_time/time.c.obj
                0x10000f90                alarm_pool_cancel_alarm
 .text.sleep_ms
                0x10001004       0xb8 CMakeFiles/EMNIST_float32.dir/__/pico-sdk/src/common/pico_time/time.c.obj
                0x10001004                sleep_ms
 .text.best_effort_wfe_or_timeout
                0x100010bc       0x44 CMakeFiles/EMNIST_float32.dir/__/pico-sdk/src/common/pico_time/time.c.obj
                0x100010bc                best_effort_wfe_or_timeout
 .text.hardware_alarm_irq_handler
                0x10001100       0xb8 CMakeFiles/EMNIST_float32.dir/__/pico-sdk/src/rp2_common/hardware_timer/timer.c.obj
 .text.hardware_alarm_claim
                0x100011b8       0x18 CMakeFiles/EMNIST_float32.dir/__/pico-sdk/src/rp2_common/hardware_timer/timer.c.obj
                0x100011b8                hardware_alarm_claim
 .text.time_us_64
                0x100011d0       0x14 CMakeFiles/EMNIST_float32.dir/__/pico-sdk/src/rp2_common/hardware_timer/timer.c.obj
                0x100011d0                time_us_64
 .text.busy_wait_until
                0x100011e4       0x20 CMakeFiles/EMNIST_float32.dir/__/pico-sdk/src/rp2_common/hardware_timer/timer.c.obj
                0x100011e4                busy_wait_until
 .text.hardware_alarm_set_callback
                0x10001204       0x8c CMakeFiles/EMNIST_float32.dir/__/pico-sdk/src/rp2_common/hardware_timer/timer.c.obj
                0x10001204                hardware_alarm_set_callback
 .text.hardware_alarm_set_target
                0x10001290       0xc4 CMakeFiles/EMNIST_float32.dir/__/pico-sdk/src/rp2_common/hardware_timer/timer.c.obj
                0x10001290                hardware_alarm_set_target
 .text.hardware_alarm_cancel
                0x10001354       0x3c CMakeFiles/EMNIST_float32.dir/__/pico-sdk/src/rp2_common/hardware_timer/timer.c.obj
                0x10001354                hardware_alarm_cancel
 .text.lock_init
                0x10001390       0x10 CMakeFiles/EMNIST_float32.dir/__/pico-sdk/src/common/pico_sync/lock_core.c.obj
                0x10001390                lock_init
 .text.mutex_init
                0x100013a0       0x1c CMakeFiles/EMNIST_float32.dir/__/pico-sdk/src/common/pico_sync/mutex.c.obj
                0x100013a0                mutex_init
 .text.critical_section_init
                0x100013bc       0x18 CMakeFiles/EMNIST_float32.dir/__/pico-sdk/src/common/pico_sync/critical_section.c.obj
                0x100013bc                critical_section_init
 .text.ph_merge_nodes
                0x100013d4       0x68 CMakeFiles/EMNIST_float32.dir/__/pico-sdk/src/common/pico_util/pheap.c.obj
 .text.ph_create
                0x1000143c       0x64 CMakeFiles/EMNIST_float32.dir/__/pico-sdk/src/common/pico_util/pheap.c.obj
                0x1000143c                ph_create
 .text.ph_merge_two_pass
                0x100014a0       0x90 CMakeFiles/EMNIST_float32.dir/__/pico-sdk/src/common/pico_util/pheap.c.obj
                0x100014a0                ph_merge_two_pass
 .text.ph_remove_any_head
                0x10001530       0xf8 CMakeFiles/EMNIST_float32.dir/__/pico-sdk/src/common/pico_util/pheap.c.obj
 .text.ph_remove_head_reserve
                0x10001628       0xfc CMakeFiles/EMNIST_float32.dir/__/pico-sdk/src/common/pico_util/pheap.c.obj
                0x10001628                ph_remove_head_reserve
 .text.ph_delete
                0x10001724       0x7c CMakeFiles/EMNIST_float32.dir/__/pico-sdk/src/common/pico_util/pheap.c.obj
                0x10001724                ph_delete
 .text.runtime_init
                0x100017a0       0xec CMakeFiles/EMNIST_float32.dir/__/pico-sdk/src/rp2_common/pico_runtime/runtime.c.obj
                0x100017a0                runtime_init
 .text._exit    0x1000188c        0x4 CMakeFiles/EMNIST_float32.dir/__/pico-sdk/src/rp2_common/pico_runtime/runtime.c.obj
                0x1000188c                _exit
 .text._sbrk    0x10001890       0x34 CMakeFiles/EMNIST_float32.dir/__/pico-sdk/src/rp2_common/pico_runtime/runtime.c.obj
                0x10001890                _sbrk
 .text.exit     0x100018c4        0x4 CMakeFiles/EMNIST_float32.dir/__/pico-sdk/src/rp2_common/pico_runtime/runtime.c.obj
                0x100018c4                exit
 .text.panic    0x100018c8       0x30 CMakeFiles/EMNIST_float32.dir/__/pico-sdk/src/rp2_common/pico_runtime/runtime.c.obj
                0x100018c8                panic
 .text.hard_assertion_failure
                0x100018f8        0xc CMakeFiles/EMNIST_float32.dir/__/pico-sdk/src/rp2_common/pico_runtime/runtime.c.obj
                0x100018f8                hard_assertion_failure
 .text.clocks_init
                0x10001904      0x2e0 CMakeFiles/EMNIST_float32.dir/__/pico-sdk/src/rp2_common/hardware_clocks/clocks.c.obj
                0x10001904                clocks_init
 .text.clock_get_hz
                0x10001be4        0xc CMakeFiles/EMNIST_float32.dir/__/pico-sdk/src/rp2_common/hardware_clocks/clocks.c.obj
                0x10001be4                clock_get_hz
 .text.watchdog_start_tick
                0x10001bf0       0x10 CMakeFiles/EMNIST_float32.dir/__/pico-sdk/src/rp2_common/hardware_watchdog/watchdog.c.obj
                0x10001bf0                watchdog_start_tick
 .text.xosc_init
                0x10001c00       0x28 CMakeFiles/EMNIST_float32.dir/__/pico-sdk/src/rp2_common/hardware_xosc/xosc.c.obj
                0x10001c00                xosc_init
 .text.pll_init
                0x10001c28       0x5c CMakeFiles/EMNIST_float32.dir/__/pico-sdk/src/rp2_common/hardware_pll/pll.c.obj
                0x10001c28                pll_init
 .text.irq_set_enabled
                0x10001c84       0x24 CMakeFiles/EMNIST_float32.dir/__/pico-sdk/src/rp2_common/hardware_irq/irq.c.obj
                0x10001c84                irq_set_enabled
 .text.irq_set_pending
                0x10001ca8       0x10 CMakeFiles/EMNIST_float32.dir/__/pico-sdk/src/rp2_common/hardware_irq/irq.c.obj
                0x10001ca8                irq_set_pending
 .text.irq_get_vtable_handler
                0x10001cb8       0x10 CMakeFiles/EMNIST_float32.dir/__/pico-sdk/src/rp2_common/hardware_irq/irq.c.obj
                0x10001cb8                irq_get_vtable_handler
 .text.irq_set_exclusive_handler
                0x10001cc8       0x54 CMakeFiles/EMNIST_float32.dir/__/pico-sdk/src/rp2_common/hardware_irq/irq.c.obj
                0x10001cc8                irq_set_exclusive_handler
 .text.irq_remove_handler
                0x10001d1c      0x1c0 CMakeFiles/EMNIST_float32.dir/__/pico-sdk/src/rp2_common/hardware_irq/irq.c.obj
                0x10001d1c                irq_remove_handler
 .text.irq_add_tail_to_free_list
                0x10001edc       0xbc CMakeFiles/EMNIST_float32.dir/__/pico-sdk/src/rp2_common/hardware_irq/irq.c.obj
                0x10001edc                irq_add_tail_to_free_list
 .text.irq_init_priorities
                0x10001f98       0x38 CMakeFiles/EMNIST_float32.dir/__/pico-sdk/src/rp2_common/hardware_irq/irq.c.obj
                0x10001f98                irq_init_priorities
 .text._out_buffer
                0x10001fd0        0x8 CMakeFiles/EMNIST_float32.dir/__/pico-sdk/src/rp2_common/pico_printf/printf.c.obj
 .text._out_null
                0x10001fd8        0x4 CMakeFiles/EMNIST_float32.dir/__/pico-sdk/src/rp2_common/pico_printf/printf.c.obj
 .text._out_rev
                0x10001fdc       0x9c CMakeFiles/EMNIST_float32.dir/__/pico-sdk/src/rp2_common/pico_printf/printf.c.obj
 .text._ntoa_format
                0x10002078      0x1cc CMakeFiles/EMNIST_float32.dir/__/pico-sdk/src/rp2_common/pico_printf/printf.c.obj
 .text._out_char
                0x10002244       0x10 CMakeFiles/EMNIST_float32.dir/__/pico-sdk/src/rp2_common/pico_printf/printf.c.obj
 .text._out_fct
                0x10002254       0x10 CMakeFiles/EMNIST_float32.dir/__/pico-sdk/src/rp2_common/pico_printf/printf.c.obj
 .text._etoa    0x10002264      0x424 CMakeFiles/EMNIST_float32.dir/__/pico-sdk/src/rp2_common/pico_printf/printf.c.obj
 .text._ftoa    0x10002688      0x398 CMakeFiles/EMNIST_float32.dir/__/pico-sdk/src/rp2_common/pico_printf/printf.c.obj
 .text._vsnprintf
                0x10002a20      0xb04 CMakeFiles/EMNIST_float32.dir/__/pico-sdk/src/rp2_common/pico_printf/printf.c.obj
 .text.__wrap_sprintf
                0x10003524       0x28 CMakeFiles/EMNIST_float32.dir/__/pico-sdk/src/rp2_common/pico_printf/printf.c.obj
                0x10003524                __wrap_sprintf
 .text.vfctprintf
                0x1000354c       0x20 CMakeFiles/EMNIST_float32.dir/__/pico-sdk/src/rp2_common/pico_printf/printf.c.obj
                0x1000354c                vfctprintf
 .text.weak_raw_vprintf
                0x1000356c       0x30 CMakeFiles/EMNIST_float32.dir/__/pico-sdk/src/rp2_common/pico_printf/printf.c.obj
                0x1000356c                weak_raw_vprintf
 .text          0x1000359c       0x10 CMakeFiles/EMNIST_float32.dir/__/pico-sdk/src/rp2_common/pico_bit_ops/bit_ops_aeabi.S.obj
 .text.clzsi    0x100035ac        0xc CMakeFiles/EMNIST_float32.dir/__/pico-sdk/src/rp2_common/pico_bit_ops/bit_ops_aeabi.S.obj
                0x100035ac                __wrap___clzsi2
                0x100035ac                __wrap___clzl
                0x100035ac                __wrap___clz
 .text.rom_func_lookup
                0x100035b8       0x10 CMakeFiles/EMNIST_float32.dir/__/pico-sdk/src/rp2_common/pico_bootrom/bootrom.c.obj
                0x100035b8                rom_func_lookup
 .text.rom_data_lookup
                0x100035c8       0x10 CMakeFiles/EMNIST_float32.dir/__/pico-sdk/src/rp2_common/pico_bootrom/bootrom.c.obj
                0x100035c8                rom_data_lookup
 .text.rom_funcs_lookup
                0x100035d8       0x44 CMakeFiles/EMNIST_float32.dir/__/pico-sdk/src/rp2_common/pico_bootrom/bootrom.c.obj
                0x100035d8                rom_funcs_lookup
 .text.__wrap___aeabi_idiv
                0x1000361c       0x58 CMakeFiles/EMNIST_float32.dir/__/pico-sdk/src/rp2_common/pico_divider/divider.S.obj
                0x1000361c                __wrap___aeabi_idivmod
                0x1000361c                divmod_s32s32
                0x1000361c                div_s32s32
                0x1000361c                __wrap___aeabi_idiv
                0x10003624                divmod_s32s32_unsafe
                0x10003650                divmod_s32s32_savestate
 .text.__wrap___aeabi_uidiv
                0x10003674       0x54 CMakeFiles/EMNIST_float32.dir/__/pico-sdk/src/rp2_common/pico_divider/divider.S.obj
                0x10003674                __wrap___aeabi_uidiv
                0x10003674                __wrap___aeabi_uidivmod
                0x10003674                div_u32u32
                0x10003674                divmod_u32u32
                0x1000367c                divmod_u32u32_unsafe
                0x100036a4                divmod_u32u32_savestate
 .text.__wrap___aeabi_ldiv
                0x100036c8      0x430 CMakeFiles/EMNIST_float32.dir/__/pico-sdk/src/rp2_common/pico_divider/divider.S.obj
                0x100036c8                div_s64s64
                0x100036c8                divmod_s64s64
                0x100036c8                __wrap___aeabi_ldivmod
                0x10003700                divmod_u64u64
                0x10003700                div_u64u64
                0x10003700                __wrap___aeabi_uldivmod
                0x10003710                divmod_u64u64_savestate
                0x10003738                divmod_s64s64_unsafe
                0x100037c0                divmod_u64u64_unsafe
 .text.__wrap___aeabi_darithmetic
                0x10003af8       0x54 CMakeFiles/EMNIST_float32.dir/__/pico-sdk/src/rp2_common/pico_double/double_aeabi.S.obj
                0x10003af8                __wrap___aeabi_drsub
                0x10003afe                __wrap___aeabi_dsub
                0x10003b10                __wrap___aeabi_dadd
                0x10003b22                __wrap___aeabi_ddiv
                0x10003b34                __wrap___aeabi_dmul
 .text.__wrap___aeabi_cdcmple
                0x10003b4c       0x6c CMakeFiles/EMNIST_float32.dir/__/pico-sdk/src/rp2_common/pico_double/double_aeabi.S.obj
                0x10003b4c                __wrap___aeabi_cdrcmple
                0x10003b5c                __wrap___aeabi_cdcmpeq
                0x10003b5c                __wrap___aeabi_cdcmple
 .text.__wrap___aeabi_dcmpeq
                0x10003bb8       0x10 CMakeFiles/EMNIST_float32.dir/__/pico-sdk/src/rp2_common/pico_double/double_aeabi.S.obj
                0x10003bb8                __wrap___aeabi_dcmpeq
 .text.__wrap___aeabi_dcmplt
                0x10003bc8        0xc CMakeFiles/EMNIST_float32.dir/__/pico-sdk/src/rp2_common/pico_double/double_aeabi.S.obj
                0x10003bc8                __wrap___aeabi_dcmplt
 .text.__wrap___aeabi_dcmple
                0x10003bd4       0x10 CMakeFiles/EMNIST_float32.dir/__/pico-sdk/src/rp2_common/pico_double/double_aeabi.S.obj
                0x10003bd4                __wrap___aeabi_dcmple
 .text.__wrap___aeabi_dcmpge
                0x10003be4       0x10 CMakeFiles/EMNIST_float32.dir/__/pico-sdk/src/rp2_common/pico_double/double_aeabi.S.obj
                0x10003be4                __wrap___aeabi_dcmpge
 .text.__wrap___aeabi_dcmpgt
                0x10003bf4        0xa CMakeFiles/EMNIST_float32.dir/__/pico-sdk/src/rp2_common/pico_double/double_aeabi.S.obj
                0x10003bf4                __wrap___aeabi_dcmpgt
 .text.__wrap___aeabi_dcmpun
                0x10003bfe       0x1c CMakeFiles/EMNIST_float32.dir/__/pico-sdk/src/rp2_common/pico_double/double_aeabi.S.obj
                0x10003bfe                __wrap___aeabi_dcmpun
 *fill*         0x10003c1a        0x2 
 .text.__wrap___aeabi_i2d
                0x10003c1c       0x38 CMakeFiles/EMNIST_float32.dir/__/pico-sdk/src/rp2_common/pico_double/double_aeabi.S.obj
                0x10003c1c                __wrap___aeabi_ui2d
                0x10003c24                __wrap___aeabi_i2d
 .text.__wrap___aeabi_d2iz
                0x10003c54       0x48 CMakeFiles/EMNIST_float32.dir/__/pico-sdk/src/rp2_common/pico_double/double_aeabi.S.obj
                0x10003c54                double2int_z
                0x10003c54                __wrap___aeabi_d2iz
 .text.__wrap___aeabi_d2uiz
                0x10003c9c       0x18 CMakeFiles/EMNIST_float32.dir/__/pico-sdk/src/rp2_common/pico_double/double_aeabi.S.obj
                0x10003c9c                __wrap___aeabi_d2uiz
                0x10003c9c                double2uint
 .text.__wrap___aeabi_l2d
                0x10003cb4       0x18 CMakeFiles/EMNIST_float32.dir/__/pico-sdk/src/rp2_common/pico_double/double_aeabi.S.obj
                0x10003cb4                __wrap___aeabi_l2d
 .text.__wrap___aeabi_ul2d
                0x10003ccc       0x18 CMakeFiles/EMNIST_float32.dir/__/pico-sdk/src/rp2_common/pico_double/double_aeabi.S.obj
                0x10003ccc                __wrap___aeabi_ul2d
 .text.__wrap___aeabi_d2lz
                0x10003ce4       0x26 CMakeFiles/EMNIST_float32.dir/__/pico-sdk/src/rp2_common/pico_double/double_aeabi.S.obj
                0x10003ce4                double2int64_z
                0x10003ce4                __wrap___aeabi_d2lz
 *fill*         0x10003d0a        0x2 
 .text.double2int64
                0x10003d0c       0x18 CMakeFiles/EMNIST_float32.dir/__/pico-sdk/src/rp2_common/pico_double/double_aeabi.S.obj
                0x10003d0c                double2int64
 .text.__wrap___aeabi_d2ulz
                0x10003d24       0x18 CMakeFiles/EMNIST_float32.dir/__/pico-sdk/src/rp2_common/pico_double/double_aeabi.S.obj
                0x10003d24                __wrap___aeabi_d2ulz
 .text.double2ufix64
                0x10003d3c       0x18 CMakeFiles/EMNIST_float32.dir/__/pico-sdk/src/rp2_common/pico_double/double_aeabi.S.obj
                0x10003d3c                double2ufix64
 .text.__wrap___aeabi_d2f
                0x10003d54       0x18 CMakeFiles/EMNIST_float32.dir/__/pico-sdk/src/rp2_common/pico_double/double_aeabi.S.obj
                0x10003d54                __wrap___aeabi_d2f
 .text.__aeabi_double_init
                0x10003d6c       0x80 CMakeFiles/EMNIST_float32.dir/__/pico-sdk/src/rp2_common/pico_double/double_init_rom.c.obj
                0x10003d6c                __aeabi_double_init
 .text.__wrap_round
                0x10003dec       0xa0 CMakeFiles/EMNIST_float32.dir/__/pico-sdk/src/rp2_common/pico_double/double_math.c.obj
                0x10003dec                __wrap_round
 .text.__wrap_floor
                0x10003e8c       0x94 CMakeFiles/EMNIST_float32.dir/__/pico-sdk/src/rp2_common/pico_double/double_math.c.obj
                0x10003e8c                __wrap_floor
 .text.double_table_shim_on_use_helper
                0x10003f20       0x2c CMakeFiles/EMNIST_float32.dir/__/pico-sdk/src/rp2_common/pico_double/double_v1_rom_shim.S.obj
                0x10003f20                double_table_shim_on_use_helper
 .text.__wrap___aeabi_dsub
                0x10003f4c       0x10 CMakeFiles/EMNIST_float32.dir/__/pico-sdk/src/rp2_common/pico_double/double_v1_rom_shim.S.obj
                0x10003f4c                drsub_shim
                0x10003f52                dsub_shim
 .text.dadd_shim
                0x10003f5c      0x15c CMakeFiles/EMNIST_float32.dir/__/pico-sdk/src/rp2_common/pico_double/double_v1_rom_shim.S.obj
                0x10003f5c                dadd_shim
 .text.dmul_shim
                0x100040b8      0x15c CMakeFiles/EMNIST_float32.dir/__/pico-sdk/src/rp2_common/pico_double/double_v1_rom_shim.S.obj
                0x100040b8                dmul_shim
 .text.ddiv_shim
                0x10004214      0x1b0 CMakeFiles/EMNIST_float32.dir/__/pico-sdk/src/rp2_common/pico_double/double_v1_rom_shim.S.obj
                0x10004214                ddiv_shim
 .text.dcordic_rot_step
                0x100043c4       0x7c CMakeFiles/EMNIST_float32.dir/__/pico-sdk/src/rp2_common/pico_double/double_v1_rom_shim.S.obj
                0x100043c4                dcordic_rot_step
 .text.double2uint_shim
                0x10004440        0xe CMakeFiles/EMNIST_float32.dir/__/pico-sdk/src/rp2_common/pico_double/double_v1_rom_shim.S.obj
                0x10004440                double2uint_shim
                0x10004442                double2ufix_shim
 .text.double2int64_shim
                0x1000444e       0x1a CMakeFiles/EMNIST_float32.dir/__/pico-sdk/src/rp2_common/pico_double/double_v1_rom_shim.S.obj
                0x1000444e                double2int64_shim
                0x10004450                double2fix64_shim
 .text.double2uint64_shim
                0x10004468       0x6c CMakeFiles/EMNIST_float32.dir/__/pico-sdk/src/rp2_common/pico_double/double_v1_rom_shim.S.obj
                0x10004468                double2uint64_shim
                0x1000446a                double2ufix64_shim
                0x10004484                d2fix_a
 .text.double2float_shim
                0x100044d4       0x5c CMakeFiles/EMNIST_float32.dir/__/pico-sdk/src/rp2_common/pico_double/double_v1_rom_shim.S.obj
                0x100044d4                double2float_shim
 .text.x2double_shims
                0x10004530       0x90 CMakeFiles/EMNIST_float32.dir/__/pico-sdk/src/rp2_common/pico_double/double_v1_rom_shim.S.obj
                0x10004530                uint2double_shim
                0x10004532                ufix2double_shim
                0x10004538                int2double_shim
                0x1000453a                fix2double_shim
                0x10004540                uint642double_shim
                0x10004542                ufix642double_shim
                0x10004548                int642double_shim
                0x1000454a                fix642double_shim
 .text.dunpacks
                0x100045c0       0x3c CMakeFiles/EMNIST_float32.dir/__/pico-sdk/src/rp2_common/pico_double/double_v1_rom_shim.S.obj
                0x100045c0                dunpacks
 .text.__aeabi_lmul
                0x100045fc       0x32 CMakeFiles/EMNIST_float32.dir/__/pico-sdk/src/rp2_common/pico_int64_ops/pico_int64_ops_aeabi.S.obj
                0x100045fc                __wrap___aeabi_lmul
 *fill*         0x1000462e        0x2 
 .text.__wrap___aeabi_farithmetic
                0x10004630       0x24 CMakeFiles/EMNIST_float32.dir/__/pico-sdk/src/rp2_common/pico_float/float_aeabi.S.obj
                0x10004630                __wrap___aeabi_frsub
                0x10004636                __wrap___aeabi_fsub
                0x1000463c                __wrap___aeabi_fadd
                0x10004642                __wrap___aeabi_fdiv
                0x10004648                __wrap___aeabi_fmul
 .text.__wrap___aeabi_cfcmple
                0x10004654       0x50 CMakeFiles/EMNIST_float32.dir/__/pico-sdk/src/rp2_common/pico_float/float_aeabi.S.obj
                0x10004654                __wrap___aeabi_cfrcmple
                0x10004660                __wrap___aeabi_cfcmple
                0x10004660                __wrap___aeabi_cfcmpeq
 .text.__wrap___aeabi_fcmpeq
                0x100046a4       0x10 CMakeFiles/EMNIST_float32.dir/__/pico-sdk/src/rp2_common/pico_float/float_aeabi.S.obj
                0x100046a4                __wrap___aeabi_fcmpeq
 .text.__wrap___aeabi_fcmplt
                0x100046b4        0xc CMakeFiles/EMNIST_float32.dir/__/pico-sdk/src/rp2_common/pico_float/float_aeabi.S.obj
                0x100046b4                __wrap___aeabi_fcmplt
 .text.__wrap___aeabi_fcmple
                0x100046c0       0x10 CMakeFiles/EMNIST_float32.dir/__/pico-sdk/src/rp2_common/pico_float/float_aeabi.S.obj
                0x100046c0                __wrap___aeabi_fcmple
 .text.__wrap___aeabi_fcmpge
                0x100046d0       0x10 CMakeFiles/EMNIST_float32.dir/__/pico-sdk/src/rp2_common/pico_float/float_aeabi.S.obj
                0x100046d0                __wrap___aeabi_fcmpge
 .text.__wrap___aeabi_fcmpgt
                0x100046e0        0xa CMakeFiles/EMNIST_float32.dir/__/pico-sdk/src/rp2_common/pico_float/float_aeabi.S.obj
                0x100046e0                __wrap___aeabi_fcmpgt
 .text.__wrap___aeabi_ui2f
                0x100046ea        0xa CMakeFiles/EMNIST_float32.dir/__/pico-sdk/src/rp2_common/pico_float/float_aeabi.S.obj
                0x100046ea                __wrap___aeabi_ui2f
 .text.__wrap___aeabi_i2f
                0x100046f4       0x44 CMakeFiles/EMNIST_float32.dir/__/pico-sdk/src/rp2_common/pico_float/float_aeabi.S.obj
                0x100046f4                __wrap___aeabi_i2f
 .text.__wrap___aeabi_f2iz
                0x10004738       0x4e CMakeFiles/EMNIST_float32.dir/__/pico-sdk/src/rp2_common/pico_float/float_aeabi.S.obj
                0x10004738                float2int_z
                0x10004738                __wrap___aeabi_f2iz
 *fill*         0x10004786        0x2 
 .text.float2int
                0x10004788       0x14 CMakeFiles/EMNIST_float32.dir/__/pico-sdk/src/rp2_common/pico_float/float_aeabi.S.obj
                0x10004788                float2int
 .text.__wrap___aeabi_f2uiz
                0x1000479c        0xc CMakeFiles/EMNIST_float32.dir/__/pico-sdk/src/rp2_common/pico_float/float_aeabi.S.obj
                0x1000479c                __wrap___aeabi_f2uiz
 .text.fix2float
                0x100047a8        0xc CMakeFiles/EMNIST_float32.dir/__/pico-sdk/src/rp2_common/pico_float/float_aeabi.S.obj
                0x100047a8                fix2float
 .text.__wrap___aeabi_f2d
                0x100047b4       0x14 CMakeFiles/EMNIST_float32.dir/__/pico-sdk/src/rp2_common/pico_float/float_aeabi.S.obj
                0x100047b4                __wrap___aeabi_f2d
 .text.__wrap_srqtf
                0x100047c8       0x20 CMakeFiles/EMNIST_float32.dir/__/pico-sdk/src/rp2_common/pico_float/float_aeabi.S.obj
                0x100047c8                __wrap_sqrtf
 .text.__wrap_cosf
                0x100047e8       0x24 CMakeFiles/EMNIST_float32.dir/__/pico-sdk/src/rp2_common/pico_float/float_aeabi.S.obj
                0x100047e8                __wrap_cosf
 .text.__wrap_sinf
                0x1000480c       0x24 CMakeFiles/EMNIST_float32.dir/__/pico-sdk/src/rp2_common/pico_float/float_aeabi.S.obj
                0x1000480c                __wrap_sinf
 .text.__wrap_expf
                0x10004830        0xc CMakeFiles/EMNIST_float32.dir/__/pico-sdk/src/rp2_common/pico_float/float_aeabi.S.obj
                0x10004830                __wrap_expf
 .text.__wrap_logf
                0x1000483c        0xc CMakeFiles/EMNIST_float32.dir/__/pico-sdk/src/rp2_common/pico_float/float_aeabi.S.obj
                0x1000483c                __wrap_logf
 .text.__aeabi_float_init
                0x10004848       0x64 CMakeFiles/EMNIST_float32.dir/__/pico-sdk/src/rp2_common/pico_float/float_init_rom.c.obj
                0x10004848                __aeabi_float_init
 .text.__wrap_roundf
                0x100048ac       0x3c CMakeFiles/EMNIST_float32.dir/__/pico-sdk/src/rp2_common/pico_float/float_math.c.obj
                0x100048ac                __wrap_roundf
 .text.__wrap_floorf
                0x100048e8       0x40 CMakeFiles/EMNIST_float32.dir/__/pico-sdk/src/rp2_common/pico_float/float_math.c.obj
                0x100048e8                __wrap_floorf
 .text.__wrap_ceilf
                0x10004928       0x44 CMakeFiles/EMNIST_float32.dir/__/pico-sdk/src/rp2_common/pico_float/float_math.c.obj
                0x10004928                __wrap_ceilf
 .text.__wrap_tanhf
                0x1000496c       0x4c CMakeFiles/EMNIST_float32.dir/__/pico-sdk/src/rp2_common/pico_float/float_math.c.obj
                0x1000496c                __wrap_tanhf
 .text.__wrap_remquof
                0x100049b8      0x14c CMakeFiles/EMNIST_float32.dir/__/pico-sdk/src/rp2_common/pico_float/float_math.c.obj
                0x100049b8                __wrap_remquof
 .text.__wrap_remainderf
                0x10004b04        0xc CMakeFiles/EMNIST_float32.dir/__/pico-sdk/src/rp2_common/pico_float/float_math.c.obj
                0x10004b04                __wrap_remainderf
 .text.float_table_shim_on_use_helper
                0x10004b10       0x2c CMakeFiles/EMNIST_float32.dir/__/pico-sdk/src/rp2_common/pico_float/float_v1_rom_shim.S.obj
                0x10004b10                float_table_shim_on_use_helper
 .text.float232_shims
                0x10004b3c       0x18 CMakeFiles/EMNIST_float32.dir/__/pico-sdk/src/rp2_common/pico_float/float_v1_rom_shim.S.obj
                0x10004b3c                float2int_shim
                0x10004b3e                float2fix_shim
 .text.float2double_shim
                0x10004b54       0x30 CMakeFiles/EMNIST_float32.dir/__/pico-sdk/src/rp2_common/pico_float/float_v1_rom_shim.S.obj
                0x10004b54                float2double_shim
 .text.__wrap_malloc
                0x10004b84        0x8 CMakeFiles/EMNIST_float32.dir/__/pico-sdk/src/rp2_common/pico_malloc/pico_malloc.c.obj
                0x10004b84                __wrap_malloc
 .text.__wrap_calloc
                0x10004b8c        0x8 CMakeFiles/EMNIST_float32.dir/__/pico-sdk/src/rp2_common/pico_malloc/pico_malloc.c.obj
                0x10004b8c                __wrap_calloc
 .text.__wrap_free
                0x10004b94        0x8 CMakeFiles/EMNIST_float32.dir/__/pico-sdk/src/rp2_common/pico_malloc/pico_malloc.c.obj
                0x10004b94                __wrap_free
 .text          0x10004b9c       0x10 CMakeFiles/EMNIST_float32.dir/__/pico-sdk/src/rp2_common/pico_mem_ops/mem_ops_aeabi.S.obj
                0x10004b9c                __aeabi_mem_init
 .text.memset   0x10004bac        0xc CMakeFiles/EMNIST_float32.dir/__/pico-sdk/src/rp2_common/pico_mem_ops/mem_ops_aeabi.S.obj
                0x10004bac                __wrap_memset
 .text.memcpy   0x10004bb8        0xc CMakeFiles/EMNIST_float32.dir/__/pico-sdk/src/rp2_common/pico_mem_ops/mem_ops_aeabi.S.obj
                0x10004bb8                __wrap_memcpy
                0x10004bb8                __wrap___aeabi_memcpy
 .text._Znaj    0x10004bc4        0x8 CMakeFiles/EMNIST_float32.dir/__/pico-sdk/src/rp2_common/pico_standard_link/new_delete.cpp.obj
                0x10004bc4                operator new[](unsigned int)
 .text._ZdlPvj  0x10004bcc        0x8 CMakeFiles/EMNIST_float32.dir/__/pico-sdk/src/rp2_common/pico_standard_link/new_delete.cpp.obj
                0x10004bcc                operator delete(void*, unsigned int)
 .text.stdio_out_chars_crlf.part.0
                0x10004bd4       0xa0 CMakeFiles/EMNIST_float32.dir/__/pico-sdk/src/rp2_common/pico_stdio/stdio.c.obj
 .text.stdio_buffered_printer
                0x10004c74       0x78 CMakeFiles/EMNIST_float32.dir/__/pico-sdk/src/rp2_common/pico_stdio/stdio.c.obj
 .text.stdio_put_string.isra.0
                0x10004cec       0xf8 CMakeFiles/EMNIST_float32.dir/__/pico-sdk/src/rp2_common/pico_stdio/stdio.c.obj
 .text.__wrap_putchar
                0x10004de4       0x1c CMakeFiles/EMNIST_float32.dir/__/pico-sdk/src/rp2_common/pico_stdio/stdio.c.obj
                0x10004de4                __wrap_putchar
 .text.__wrap_puts
                0x10004e00       0x3c CMakeFiles/EMNIST_float32.dir/__/pico-sdk/src/rp2_common/pico_stdio/stdio.c.obj
                0x10004e00                __wrap_puts
 .text._read    0x10004e3c       0xbc CMakeFiles/EMNIST_float32.dir/__/pico-sdk/src/rp2_common/pico_stdio/stdio.c.obj
                0x10004e3c                _read
 .text._write   0x10004ef8       0x20 CMakeFiles/EMNIST_float32.dir/__/pico-sdk/src/rp2_common/pico_stdio/stdio.c.obj
                0x10004ef8                _write
 .text.stdio_set_driver_enabled
                0x10004f18       0x3c CMakeFiles/EMNIST_float32.dir/__/pico-sdk/src/rp2_common/pico_stdio/stdio.c.obj
                0x10004f18                stdio_set_driver_enabled
 .text.__wrap_vprintf
                0x10004f54       0xe8 CMakeFiles/EMNIST_float32.dir/__/pico-sdk/src/rp2_common/pico_stdio/stdio.c.obj
                0x10004f54                __wrap_vprintf
 .text.__wrap_printf
                0x1000503c       0x18 CMakeFiles/EMNIST_float32.dir/__/pico-sdk/src/rp2_common/pico_stdio/stdio.c.obj
                0x1000503c                __wrap_printf
 .text.stdio_init_all
                0x10005054        0xc CMakeFiles/EMNIST_float32.dir/__/pico-sdk/src/rp2_common/pico_stdio/stdio.c.obj
                0x10005054                stdio_init_all
 .text.stdio_uart_out_chars
                0x10005060       0x3c CMakeFiles/EMNIST_float32.dir/__/pico-sdk/src/rp2_common/pico_stdio_uart/stdio_uart.c.obj
 .text.stdio_uart_in_chars
                0x1000509c       0x38 CMakeFiles/EMNIST_float32.dir/__/pico-sdk/src/rp2_common/pico_stdio_uart/stdio_uart.c.obj
                0x1000509c                stdio_uart_in_chars
 .text.stdio_uart_init
                0x100050d4       0x40 CMakeFiles/EMNIST_float32.dir/__/pico-sdk/src/rp2_common/pico_stdio_uart/stdio_uart.c.obj
                0x100050d4                stdio_uart_init
 .text.stdio_usb_in_chars
                0x10005114       0x68 CMakeFiles/EMNIST_float32.dir/__/pico-sdk/src/rp2_common/pico_stdio_usb/stdio_usb.c.obj
                0x10005114                stdio_usb_in_chars
 .text.stdio_usb_out_chars
                0x1000517c       0xe4 CMakeFiles/EMNIST_float32.dir/__/pico-sdk/src/rp2_common/pico_stdio_usb/stdio_usb.c.obj
 .text.timer_task
                0x10005260       0x10 CMakeFiles/EMNIST_float32.dir/__/pico-sdk/src/rp2_common/pico_stdio_usb/stdio_usb.c.obj
 .text.low_priority_worker_irq
                0x10005270       0x24 CMakeFiles/EMNIST_float32.dir/__/pico-sdk/src/rp2_common/pico_stdio_usb/stdio_usb.c.obj
 .text.stdio_usb_init
                0x10005294       0x90 CMakeFiles/EMNIST_float32.dir/__/pico-sdk/src/rp2_common/pico_stdio_usb/stdio_usb.c.obj
                0x10005294                stdio_usb_init
 .text.tud_descriptor_device_cb
                0x10005324        0x8 CMakeFiles/EMNIST_float32.dir/__/pico-sdk/src/rp2_common/pico_stdio_usb/stdio_usb_descriptors.c.obj
                0x10005324                tud_descriptor_device_cb
 .text.tud_descriptor_configuration_cb
                0x1000532c        0x8 CMakeFiles/EMNIST_float32.dir/__/pico-sdk/src/rp2_common/pico_stdio_usb/stdio_usb_descriptors.c.obj
                0x1000532c                tud_descriptor_configuration_cb
 .text.tud_descriptor_string_cb
                0x10005334       0x5c CMakeFiles/EMNIST_float32.dir/__/pico-sdk/src/rp2_common/pico_stdio_usb/stdio_usb_descriptors.c.obj
                0x10005334                tud_descriptor_string_cb
 .text.dcd_rp2040_irq
                0x10005390      0x134 CMakeFiles/EMNIST_float32.dir/__/pico-sdk/lib/tinyusb/src/portable/raspberrypi/rp2040/dcd_rp2040.c.obj
 .text.dcd_int_enable
                0x100054c4        0xc CMakeFiles/EMNIST_float32.dir/__/pico-sdk/lib/tinyusb/src/portable/raspberrypi/rp2040/dcd_rp2040.c.obj
                0x100054c4                dcd_int_enable
 .text.dcd_set_address
                0x100054d0       0x30 CMakeFiles/EMNIST_float32.dir/__/pico-sdk/lib/tinyusb/src/portable/raspberrypi/rp2040/dcd_rp2040.c.obj
                0x100054d0                dcd_set_address
 .text.dcd_connect
                0x10005500       0x10 CMakeFiles/EMNIST_float32.dir/__/pico-sdk/lib/tinyusb/src/portable/raspberrypi/rp2040/dcd_rp2040.c.obj
                0x10005500                dcd_connect
 .text.dcd_init
                0x10005510       0xa4 CMakeFiles/EMNIST_float32.dir/__/pico-sdk/lib/tinyusb/src/portable/raspberrypi/rp2040/dcd_rp2040.c.obj
                0x10005510                dcd_init
 .text.dcd_edpt0_status_complete
                0x100055b4       0x38 CMakeFiles/EMNIST_float32.dir/__/pico-sdk/lib/tinyusb/src/portable/raspberrypi/rp2040/dcd_rp2040.c.obj
                0x100055b4                dcd_edpt0_status_complete
 .text.dcd_edpt_open
                0x100055ec      0x14c CMakeFiles/EMNIST_float32.dir/__/pico-sdk/lib/tinyusb/src/portable/raspberrypi/rp2040/dcd_rp2040.c.obj
                0x100055ec                dcd_edpt_open
 .text.dcd_edpt_xfer
                0x10005738       0x2c CMakeFiles/EMNIST_float32.dir/__/pico-sdk/lib/tinyusb/src/portable/raspberrypi/rp2040/dcd_rp2040.c.obj
                0x10005738                dcd_edpt_xfer
 .text.dcd_edpt_stall
                0x10005764       0x50 CMakeFiles/EMNIST_float32.dir/__/pico-sdk/lib/tinyusb/src/portable/raspberrypi/rp2040/dcd_rp2040.c.obj
                0x10005764                dcd_edpt_stall
 .text.dcd_edpt_clear_stall
                0x100057b4       0x50 CMakeFiles/EMNIST_float32.dir/__/pico-sdk/lib/tinyusb/src/portable/raspberrypi/rp2040/dcd_rp2040.c.obj
                0x100057b4                dcd_edpt_clear_stall
 .text._hw_endpoint_buffer_control_update32.part.0.isra.0
                0x10005804       0x18 CMakeFiles/EMNIST_float32.dir/__/pico-sdk/lib/tinyusb/src/portable/raspberrypi/rp2040/rp2040_usb.c.obj
 .text.rp2040_usb_init
                0x1000581c       0x50 CMakeFiles/EMNIST_float32.dir/__/pico-sdk/lib/tinyusb/src/portable/raspberrypi/rp2040/rp2040_usb.c.obj
                0x1000581c                rp2040_usb_init
 .text.hw_endpoint_reset_transfer
                0x1000586c       0x14 CMakeFiles/EMNIST_float32.dir/__/pico-sdk/lib/tinyusb/src/portable/raspberrypi/rp2040/rp2040_usb.c.obj
                0x1000586c                hw_endpoint_reset_transfer
 .text._hw_endpoint_buffer_control_update32
                0x10005880       0x44 CMakeFiles/EMNIST_float32.dir/__/pico-sdk/lib/tinyusb/src/portable/raspberrypi/rp2040/rp2040_usb.c.obj
                0x10005880                _hw_endpoint_buffer_control_update32
 .text._hw_endpoint_xfer_continue
                0x100058c4      0x100 CMakeFiles/EMNIST_float32.dir/__/pico-sdk/lib/tinyusb/src/portable/raspberrypi/rp2040/rp2040_usb.c.obj
                0x100058c4                _hw_endpoint_xfer_continue
 .text._hw_endpoint_xfer
                0x100059c4       0xb0 CMakeFiles/EMNIST_float32.dir/__/pico-sdk/lib/tinyusb/src/portable/raspberrypi/rp2040/rp2040_usb.c.obj
                0x100059c4                _hw_endpoint_xfer
 .text.tud_mounted
                0x10005a74       0x10 CMakeFiles/EMNIST_float32.dir/__/pico-sdk/lib/tinyusb/src/device/usbd.c.obj
                0x10005a74                tud_mounted
 .text.tud_suspended
                0x10005a84       0x10 CMakeFiles/EMNIST_float32.dir/__/pico-sdk/lib/tinyusb/src/device/usbd.c.obj
                0x10005a84                tud_suspended
 .text.tud_init
                0x10005a94       0xb0 CMakeFiles/EMNIST_float32.dir/__/pico-sdk/lib/tinyusb/src/device/usbd.c.obj
                0x10005a94                tud_init
 .text.tud_task
                0x10005b44      0x804 CMakeFiles/EMNIST_float32.dir/__/pico-sdk/lib/tinyusb/src/device/usbd.c.obj
                0x10005b44                tud_task
 .text.dcd_event_bus_signal
                0x10006348       0xe0 CMakeFiles/EMNIST_float32.dir/__/pico-sdk/lib/tinyusb/src/device/usbd.c.obj
                0x10006348                dcd_event_bus_signal
 .text.dcd_event_setup_received
                0x10006428       0x50 CMakeFiles/EMNIST_float32.dir/__/pico-sdk/lib/tinyusb/src/device/usbd.c.obj
                0x10006428                dcd_event_setup_received
 .text.dcd_event_xfer_complete
                0x10006478       0x68 CMakeFiles/EMNIST_float32.dir/__/pico-sdk/lib/tinyusb/src/device/usbd.c.obj
                0x10006478                dcd_event_xfer_complete
 .text.usbd_open_edpt_pair
                0x100064e0       0x68 CMakeFiles/EMNIST_float32.dir/__/pico-sdk/lib/tinyusb/src/device/usbd.c.obj
                0x100064e0                usbd_open_edpt_pair
 .text.usbd_edpt_open
                0x10006548        0x8 CMakeFiles/EMNIST_float32.dir/__/pico-sdk/lib/tinyusb/src/device/usbd.c.obj
                0x10006548                usbd_edpt_open
 .text.usbd_edpt_claim
                0x10006550       0x64 CMakeFiles/EMNIST_float32.dir/__/pico-sdk/lib/tinyusb/src/device/usbd.c.obj
                0x10006550                usbd_edpt_claim
 .text.usbd_edpt_release
                0x100065b4       0x4c CMakeFiles/EMNIST_float32.dir/__/pico-sdk/lib/tinyusb/src/device/usbd.c.obj
                0x100065b4                usbd_edpt_release
 .text.usbd_edpt_xfer
                0x10006600       0x48 CMakeFiles/EMNIST_float32.dir/__/pico-sdk/lib/tinyusb/src/device/usbd.c.obj
                0x10006600                usbd_edpt_xfer
 .text.tud_control_status
                0x10006648       0x30 CMakeFiles/EMNIST_float32.dir/__/pico-sdk/lib/tinyusb/src/device/usbd_control.c.obj
                0x10006648                tud_control_status
 .text.tud_control_xfer
                0x10006678       0xbc CMakeFiles/EMNIST_float32.dir/__/pico-sdk/lib/tinyusb/src/device/usbd_control.c.obj
                0x10006678                tud_control_xfer
 .text.usbd_control_reset
                0x10006734       0x14 CMakeFiles/EMNIST_float32.dir/__/pico-sdk/lib/tinyusb/src/device/usbd_control.c.obj
                0x10006734                usbd_control_reset
 .text.usbd_control_set_complete_callback
                0x10006748        0xc CMakeFiles/EMNIST_float32.dir/__/pico-sdk/lib/tinyusb/src/device/usbd_control.c.obj
                0x10006748                usbd_control_set_complete_callback
 .text.usbd_control_set_request
                0x10006754       0x1c CMakeFiles/EMNIST_float32.dir/__/pico-sdk/lib/tinyusb/src/device/usbd_control.c.obj
                0x10006754                usbd_control_set_request
 .text.usbd_control_xfer_cb
                0x10006770       0xec CMakeFiles/EMNIST_float32.dir/__/pico-sdk/lib/tinyusb/src/device/usbd_control.c.obj
                0x10006770                usbd_control_xfer_cb
 .text.tud_cdc_n_connected
                0x1000685c       0x34 CMakeFiles/EMNIST_float32.dir/__/pico-sdk/lib/tinyusb/src/class/cdc/cdc_device.c.obj
                0x1000685c                tud_cdc_n_connected
 .text.tud_cdc_n_available
                0x10006890       0x1c CMakeFiles/EMNIST_float32.dir/__/pico-sdk/lib/tinyusb/src/class/cdc/cdc_device.c.obj
                0x10006890                tud_cdc_n_available
 .text.tud_cdc_n_read
                0x100068ac       0x74 CMakeFiles/EMNIST_float32.dir/__/pico-sdk/lib/tinyusb/src/class/cdc/cdc_device.c.obj
                0x100068ac                tud_cdc_n_read
 .text.tud_cdc_n_write_flush
                0x10006920       0xa4 CMakeFiles/EMNIST_float32.dir/__/pico-sdk/lib/tinyusb/src/class/cdc/cdc_device.c.obj
                0x10006920                tud_cdc_n_write_flush
 .text.tud_cdc_n_write
                0x100069c4       0x38 CMakeFiles/EMNIST_float32.dir/__/pico-sdk/lib/tinyusb/src/class/cdc/cdc_device.c.obj
                0x100069c4                tud_cdc_n_write
 .text.tud_cdc_n_write_available
                0x100069fc       0x1c CMakeFiles/EMNIST_float32.dir/__/pico-sdk/lib/tinyusb/src/class/cdc/cdc_device.c.obj
                0x100069fc                tud_cdc_n_write_available
 .text.cdcd_init
                0x10006a18       0x78 CMakeFiles/EMNIST_float32.dir/__/pico-sdk/lib/tinyusb/src/class/cdc/cdc_device.c.obj
                0x10006a18                cdcd_init
 .text.cdcd_reset
                0x10006a90       0x24 CMakeFiles/EMNIST_float32.dir/__/pico-sdk/lib/tinyusb/src/class/cdc/cdc_device.c.obj
                0x10006a90                cdcd_reset
 .text.cdcd_open
                0x10006ab4       0xec CMakeFiles/EMNIST_float32.dir/__/pico-sdk/lib/tinyusb/src/class/cdc/cdc_device.c.obj
                0x10006ab4                cdcd_open
 .text.cdcd_control_complete
                0x10006ba0       0x44 CMakeFiles/EMNIST_float32.dir/__/pico-sdk/lib/tinyusb/src/class/cdc/cdc_device.c.obj
                0x10006ba0                cdcd_control_complete
 .text.cdcd_control_request
                0x10006be4       0x68 CMakeFiles/EMNIST_float32.dir/__/pico-sdk/lib/tinyusb/src/class/cdc/cdc_device.c.obj
                0x10006be4                cdcd_control_request
 .text.cdcd_xfer_cb
                0x10006c4c      0x154 CMakeFiles/EMNIST_float32.dir/__/pico-sdk/lib/tinyusb/src/class/cdc/cdc_device.c.obj
                0x10006c4c                cdcd_xfer_cb
 .text.tusb_init
                0x10006da0       0x20 CMakeFiles/EMNIST_float32.dir/__/pico-sdk/lib/tinyusb/src/tusb.c.obj
                0x10006da0                tusb_init
 .text.tusb_inited
                0x10006dc0        0xc CMakeFiles/EMNIST_float32.dir/__/pico-sdk/lib/tinyusb/src/tusb.c.obj
                0x10006dc0                tusb_inited
 .text.tu_fifo_config
                0x10006dcc       0x78 CMakeFiles/EMNIST_float32.dir/__/pico-sdk/lib/tinyusb/src/common/tusb_fifo.c.obj
                0x10006dcc                tu_fifo_config
 .text.tu_fifo_count
                0x10006e44       0x18 CMakeFiles/EMNIST_float32.dir/__/pico-sdk/lib/tinyusb/src/common/tusb_fifo.c.obj
                0x10006e44                tu_fifo_count
 .text.tu_fifo_remaining
                0x10006e5c       0x1c CMakeFiles/EMNIST_float32.dir/__/pico-sdk/lib/tinyusb/src/common/tusb_fifo.c.obj
                0x10006e5c                tu_fifo_remaining
 .text.tu_fifo_read
                0x10006e78       0xa8 CMakeFiles/EMNIST_float32.dir/__/pico-sdk/lib/tinyusb/src/common/tusb_fifo.c.obj
                0x10006e78                tu_fifo_read
 .text.tu_fifo_read_n
                0x10006f20       0xfc CMakeFiles/EMNIST_float32.dir/__/pico-sdk/lib/tinyusb/src/common/tusb_fifo.c.obj
                0x10006f20                tu_fifo_read_n
 .text.tu_fifo_write
                0x1000701c       0x84 CMakeFiles/EMNIST_float32.dir/__/pico-sdk/lib/tinyusb/src/common/tusb_fifo.c.obj
                0x1000701c                tu_fifo_write
 .text.tu_fifo_write_n
                0x100070a0       0xfc CMakeFiles/EMNIST_float32.dir/__/pico-sdk/lib/tinyusb/src/common/tusb_fifo.c.obj
                0x100070a0                tu_fifo_write_n
 .text.tu_fifo_clear
                0x1000719c       0x2c CMakeFiles/EMNIST_float32.dir/__/pico-sdk/lib/tinyusb/src/common/tusb_fifo.c.obj
                0x1000719c                tu_fifo_clear
 .text.TfLiteIntArrayGetSizeInBytes
                0x100071c8        0x8 CMakeFiles/EMNIST_float32.dir/__/pico-tflmicro/src/tensorflow/lite/c/common.c.obj
                0x100071c8                TfLiteIntArrayGetSizeInBytes
 .text.TfLiteIntArrayEqual
                0x100071d0       0x3c CMakeFiles/EMNIST_float32.dir/__/pico-tflmicro/src/tensorflow/lite/c/common.c.obj
                0x100071d0                TfLiteIntArrayEqual
 .text.TfLiteTypeGetName
                0x1000720c       0x18 CMakeFiles/EMNIST_float32.dir/__/pico-tflmicro/src/tensorflow/lite/c/common.c.obj
                0x1000720c                TfLiteTypeGetName
 .text._ZN6tflite13ErrorReporter6ReportEPKcz
                0x10007224       0x1c CMakeFiles/EMNIST_float32.dir/__/pico-tflmicro/src/tensorflow/lite/core/api/error_reporter.cpp.obj
                0x10007224                tflite::ErrorReporter::Report(char const*, ...)
 .text._ZN6tflite13ErrorReporter11ReportErrorEPvPKcz
                0x10007240       0x1c CMakeFiles/EMNIST_float32.dir/__/pico-tflmicro/src/tensorflow/lite/core/api/error_reporter.cpp.obj
                0x10007240                tflite::ErrorReporter::ReportError(void*, char const*, ...)
 .text._ZN6tflite17ConvertTensorTypeENS_10TensorTypeEP10TfLiteTypePNS_13ErrorReporterE
                0x1000725c       0x90 CMakeFiles/EMNIST_float32.dir/__/pico-tflmicro/src/tensorflow/lite/core/api/flatbuffer_conversions.cpp.obj
                0x1000725c                tflite::ConvertTensorType(tflite::TensorType, TfLiteType*, tflite::ErrorReporter*)
 .text._ZN6tflite8ParseAbsEPKNS_8OperatorEPNS_13ErrorReporterEPNS_20BuiltinDataAllocatorEPPv
                0x100072ec        0x4 CMakeFiles/EMNIST_float32.dir/__/pico-tflmicro/src/tensorflow/lite/core/api/flatbuffer_conversions.cpp.obj
                0x100072ec                tflite::ParseAbs(tflite::Operator const*, tflite::ErrorReporter*, tflite::BuiltinDataAllocator*, void**)
 .text._ZN6tflite8ParseAddEPKNS_8OperatorEPNS_13ErrorReporterEPNS_20BuiltinDataAllocatorEPPv
                0x100072f0       0xa0 CMakeFiles/EMNIST_float32.dir/__/pico-tflmicro/src/tensorflow/lite/core/api/flatbuffer_conversions.cpp.obj
                0x100072f0                tflite::ParseAdd(tflite::Operator const*, tflite::ErrorReporter*, tflite::BuiltinDataAllocator*, void**)
 .text._ZN6tflite11ParseArgMaxEPKNS_8OperatorEPNS_13ErrorReporterEPNS_20BuiltinDataAllocatorEPPv
                0x10007390       0x80 CMakeFiles/EMNIST_float32.dir/__/pico-tflmicro/src/tensorflow/lite/core/api/flatbuffer_conversions.cpp.obj
                0x10007390                tflite::ParseArgMax(tflite::Operator const*, tflite::ErrorReporter*, tflite::BuiltinDataAllocator*, void**)
 .text._ZN6tflite11ParseArgMinEPKNS_8OperatorEPNS_13ErrorReporterEPNS_20BuiltinDataAllocatorEPPv
                0x10007410       0x80 CMakeFiles/EMNIST_float32.dir/__/pico-tflmicro/src/tensorflow/lite/core/api/flatbuffer_conversions.cpp.obj
                0x10007410                tflite::ParseArgMin(tflite::Operator const*, tflite::ErrorReporter*, tflite::BuiltinDataAllocator*, void**)
 .text._ZN6tflite9ParseCeilEPKNS_8OperatorEPNS_13ErrorReporterEPNS_20BuiltinDataAllocatorEPPv
                0x10007490        0x4 CMakeFiles/EMNIST_float32.dir/__/pico-tflmicro/src/tensorflow/lite/core/api/flatbuffer_conversions.cpp.obj
                0x10007490                tflite::ParseCeil(tflite::Operator const*, tflite::ErrorReporter*, tflite::BuiltinDataAllocator*, void**)
 .text._ZN6tflite18ParseConcatenationEPKNS_8OperatorEPNS_13ErrorReporterEPNS_20BuiltinDataAllocatorEPPv
                0x10007494       0x74 CMakeFiles/EMNIST_float32.dir/__/pico-tflmicro/src/tensorflow/lite/core/api/flatbuffer_conversions.cpp.obj
                0x10007494                tflite::ParseConcatenation(tflite::Operator const*, tflite::ErrorReporter*, tflite::BuiltinDataAllocator*, void**)
 .text._ZN6tflite11ParseConv2DEPKNS_8OperatorEPNS_13ErrorReporterEPNS_20BuiltinDataAllocatorEPPv
                0x10007508       0xd8 CMakeFiles/EMNIST_float32.dir/__/pico-tflmicro/src/tensorflow/lite/core/api/flatbuffer_conversions.cpp.obj
                0x10007508                tflite::ParseConv2D(tflite::Operator const*, tflite::ErrorReporter*, tflite::BuiltinDataAllocator*, void**)
 .text._ZN6tflite8ParseCosEPKNS_8OperatorEPNS_13ErrorReporterEPNS_20BuiltinDataAllocatorEPPv
                0x100075e0        0x4 CMakeFiles/EMNIST_float32.dir/__/pico-tflmicro/src/tensorflow/lite/core/api/flatbuffer_conversions.cpp.obj
                0x100075e0                tflite::ParseCos(tflite::Operator const*, tflite::ErrorReporter*, tflite::BuiltinDataAllocator*, void**)
 .text._ZN6tflite20ParseDepthwiseConv2DEPKNS_8OperatorEPNS_13ErrorReporterEPNS_20BuiltinDataAllocatorEPPv
                0x100075e4       0xf0 CMakeFiles/EMNIST_float32.dir/__/pico-tflmicro/src/tensorflow/lite/core/api/flatbuffer_conversions.cpp.obj
                0x100075e4                tflite::ParseDepthwiseConv2D(tflite::Operator const*, tflite::ErrorReporter*, tflite::BuiltinDataAllocator*, void**)
 .text._ZN6tflite15ParseDequantizeEPKNS_8OperatorEPNS_13ErrorReporterEPNS_20BuiltinDataAllocatorEPPv
                0x100076d4        0x4 CMakeFiles/EMNIST_float32.dir/__/pico-tflmicro/src/tensorflow/lite/core/api/flatbuffer_conversions.cpp.obj
                0x100076d4                tflite::ParseDequantize(tflite::Operator const*, tflite::ErrorReporter*, tflite::BuiltinDataAllocator*, void**)
 .text._ZN6tflite10ParseEqualEPKNS_8OperatorEPNS_13ErrorReporterEPNS_20BuiltinDataAllocatorEPPv
                0x100076d8        0x4 CMakeFiles/EMNIST_float32.dir/__/pico-tflmicro/src/tensorflow/lite/core/api/flatbuffer_conversions.cpp.obj
                0x100076d8                tflite::ParseEqual(tflite::Operator const*, tflite::ErrorReporter*, tflite::BuiltinDataAllocator*, void**)
 .text._ZN6tflite10ParseFloorEPKNS_8OperatorEPNS_13ErrorReporterEPNS_20BuiltinDataAllocatorEPPv
                0x100076dc        0x4 CMakeFiles/EMNIST_float32.dir/__/pico-tflmicro/src/tensorflow/lite/core/api/flatbuffer_conversions.cpp.obj
                0x100076dc                tflite::ParseFloor(tflite::Operator const*, tflite::ErrorReporter*, tflite::BuiltinDataAllocator*, void**)
 .text._ZN6tflite19ParseFullyConnectedEPKNS_8OperatorEPNS_13ErrorReporterEPNS_20BuiltinDataAllocatorEPPv
                0x100076e0      0x100 CMakeFiles/EMNIST_float32.dir/__/pico-tflmicro/src/tensorflow/lite/core/api/flatbuffer_conversions.cpp.obj
                0x100076e0                tflite::ParseFullyConnected(tflite::Operator const*, tflite::ErrorReporter*, tflite::BuiltinDataAllocator*, void**)
 .text._ZN6tflite12ParseGreaterEPKNS_8OperatorEPNS_13ErrorReporterEPNS_20BuiltinDataAllocatorEPPv
                0x100077e0        0x4 CMakeFiles/EMNIST_float32.dir/__/pico-tflmicro/src/tensorflow/lite/core/api/flatbuffer_conversions.cpp.obj
                0x100077e0                tflite::ParseGreater(tflite::Operator const*, tflite::ErrorReporter*, tflite::BuiltinDataAllocator*, void**)
 .text._ZN6tflite17ParseGreaterEqualEPKNS_8OperatorEPNS_13ErrorReporterEPNS_20BuiltinDataAllocatorEPPv
                0x100077e4        0x4 CMakeFiles/EMNIST_float32.dir/__/pico-tflmicro/src/tensorflow/lite/core/api/flatbuffer_conversions.cpp.obj
                0x100077e4                tflite::ParseGreaterEqual(tflite::Operator const*, tflite::ErrorReporter*, tflite::BuiltinDataAllocator*, void**)
 .text._ZN6tflite14ParseHardSwishEPKNS_8OperatorEPNS_13ErrorReporterEPNS_20BuiltinDataAllocatorEPPv
                0x100077e8        0x4 CMakeFiles/EMNIST_float32.dir/__/pico-tflmicro/src/tensorflow/lite/core/api/flatbuffer_conversions.cpp.obj
                0x100077e8                tflite::ParseHardSwish(tflite::Operator const*, tflite::ErrorReporter*, tflite::BuiltinDataAllocator*, void**)
 .text._ZN6tflite20ParseL2NormalizationEPKNS_8OperatorEPNS_13ErrorReporterEPNS_20BuiltinDataAllocatorEPPv
                0x100077ec       0x68 CMakeFiles/EMNIST_float32.dir/__/pico-tflmicro/src/tensorflow/lite/core/api/flatbuffer_conversions.cpp.obj
                0x100077ec                tflite::ParseL2Normalization(tflite::Operator const*, tflite::ErrorReporter*, tflite::BuiltinDataAllocator*, void**)
 .text._ZN6tflite9ParseLessEPKNS_8OperatorEPNS_13ErrorReporterEPNS_20BuiltinDataAllocatorEPPv
                0x10007854        0x4 CMakeFiles/EMNIST_float32.dir/__/pico-tflmicro/src/tensorflow/lite/core/api/flatbuffer_conversions.cpp.obj
                0x10007854                tflite::ParseLess(tflite::Operator const*, tflite::ErrorReporter*, tflite::BuiltinDataAllocator*, void**)
 .text._ZN6tflite14ParseLessEqualEPKNS_8OperatorEPNS_13ErrorReporterEPNS_20BuiltinDataAllocatorEPPv
                0x10007858        0x4 CMakeFiles/EMNIST_float32.dir/__/pico-tflmicro/src/tensorflow/lite/core/api/flatbuffer_conversions.cpp.obj
                0x10007858                tflite::ParseLessEqual(tflite::Operator const*, tflite::ErrorReporter*, tflite::BuiltinDataAllocator*, void**)
 .text._ZN6tflite8ParseLogEPKNS_8OperatorEPNS_13ErrorReporterEPNS_20BuiltinDataAllocatorEPPv
                0x1000785c        0x4 CMakeFiles/EMNIST_float32.dir/__/pico-tflmicro/src/tensorflow/lite/core/api/flatbuffer_conversions.cpp.obj
                0x1000785c                tflite::ParseLog(tflite::Operator const*, tflite::ErrorReporter*, tflite::BuiltinDataAllocator*, void**)
 .text._ZN6tflite15ParseLogicalAndEPKNS_8OperatorEPNS_13ErrorReporterEPNS_20BuiltinDataAllocatorEPPv
                0x10007860        0x4 CMakeFiles/EMNIST_float32.dir/__/pico-tflmicro/src/tensorflow/lite/core/api/flatbuffer_conversions.cpp.obj
                0x10007860                tflite::ParseLogicalAnd(tflite::Operator const*, tflite::ErrorReporter*, tflite::BuiltinDataAllocator*, void**)
 .text._ZN6tflite15ParseLogicalNotEPKNS_8OperatorEPNS_13ErrorReporterEPNS_20BuiltinDataAllocatorEPPv
                0x10007864        0x4 CMakeFiles/EMNIST_float32.dir/__/pico-tflmicro/src/tensorflow/lite/core/api/flatbuffer_conversions.cpp.obj
                0x10007864                tflite::ParseLogicalNot(tflite::Operator const*, tflite::ErrorReporter*, tflite::BuiltinDataAllocator*, void**)
 .text._ZN6tflite14ParseLogicalOrEPKNS_8OperatorEPNS_13ErrorReporterEPNS_20BuiltinDataAllocatorEPPv
                0x10007868        0x4 CMakeFiles/EMNIST_float32.dir/__/pico-tflmicro/src/tensorflow/lite/core/api/flatbuffer_conversions.cpp.obj
                0x10007868                tflite::ParseLogicalOr(tflite::Operator const*, tflite::ErrorReporter*, tflite::BuiltinDataAllocator*, void**)
 .text._ZN6tflite13ParseLogisticEPKNS_8OperatorEPNS_13ErrorReporterEPNS_20BuiltinDataAllocatorEPPv
                0x1000786c        0x4 CMakeFiles/EMNIST_float32.dir/__/pico-tflmicro/src/tensorflow/lite/core/api/flatbuffer_conversions.cpp.obj
                0x1000786c                tflite::ParseLogistic(tflite::Operator const*, tflite::ErrorReporter*, tflite::BuiltinDataAllocator*, void**)
 .text._ZN6tflite12ParseMaximumEPKNS_8OperatorEPNS_13ErrorReporterEPNS_20BuiltinDataAllocatorEPPv
                0x10007870        0x4 CMakeFiles/EMNIST_float32.dir/__/pico-tflmicro/src/tensorflow/lite/core/api/flatbuffer_conversions.cpp.obj
                0x10007870                tflite::ParseMaximum(tflite::Operator const*, tflite::ErrorReporter*, tflite::BuiltinDataAllocator*, void**)
 .text._ZN6tflite12ParseMinimumEPKNS_8OperatorEPNS_13ErrorReporterEPNS_20BuiltinDataAllocatorEPPv
                0x10007874        0x4 CMakeFiles/EMNIST_float32.dir/__/pico-tflmicro/src/tensorflow/lite/core/api/flatbuffer_conversions.cpp.obj
                0x10007874                tflite::ParseMinimum(tflite::Operator const*, tflite::ErrorReporter*, tflite::BuiltinDataAllocator*, void**)
 .text._ZN6tflite8ParseMulEPKNS_8OperatorEPNS_13ErrorReporterEPNS_20BuiltinDataAllocatorEPPv
                0x10007878       0x68 CMakeFiles/EMNIST_float32.dir/__/pico-tflmicro/src/tensorflow/lite/core/api/flatbuffer_conversions.cpp.obj
                0x10007878                tflite::ParseMul(tflite::Operator const*, tflite::ErrorReporter*, tflite::BuiltinDataAllocator*, void**)
 .text._ZN6tflite8ParseNegEPKNS_8OperatorEPNS_13ErrorReporterEPNS_20BuiltinDataAllocatorEPPv
                0x100078e0        0x4 CMakeFiles/EMNIST_float32.dir/__/pico-tflmicro/src/tensorflow/lite/core/api/flatbuffer_conversions.cpp.obj
                0x100078e0                tflite::ParseNeg(tflite::Operator const*, tflite::ErrorReporter*, tflite::BuiltinDataAllocator*, void**)
 .text._ZN6tflite13ParseNotEqualEPKNS_8OperatorEPNS_13ErrorReporterEPNS_20BuiltinDataAllocatorEPPv
                0x100078e4        0x4 CMakeFiles/EMNIST_float32.dir/__/pico-tflmicro/src/tensorflow/lite/core/api/flatbuffer_conversions.cpp.obj
                0x100078e4                tflite::ParseNotEqual(tflite::Operator const*, tflite::ErrorReporter*, tflite::BuiltinDataAllocator*, void**)
 .text._ZN6tflite9ParsePackEPKNS_8OperatorEPNS_13ErrorReporterEPNS_20BuiltinDataAllocatorEPPv
                0x100078e8       0x70 CMakeFiles/EMNIST_float32.dir/__/pico-tflmicro/src/tensorflow/lite/core/api/flatbuffer_conversions.cpp.obj
                0x100078e8                tflite::ParsePack(tflite::Operator const*, tflite::ErrorReporter*, tflite::BuiltinDataAllocator*, void**)
 .text._ZN6tflite8ParsePadEPKNS_8OperatorEPNS_13ErrorReporterEPNS_20BuiltinDataAllocatorEPPv
                0x10007958        0x4 CMakeFiles/EMNIST_float32.dir/__/pico-tflmicro/src/tensorflow/lite/core/api/flatbuffer_conversions.cpp.obj
                0x10007958                tflite::ParsePad(tflite::Operator const*, tflite::ErrorReporter*, tflite::BuiltinDataAllocator*, void**)
 .text._ZN6tflite10ParsePadV2EPKNS_8OperatorEPNS_13ErrorReporterEPNS_20BuiltinDataAllocatorEPPv
                0x1000795c        0x4 CMakeFiles/EMNIST_float32.dir/__/pico-tflmicro/src/tensorflow/lite/core/api/flatbuffer_conversions.cpp.obj
                0x1000795c                tflite::ParsePadV2(tflite::Operator const*, tflite::ErrorReporter*, tflite::BuiltinDataAllocator*, void**)
 .text._ZN6tflite9ParsePoolEPKNS_8OperatorEPNS_13ErrorReporterEPNS_20BuiltinDataAllocatorEPPv
                0x10007960       0xcc CMakeFiles/EMNIST_float32.dir/__/pico-tflmicro/src/tensorflow/lite/core/api/flatbuffer_conversions.cpp.obj
                0x10007960                tflite::ParsePool(tflite::Operator const*, tflite::ErrorReporter*, tflite::BuiltinDataAllocator*, void**)
 .text._ZN6tflite10ParsePreluEPKNS_8OperatorEPNS_13ErrorReporterEPNS_20BuiltinDataAllocatorEPPv
                0x10007a2c        0x4 CMakeFiles/EMNIST_float32.dir/__/pico-tflmicro/src/tensorflow/lite/core/api/flatbuffer_conversions.cpp.obj
                0x10007a2c                tflite::ParsePrelu(tflite::Operator const*, tflite::ErrorReporter*, tflite::BuiltinDataAllocator*, void**)
 .text._ZN6tflite13ParseQuantizeEPKNS_8OperatorEPNS_13ErrorReporterEPNS_20BuiltinDataAllocatorEPPv
                0x10007a30        0x4 CMakeFiles/EMNIST_float32.dir/__/pico-tflmicro/src/tensorflow/lite/core/api/flatbuffer_conversions.cpp.obj
                0x10007a30                tflite::ParseQuantize(tflite::Operator const*, tflite::ErrorReporter*, tflite::BuiltinDataAllocator*, void**)
 .text._ZN6tflite12ParseReducerEPKNS_8OperatorEPNS_13ErrorReporterEPNS_20BuiltinDataAllocatorEPPv
                0x10007a34       0x60 CMakeFiles/EMNIST_float32.dir/__/pico-tflmicro/src/tensorflow/lite/core/api/flatbuffer_conversions.cpp.obj
                0x10007a34                tflite::ParseReducer(tflite::Operator const*, tflite::ErrorReporter*, tflite::BuiltinDataAllocator*, void**)
 .text._ZN6tflite9ParseReluEPKNS_8OperatorEPNS_13ErrorReporterEPNS_20BuiltinDataAllocatorEPPv
                0x10007a94        0x4 CMakeFiles/EMNIST_float32.dir/__/pico-tflmicro/src/tensorflow/lite/core/api/flatbuffer_conversions.cpp.obj
                0x10007a94                tflite::ParseRelu(tflite::Operator const*, tflite::ErrorReporter*, tflite::BuiltinDataAllocator*, void**)
 .text._ZN6tflite10ParseRelu6EPKNS_8OperatorEPNS_13ErrorReporterEPNS_20BuiltinDataAllocatorEPPv
                0x10007a98        0x4 CMakeFiles/EMNIST_float32.dir/__/pico-tflmicro/src/tensorflow/lite/core/api/flatbuffer_conversions.cpp.obj
                0x10007a98                tflite::ParseRelu6(tflite::Operator const*, tflite::ErrorReporter*, tflite::BuiltinDataAllocator*, void**)
 .text._ZN6tflite12ParseReshapeEPKNS_8OperatorEPNS_13ErrorReporterEPNS_20BuiltinDataAllocatorEPPv
                0x10007a9c       0xd8 CMakeFiles/EMNIST_float32.dir/__/pico-tflmicro/src/tensorflow/lite/core/api/flatbuffer_conversions.cpp.obj
                0x10007a9c                tflite::ParseReshape(tflite::Operator const*, tflite::ErrorReporter*, tflite::BuiltinDataAllocator*, void**)
 .text._ZN6tflite26ParseResizeNearestNeighborEPKNS_8OperatorEPNS_13ErrorReporterEPNS_20BuiltinDataAllocatorEPPv
                0x10007b74       0x7c CMakeFiles/EMNIST_float32.dir/__/pico-tflmicro/src/tensorflow/lite/core/api/flatbuffer_conversions.cpp.obj
                0x10007b74                tflite::ParseResizeNearestNeighbor(tflite::Operator const*, tflite::ErrorReporter*, tflite::BuiltinDataAllocator*, void**)
 .text._ZN6tflite10ParseRoundEPKNS_8OperatorEPNS_13ErrorReporterEPNS_20BuiltinDataAllocatorEPPv
                0x10007bf0        0x4 CMakeFiles/EMNIST_float32.dir/__/pico-tflmicro/src/tensorflow/lite/core/api/flatbuffer_conversions.cpp.obj
                0x10007bf0                tflite::ParseRound(tflite::Operator const*, tflite::ErrorReporter*, tflite::BuiltinDataAllocator*, void**)
 .text._ZN6tflite10ParseRsqrtEPKNS_8OperatorEPNS_13ErrorReporterEPNS_20BuiltinDataAllocatorEPPv
                0x10007bf4        0x4 CMakeFiles/EMNIST_float32.dir/__/pico-tflmicro/src/tensorflow/lite/core/api/flatbuffer_conversions.cpp.obj
                0x10007bf4                tflite::ParseRsqrt(tflite::Operator const*, tflite::ErrorReporter*, tflite::BuiltinDataAllocator*, void**)
 .text._ZN6tflite10ParseShapeEPKNS_8OperatorEPNS_13ErrorReporterEPNS_20BuiltinDataAllocatorEPPv
                0x10007bf8       0x80 CMakeFiles/EMNIST_float32.dir/__/pico-tflmicro/src/tensorflow/lite/core/api/flatbuffer_conversions.cpp.obj
                0x10007bf8                tflite::ParseShape(tflite::Operator const*, tflite::ErrorReporter*, tflite::BuiltinDataAllocator*, void**)
 .text._ZN6tflite8ParseSinEPKNS_8OperatorEPNS_13ErrorReporterEPNS_20BuiltinDataAllocatorEPPv
                0x10007c78        0x4 CMakeFiles/EMNIST_float32.dir/__/pico-tflmicro/src/tensorflow/lite/core/api/flatbuffer_conversions.cpp.obj
                0x10007c78                tflite::ParseSin(tflite::Operator const*, tflite::ErrorReporter*, tflite::BuiltinDataAllocator*, void**)
 .text._ZN6tflite12ParseSoftmaxEPKNS_8OperatorEPNS_13ErrorReporterEPNS_20BuiltinDataAllocatorEPPv
                0x10007c7c       0x5c CMakeFiles/EMNIST_float32.dir/__/pico-tflmicro/src/tensorflow/lite/core/api/flatbuffer_conversions.cpp.obj
                0x10007c7c                tflite::ParseSoftmax(tflite::Operator const*, tflite::ErrorReporter*, tflite::BuiltinDataAllocator*, void**)
 .text._ZN6tflite10ParseSplitEPKNS_8OperatorEPNS_13ErrorReporterEPNS_20BuiltinDataAllocatorEPPv
                0x10007cd8       0x5c CMakeFiles/EMNIST_float32.dir/__/pico-tflmicro/src/tensorflow/lite/core/api/flatbuffer_conversions.cpp.obj
                0x10007cd8                tflite::ParseSplit(tflite::Operator const*, tflite::ErrorReporter*, tflite::BuiltinDataAllocator*, void**)
 .text._ZN6tflite11ParseSplitVEPKNS_8OperatorEPNS_13ErrorReporterEPNS_20BuiltinDataAllocatorEPPv
                0x10007d34       0x5c CMakeFiles/EMNIST_float32.dir/__/pico-tflmicro/src/tensorflow/lite/core/api/flatbuffer_conversions.cpp.obj
                0x10007d34                tflite::ParseSplitV(tflite::Operator const*, tflite::ErrorReporter*, tflite::BuiltinDataAllocator*, void**)
 .text._ZN6tflite9ParseSqrtEPKNS_8OperatorEPNS_13ErrorReporterEPNS_20BuiltinDataAllocatorEPPv
                0x10007d90        0x4 CMakeFiles/EMNIST_float32.dir/__/pico-tflmicro/src/tensorflow/lite/core/api/flatbuffer_conversions.cpp.obj
                0x10007d90                tflite::ParseSqrt(tflite::Operator const*, tflite::ErrorReporter*, tflite::BuiltinDataAllocator*, void**)
 .text._ZN6tflite11ParseSquareEPKNS_8OperatorEPNS_13ErrorReporterEPNS_20BuiltinDataAllocatorEPPv
                0x10007d94        0x4 CMakeFiles/EMNIST_float32.dir/__/pico-tflmicro/src/tensorflow/lite/core/api/flatbuffer_conversions.cpp.obj
                0x10007d94                tflite::ParseSquare(tflite::Operator const*, tflite::ErrorReporter*, tflite::BuiltinDataAllocator*, void**)
 .text._ZN6tflite17ParseStridedSliceEPKNS_8OperatorEPNS_13ErrorReporterEPNS_20BuiltinDataAllocatorEPPv
                0x10007d98       0xa4 CMakeFiles/EMNIST_float32.dir/__/pico-tflmicro/src/tensorflow/lite/core/api/flatbuffer_conversions.cpp.obj
                0x10007d98                tflite::ParseStridedSlice(tflite::Operator const*, tflite::ErrorReporter*, tflite::BuiltinDataAllocator*, void**)
 .text._ZN6tflite8ParseSubEPKNS_8OperatorEPNS_13ErrorReporterEPNS_20BuiltinDataAllocatorEPPv
                0x10007e3c       0xa0 CMakeFiles/EMNIST_float32.dir/__/pico-tflmicro/src/tensorflow/lite/core/api/flatbuffer_conversions.cpp.obj
                0x10007e3c                tflite::ParseSub(tflite::Operator const*, tflite::ErrorReporter*, tflite::BuiltinDataAllocator*, void**)
 .text._ZN6tflite9ParseSvdfEPKNS_8OperatorEPNS_13ErrorReporterEPNS_20BuiltinDataAllocatorEPPv
                0x10007edc       0xb4 CMakeFiles/EMNIST_float32.dir/__/pico-tflmicro/src/tensorflow/lite/core/api/flatbuffer_conversions.cpp.obj
                0x10007edc                tflite::ParseSvdf(tflite::Operator const*, tflite::ErrorReporter*, tflite::BuiltinDataAllocator*, void**)
 .text._ZN6tflite9ParseTanhEPKNS_8OperatorEPNS_13ErrorReporterEPNS_20BuiltinDataAllocatorEPPv
                0x10007f90        0x4 CMakeFiles/EMNIST_float32.dir/__/pico-tflmicro/src/tensorflow/lite/core/api/flatbuffer_conversions.cpp.obj
                0x10007f90                tflite::ParseTanh(tflite::Operator const*, tflite::ErrorReporter*, tflite::BuiltinDataAllocator*, void**)
 .text._ZN6tflite11ParseUnpackEPKNS_8OperatorEPNS_13ErrorReporterEPNS_20BuiltinDataAllocatorEPPv
                0x10007f94       0x70 CMakeFiles/EMNIST_float32.dir/__/pico-tflmicro/src/tensorflow/lite/core/api/flatbuffer_conversions.cpp.obj
                0x10007f94                tflite::ParseUnpack(tflite::Operator const*, tflite::ErrorReporter*, tflite::BuiltinDataAllocator*, void**)
 .text._ZN6tflite25GetRegistrationFromOpCodeEPKNS_12OperatorCodeERKNS_10OpResolverEPNS_13ErrorReporterEPPK18TfLiteRegistration
                0x10008004       0xc4 CMakeFiles/EMNIST_float32.dir/__/pico-tflmicro/src/tensorflow/lite/core/api/op_resolver.cpp.obj
                0x10008004                tflite::GetRegistrationFromOpCode(tflite::OperatorCode const*, tflite::OpResolver const&, tflite::ErrorReporter*, TfLiteRegistration const**)
 .text._ZN6tflite18QuantizeMultiplierEdPlPi
                0x100080c8       0x78 CMakeFiles/EMNIST_float32.dir/__/pico-tflmicro/src/tensorflow/lite/kernels/internal/quantization_util.cpp.obj
                0x100080c8                tflite::QuantizeMultiplier(double, long*, int*)
 .text._ZN6tflite35QuantizeMultiplierSmallerThanOneExpEdPlPi
                0x10008140       0x90 CMakeFiles/EMNIST_float32.dir/__/pico-tflmicro/src/tensorflow/lite/kernels/internal/quantization_util.cpp.obj
                0x10008140                tflite::QuantizeMultiplierSmallerThanOneExp(double, long*, int*)
 .text._ZN6tflite24PreprocessSoftmaxScalingEddiPlPi
                0x100081d0       0xf8 CMakeFiles/EMNIST_float32.dir/__/pico-tflmicro/src/tensorflow/lite/kernels/internal/quantization_util.cpp.obj
                0x100081d0                tflite::PreprocessSoftmaxScaling(double, double, int, long*, int*)
 .text._ZN6tflite20CalculateInputRadiusEiii
                0x100082c8       0x90 CMakeFiles/EMNIST_float32.dir/__/pico-tflmicro/src/tensorflow/lite/kernels/internal/quantization_util.cpp.obj
                0x100082c8                tflite::CalculateInputRadius(int, int, int)
 .text._ZN6tflite8GetInputEPK13TfLiteContextPK10TfLiteNodei
                0x10008358       0x2c CMakeFiles/EMNIST_float32.dir/__/pico-tflmicro/src/tensorflow/lite/kernels/kernel_util.cpp.obj
                0x10008358                tflite::GetInput(TfLiteContext const*, TfLiteNode const*, int)
 .text._ZN6tflite9GetOutputEP13TfLiteContextPK10TfLiteNodei
                0x10008384       0x2c CMakeFiles/EMNIST_float32.dir/__/pico-tflmicro/src/tensorflow/lite/kernels/kernel_util.cpp.obj
                0x10008384                tflite::GetOutput(TfLiteContext*, TfLiteNode const*, int)
 .text._ZN6tflite22GetOptionalInputTensorEPK13TfLiteContextPK10TfLiteNodei
                0x100083b0       0x2c CMakeFiles/EMNIST_float32.dir/__/pico-tflmicro/src/tensorflow/lite/kernels/kernel_util.cpp.obj
                0x100083b0                tflite::GetOptionalInputTensor(TfLiteContext const*, TfLiteNode const*, int)
 .text._ZN6tflite32GetQuantizedConvolutionMultiplerEP13TfLiteContextPK12TfLiteTensorS4_S4_PS2_Pd
                0x100083dc       0xf0 CMakeFiles/EMNIST_float32.dir/__/pico-tflmicro/src/tensorflow/lite/kernels/kernel_util.cpp.obj
                0x100083dc                tflite::GetQuantizedConvolutionMultipler(TfLiteContext*, TfLiteTensor const*, TfLiteTensor const*, TfLiteTensor const*, TfLiteTensor*, double*)
 .text._ZN6tflite33CalculateActivationRangeQuantizedEP13TfLiteContext21TfLiteFusedActivationP12TfLiteTensorPlS5_
                0x100084cc      0x10c CMakeFiles/EMNIST_float32.dir/__/pico-tflmicro/src/tensorflow/lite/kernels/kernel_util.cpp.obj
                0x100084cc                tflite::CalculateActivationRangeQuantized(TfLiteContext*, TfLiteFusedActivation, TfLiteTensor*, long*, long*)
 .text._ZN6tflite37PopulateConvolutionQuantizationParamsEP13TfLiteContextPK12TfLiteTensorS4_S4_PS2_RK21TfLiteFusedActivationPlPiS9_S9_S9_SA_i
                0x100085d8      0x364 CMakeFiles/EMNIST_float32.dir/__/pico-tflmicro/src/tensorflow/lite/kernels/kernel_util.cpp.obj
                0x100085d8                tflite::PopulateConvolutionQuantizationParams(TfLiteContext*, TfLiteTensor const*, TfLiteTensor const*, TfLiteTensor const*, TfLiteTensor*, TfLiteFusedActivation const&, long*, int*, long*, long*, long*, int*, int)
 .text._ZN6tflite14HaveSameShapesEPK12TfLiteTensorS2_
                0x1000893c       0x14 CMakeFiles/EMNIST_float32.dir/__/pico-tflmicro/src/tensorflow/lite/kernels/kernel_util.cpp.obj
                0x1000893c                tflite::HaveSameShapes(TfLiteTensor const*, TfLiteTensor const*)
 .text._ZNK6tflite10OpResolver12GetDelegatesEi
                0x10008950       0x10 CMakeFiles/EMNIST_float32.dir/__/pico-tflmicro/src/tensorflow/lite/micro/all_ops_resolver.cpp.obj
                0x10008950                tflite::OpResolver::GetDelegates(int) const
 .text._ZNK6tflite22MicroMutableOpResolverILj128EE6FindOpENS_15BuiltinOperatorE
                0x10008960       0x34 CMakeFiles/EMNIST_float32.dir/__/pico-tflmicro/src/tensorflow/lite/micro/all_ops_resolver.cpp.obj
                0x10008960                tflite::MicroMutableOpResolver<128u>::FindOp(tflite::BuiltinOperator) const
 .text._ZN6tflite14AllOpsResolverD0Ev
                0x10008994        0x4 CMakeFiles/EMNIST_float32.dir/__/pico-tflmicro/src/tensorflow/lite/micro/all_ops_resolver.cpp.obj
                0x10008994                tflite::AllOpsResolver::~AllOpsResolver()
                0x10008994                tflite::AllOpsResolver::~AllOpsResolver()
                0x10008994                tflite::AllOpsResolver::~AllOpsResolver()
 .text._ZNK6tflite22MicroMutableOpResolverILj128EE15GetOpDataParserENS_15BuiltinOperatorE
                0x10008998       0x3c CMakeFiles/EMNIST_float32.dir/__/pico-tflmicro/src/tensorflow/lite/micro/all_ops_resolver.cpp.obj
                0x10008998                tflite::MicroMutableOpResolver<128u>::GetOpDataParser(tflite::BuiltinOperator) const
 .text._ZNK6tflite22MicroMutableOpResolverILj128EE6FindOpEPKc
                0x100089d4       0x48 CMakeFiles/EMNIST_float32.dir/__/pico-tflmicro/src/tensorflow/lite/micro/all_ops_resolver.cpp.obj
                0x100089d4                tflite::MicroMutableOpResolver<128u>::FindOp(char const*) const
 .text._ZNK6tflite15MicroOpResolver6FindOpENS_15BuiltinOperatorEi
                0x10008a1c       0x48 CMakeFiles/EMNIST_float32.dir/__/pico-tflmicro/src/tensorflow/lite/micro/all_ops_resolver.cpp.obj
                0x10008a1c                tflite::MicroOpResolver::FindOp(tflite::BuiltinOperator, int) const
 .text._ZN6tflite22MicroMutableOpResolverILj128EE10AddBuiltinENS_15BuiltinOperatorERK18TfLiteRegistrationPF12TfLiteStatusPKNS_8OperatorEPNS_13ErrorReporterEPNS_20BuiltinDataAllocatorEPPvE.isra.0
                0x10008a64       0xec CMakeFiles/EMNIST_float32.dir/__/pico-tflmicro/src/tensorflow/lite/micro/all_ops_resolver.cpp.obj
 .text._ZNK6tflite15MicroOpResolver6FindOpEPKci
                0x10008b50       0x5c CMakeFiles/EMNIST_float32.dir/__/pico-tflmicro/src/tensorflow/lite/micro/all_ops_resolver.cpp.obj
                0x10008b50                tflite::MicroOpResolver::FindOp(char const*, int) const
 .text._ZN6tflite14AllOpsResolverC2Ev
                0x10008bac     0x23a8 CMakeFiles/EMNIST_float32.dir/__/pico-tflmicro/src/tensorflow/lite/micro/all_ops_resolver.cpp.obj
                0x10008bac                tflite::AllOpsResolver::AllOpsResolver()
                0x10008bac                tflite::AllOpsResolver::AllOpsResolver()
 .text._ZN6tflite3ops5micro11activations8ReluInitEP13TfLiteContextPKcj
                0x1000af54        0xc CMakeFiles/EMNIST_float32.dir/__/pico-tflmicro/src/tensorflow/lite/micro/kernels/activations.cpp.obj
                0x1000af54                tflite::ops::micro::activations::ReluInit(TfLiteContext*, char const*, unsigned int)
 .text._ZN6tflite3ops5micro11activations9Relu6InitEP13TfLiteContextPKcj
                0x1000af60        0xc CMakeFiles/EMNIST_float32.dir/__/pico-tflmicro/src/tensorflow/lite/micro/kernels/activations.cpp.obj
                0x1000af60                tflite::ops::micro::activations::Relu6Init(TfLiteContext*, char const*, unsigned int)
 .text._ZN6tflite3ops5micro11activations12Relu6PrepareEP13TfLiteContextP10TfLiteNode
                0x1000af6c       0xcc CMakeFiles/EMNIST_float32.dir/__/pico-tflmicro/src/tensorflow/lite/micro/kernels/activations.cpp.obj
                0x1000af6c                tflite::ops::micro::activations::Relu6Prepare(TfLiteContext*, TfLiteNode*)
 .text._ZN6tflite3ops5micro11activations9Relu6EvalEP13TfLiteContextP10TfLiteNode
                0x1000b038      0x20c CMakeFiles/EMNIST_float32.dir/__/pico-tflmicro/src/tensorflow/lite/micro/kernels/activations.cpp.obj
                0x1000b038                tflite::ops::micro::activations::Relu6Eval(TfLiteContext*, TfLiteNode*)
 .text._ZN6tflite3ops5micro11activations11ReluPrepareEP13TfLiteContextP10TfLiteNode
                0x1000b244      0x144 CMakeFiles/EMNIST_float32.dir/__/pico-tflmicro/src/tensorflow/lite/micro/kernels/activations.cpp.obj
                0x1000b244                tflite::ops::micro::activations::ReluPrepare(TfLiteContext*, TfLiteNode*)
 .text._ZN6tflite3ops5micro11activations8ReluEvalEP13TfLiteContextP10TfLiteNode
                0x1000b388      0x3f4 CMakeFiles/EMNIST_float32.dir/__/pico-tflmicro/src/tensorflow/lite/micro/kernels/activations.cpp.obj
                0x1000b388                tflite::ops::micro::activations::ReluEval(TfLiteContext*, TfLiteNode*)
 .text._ZN6tflite3ops5micro13Register_RELUEv
                0x1000b77c       0x18 CMakeFiles/EMNIST_float32.dir/__/pico-tflmicro/src/tensorflow/lite/micro/kernels/activations.cpp.obj
                0x1000b77c                tflite::ops::micro::Register_RELU()
 .text._ZN6tflite3ops5micro14Register_RELU6Ev
                0x1000b794       0x1c CMakeFiles/EMNIST_float32.dir/__/pico-tflmicro/src/tensorflow/lite/micro/kernels/activations.cpp.obj
                0x1000b794                tflite::ops::micro::Register_RELU6()
 .text._ZN6tflite3ops5micro11arg_min_max4EvalEP13TfLiteContextP10TfLiteNodeb
                0x1000b7b0      0xcf4 CMakeFiles/EMNIST_float32.dir/__/pico-tflmicro/src/tensorflow/lite/micro/kernels/arg_min_max.cpp.obj
                0x1000b7b0                tflite::ops::micro::arg_min_max::Eval(TfLiteContext*, TfLiteNode*, bool)
 .text._ZN6tflite3ops5micro11arg_min_max10ArgMinEvalEP13TfLiteContextP10TfLiteNode
                0x1000c4a4        0xc CMakeFiles/EMNIST_float32.dir/__/pico-tflmicro/src/tensorflow/lite/micro/kernels/arg_min_max.cpp.obj
                0x1000c4a4                tflite::ops::micro::arg_min_max::ArgMinEval(TfLiteContext*, TfLiteNode*)
 .text._ZN6tflite3ops5micro11arg_min_max10ArgMaxEvalEP13TfLiteContextP10TfLiteNode
                0x1000c4b0        0xc CMakeFiles/EMNIST_float32.dir/__/pico-tflmicro/src/tensorflow/lite/micro/kernels/arg_min_max.cpp.obj
                0x1000c4b0                tflite::ops::micro::arg_min_max::ArgMaxEval(TfLiteContext*, TfLiteNode*)
 .text._ZN6tflite3ops5micro16Register_ARG_MAXEv
                0x1000c4bc       0x18 CMakeFiles/EMNIST_float32.dir/__/pico-tflmicro/src/tensorflow/lite/micro/kernels/arg_min_max.cpp.obj
                0x1000c4bc                tflite::ops::micro::Register_ARG_MAX()
 .text._ZN6tflite3ops5micro16Register_ARG_MINEv
                0x1000c4d4       0x18 CMakeFiles/EMNIST_float32.dir/__/pico-tflmicro/src/tensorflow/lite/micro/kernels/arg_min_max.cpp.obj
                0x1000c4d4                tflite::ops::micro::Register_ARG_MIN()
 .text._ZN6tflite3ops5micro4ceil7PrepareEP13TfLiteContextP10TfLiteNode
                0x1000c4ec      0x1b0 CMakeFiles/EMNIST_float32.dir/__/pico-tflmicro/src/tensorflow/lite/micro/kernels/ceil.cpp.obj
                0x1000c4ec                tflite::ops::micro::ceil::Prepare(TfLiteContext*, TfLiteNode*)
 .text._ZN6tflite3ops5micro4ceil4EvalEP13TfLiteContextP10TfLiteNode
                0x1000c69c       0x9c CMakeFiles/EMNIST_float32.dir/__/pico-tflmicro/src/tensorflow/lite/micro/kernels/ceil.cpp.obj
                0x1000c69c                tflite::ops::micro::ceil::Eval(TfLiteContext*, TfLiteNode*)
 .text._ZN6tflite3ops5micro13Register_CEILEv
                0x1000c738       0x18 CMakeFiles/EMNIST_float32.dir/__/pico-tflmicro/src/tensorflow/lite/micro/kernels/ceil.cpp.obj
                0x1000c738                tflite::ops::micro::Register_CEIL()
 .text._ZN6tflite3ops5micro3add4InitEP13TfLiteContextPKcj
                0x1000c750        0xc CMakeFiles/EMNIST_float32.dir/__/pico-tflmicro/src/tensorflow/lite/micro/kernels/cmsis-nn/add.cpp.obj
                0x1000c750                tflite::ops::micro::add::Init(TfLiteContext*, char const*, unsigned int)
 .text._ZN6tflite13reference_ops22ProcessBroadcastShapesERKNS_12RuntimeShapeES3_PNS_16ArithmeticParamsE
                0x1000c75c     0x11d4 CMakeFiles/EMNIST_float32.dir/__/pico-tflmicro/src/tensorflow/lite/micro/kernels/cmsis-nn/add.cpp.obj
                0x1000c75c                tflite::reference_ops::ProcessBroadcastShapes(tflite::RuntimeShape const&, tflite::RuntimeShape const&, tflite::ArithmeticParams*)
 .text._ZN6tflite3ops5micro3add16EvalAddQuantizedEP13TfLiteContextP10TfLiteNodeP15TfLiteAddParamsPKNS2_6OpDataEPK16TfLiteEvalTensorSE_PSC_.part.0
                0x1000d930     0x1918 CMakeFiles/EMNIST_float32.dir/__/pico-tflmicro/src/tensorflow/lite/micro/kernels/cmsis-nn/add.cpp.obj
 .text._ZN6tflite3ops5micro3add15CalculateOpDataEP13TfLiteContextP15TfLiteAddParamsPK12TfLiteTensorS9_PS7_PNS2_6OpDataE
                0x1000f248      0x10c CMakeFiles/EMNIST_float32.dir/__/pico-tflmicro/src/tensorflow/lite/micro/kernels/cmsis-nn/add.cpp.obj
                0x1000f248                tflite::ops::micro::add::CalculateOpData(TfLiteContext*, TfLiteAddParams*, TfLiteTensor const*, TfLiteTensor const*, TfLiteTensor*, tflite::ops::micro::add::OpData*)
 .text._ZN6tflite3ops5micro3add7PrepareEP13TfLiteContextP10TfLiteNode
                0x1000f354       0x3c CMakeFiles/EMNIST_float32.dir/__/pico-tflmicro/src/tensorflow/lite/micro/kernels/cmsis-nn/add.cpp.obj
                0x1000f354                tflite::ops::micro::add::Prepare(TfLiteContext*, TfLiteNode*)
 .text._ZN6tflite3ops5micro3add7EvalAddEP13TfLiteContextP10TfLiteNodeP15TfLiteAddParamsPKNS2_6OpDataEPK16TfLiteEvalTensorSE_PSC_
                0x1000f390      0x744 CMakeFiles/EMNIST_float32.dir/__/pico-tflmicro/src/tensorflow/lite/micro/kernels/cmsis-nn/add.cpp.obj
                0x1000f390                tflite::ops::micro::add::EvalAdd(TfLiteContext*, TfLiteNode*, TfLiteAddParams*, tflite::ops::micro::add::OpData const*, TfLiteEvalTensor const*, TfLiteEvalTensor const*, TfLiteEvalTensor*)
 .text._ZN6tflite3ops5micro3add4EvalEP13TfLiteContextP10TfLiteNode
                0x1000fad4       0x8c CMakeFiles/EMNIST_float32.dir/__/pico-tflmicro/src/tensorflow/lite/micro/kernels/cmsis-nn/add.cpp.obj
                0x1000fad4                tflite::ops::micro::add::Eval(TfLiteContext*, TfLiteNode*)
 .text._ZN6tflite3ops5micro12Register_ADDEv
                0x1000fb60       0x18 CMakeFiles/EMNIST_float32.dir/__/pico-tflmicro/src/tensorflow/lite/micro/kernels/cmsis-nn/add.cpp.obj
                0x1000fb60                tflite::ops::micro::Register_ADD()
 .text._ZN6tflite12_GLOBAL__N_14InitEP13TfLiteContextPKcj
                0x1000fb78        0xc CMakeFiles/EMNIST_float32.dir/__/pico-tflmicro/src/tensorflow/lite/micro/kernels/cmsis-nn/conv.cpp.obj
 .text._ZN6tflite12_GLOBAL__N_123EvalQuantizedPerChannelEP13TfLiteContextP10TfLiteNodeP16TfLiteConvParamsRKNS0_6OpDataEPK16TfLiteEvalTensorSC_SC_PSA_SD_.constprop.0
                0x1000fb84      0x640 CMakeFiles/EMNIST_float32.dir/__/pico-tflmicro/src/tensorflow/lite/micro/kernels/cmsis-nn/conv.cpp.obj
 .text._ZN6tflite12_GLOBAL__N_17PrepareEP13TfLiteContextP10TfLiteNode
                0x100101c4      0x324 CMakeFiles/EMNIST_float32.dir/__/pico-tflmicro/src/tensorflow/lite/micro/kernels/cmsis-nn/conv.cpp.obj
 .text._ZN6tflite12_GLOBAL__N_14EvalEP13TfLiteContextP10TfLiteNode
                0x100104e8      0x974 CMakeFiles/EMNIST_float32.dir/__/pico-tflmicro/src/tensorflow/lite/micro/kernels/cmsis-nn/conv.cpp.obj
 .text._ZN6tflite16Register_CONV_2DEv
                0x10010e5c       0x18 CMakeFiles/EMNIST_float32.dir/__/pico-tflmicro/src/tensorflow/lite/micro/kernels/cmsis-nn/conv.cpp.obj
                0x10010e5c                tflite::Register_CONV_2D()
 .text._ZN6tflite12_GLOBAL__N_14InitEP13TfLiteContextPKcj
                0x10010e74        0xc CMakeFiles/EMNIST_float32.dir/__/pico-tflmicro/src/tensorflow/lite/micro/kernels/cmsis-nn/depthwise_conv.cpp.obj
 .text._ZN6tflite12_GLOBAL__N_123EvalQuantizedPerChannelEP13TfLiteContextP10TfLiteNodeP25TfLiteDepthwiseConvParamsPNS0_6OpDataEPK16TfLiteEvalTensorSB_SB_PS9_.constprop.0
                0x10010e80      0x5ec CMakeFiles/EMNIST_float32.dir/__/pico-tflmicro/src/tensorflow/lite/micro/kernels/cmsis-nn/depthwise_conv.cpp.obj
 .text._ZN6tflite12_GLOBAL__N_113EvalQuantizedEP13TfLiteContextP10TfLiteNodeP25TfLiteDepthwiseConvParamsPKNS0_6OpDataEPK16TfLiteEvalTensorSC_SC_PSA_.constprop.0
                0x1001146c      0x59c CMakeFiles/EMNIST_float32.dir/__/pico-tflmicro/src/tensorflow/lite/micro/kernels/cmsis-nn/depthwise_conv.cpp.obj
 .text._ZN6tflite12_GLOBAL__N_14EvalEP13TfLiteContextP10TfLiteNode
                0x10011a08      0x4e4 CMakeFiles/EMNIST_float32.dir/__/pico-tflmicro/src/tensorflow/lite/micro/kernels/cmsis-nn/depthwise_conv.cpp.obj
 .text._ZN6tflite12_GLOBAL__N_17PrepareEP13TfLiteContextP10TfLiteNode
                0x10011eec      0x39c CMakeFiles/EMNIST_float32.dir/__/pico-tflmicro/src/tensorflow/lite/micro/kernels/cmsis-nn/depthwise_conv.cpp.obj
 .text._ZN6tflite26Register_DEPTHWISE_CONV_2DEv
                0x10012288       0x18 CMakeFiles/EMNIST_float32.dir/__/pico-tflmicro/src/tensorflow/lite/micro/kernels/cmsis-nn/depthwise_conv.cpp.obj
                0x10012288                tflite::Register_DEPTHWISE_CONV_2D()
 .text._ZN6tflite12_GLOBAL__N_14InitEP13TfLiteContextPKcj
                0x100122a0        0xc CMakeFiles/EMNIST_float32.dir/__/pico-tflmicro/src/tensorflow/lite/micro/kernels/cmsis-nn/fully_connected.cpp.obj
 .text._ZN6tflite12_GLOBAL__N_17PrepareEP13TfLiteContextP10TfLiteNode
                0x100122ac      0x1a0 CMakeFiles/EMNIST_float32.dir/__/pico-tflmicro/src/tensorflow/lite/micro/kernels/cmsis-nn/fully_connected.cpp.obj
 .text._ZN6tflite12_GLOBAL__N_117EvalQuantizedInt8EP13TfLiteContextP10TfLiteNodeRKNS0_6OpDataEPK16TfLiteEvalTensorSA_SA_PS8_.constprop.0
                0x1001244c      0x444 CMakeFiles/EMNIST_float32.dir/__/pico-tflmicro/src/tensorflow/lite/micro/kernels/cmsis-nn/fully_connected.cpp.obj
 .text._ZN6tflite12_GLOBAL__N_14EvalEP13TfLiteContextP10TfLiteNode