Archive member included to satisfy reference by file (symbol)

..\Arducam\src\libarducam.a(arducam.c.obj)
                              CMakeFiles/Cat_Dog_Arducam_int8.dir/image_provider.cc.obj (capture)
d:/program files (x86)/gnu arm embedded toolchain/10 2020-q4-major/bin/../lib/gcc/arm-none-eabi/10.2.1/../../../../arm-none-eabi/lib/thumb/v6-m/nofp\libstdc++.a(guard.o)
                              CMakeFiles/Cat_Dog_Arducam_int8.dir/Main.cc.obj (__cxa_guard_acquire)
d:/program files (x86)/gnu arm embedded toolchain/10 2020-q4-major/bin/../lib/gcc/arm-none-eabi/10.2.1/../../../../arm-none-eabi/lib/thumb/v6-m/nofp\libstdc++.a(guard_error.o)
                              d:/program files (x86)/gnu arm embedded toolchain/10 2020-q4-major/bin/../lib/gcc/arm-none-eabi/10.2.1/../../../../arm-none-eabi/lib/thumb/v6-m/nofp\libstdc++.a(guard.o) (__gnu_cxx::recursive_init_error::~recursive_init_error())
d:/program files (x86)/gnu arm embedded toolchain/10 2020-q4-major/bin/../lib/gcc/arm-none-eabi/10.2.1/../../../../arm-none-eabi/lib/thumb/v6-m/nofp\libstdc++.a(si_class_type_info.o)
                              d:/program files (x86)/gnu arm embedded toolchain/10 2020-q4-major/bin/../lib/gcc/arm-none-eabi/10.2.1/../../../../arm-none-eabi/lib/thumb/v6-m/nofp\libstdc++.a(guard_error.o) (vtable for __cxxabiv1::__si_class_type_info)
d:/program files (x86)/gnu arm embedded toolchain/10 2020-q4-major/bin/../lib/gcc/arm-none-eabi/10.2.1/../../../../arm-none-eabi/lib/thumb/v6-m/nofp\libstdc++.a(tinfo.o)
                              d:/program files (x86)/gnu arm embedded toolchain/10 2020-q4-major/bin/../lib/gcc/arm-none-eabi/10.2.1/../../../../arm-none-eabi/lib/thumb/v6-m/nofp\libstdc++.a(si_class_type_info.o) (std::type_info::__is_pointer_p() const)
d:/program files (x86)/gnu arm embedded toolchain/10 2020-q4-major/bin/../lib/gcc/arm-none-eabi/10.2.1/../../../../arm-none-eabi/lib/thumb/v6-m/nofp\libstdc++.a(class_type_info.o)
                              d:/program files (x86)/gnu arm embedded toolchain/10 2020-q4-major/bin/../lib/gcc/arm-none-eabi/10.2.1/../../../../arm-none-eabi/lib/thumb/v6-m/nofp\libstdc++.a(si_class_type_info.o) (__cxxabiv1::__class_type_info::__do_upcast(__cxxabiv1::__class_type_info const*, void**) const)
d:/program files (x86)/gnu arm embedded toolchain/10 2020-q4-major/bin/../lib/gcc/arm-none-eabi/10.2.1/../../../../arm-none-eabi/lib/thumb/v6-m/nofp\libstdc++.a(eh_alloc.o)
                              d:/program files (x86)/gnu arm embedded toolchain/10 2020-q4-major/bin/../lib/gcc/arm-none-eabi/10.2.1/../../../../arm-none-eabi/lib/thumb/v6-m/nofp\libstdc++.a(guard.o) (__cxa_allocate_exception)
d:/program files (x86)/gnu arm embedded toolchain/10 2020-q4-major/bin/../lib/gcc/arm-none-eabi/10.2.1/../../../../arm-none-eabi/lib/thumb/v6-m/nofp\libstdc++.a(eh_exception.o)
                              d:/program files (x86)/gnu arm embedded toolchain/10 2020-q4-major/bin/../lib/gcc/arm-none-eabi/10.2.1/../../../../arm-none-eabi/lib/thumb/v6-m/nofp\libstdc++.a(guard_error.o) (std::exception::~exception())
d:/program files (x86)/gnu arm embedded toolchain/10 2020-q4-major/bin/../lib/gcc/arm-none-eabi/10.2.1/../../../../arm-none-eabi/lib/thumb/v6-m/nofp\libstdc++.a(eh_terminate.o)
                              d:/program files (x86)/gnu arm embedded toolchain/10 2020-q4-major/bin/../lib/gcc/arm-none-eabi/10.2.1/../../../../arm-none-eabi/lib/thumb/v6-m/nofp\libstdc++.a(eh_alloc.o) (std::terminate())
d:/program files (x86)/gnu arm embedded toolchain/10 2020-q4-major/bin/../lib/gcc/arm-none-eabi/10.2.1/../../../../arm-none-eabi/lib/thumb/v6-m/nofp\libstdc++.a(eh_throw.o)
                              d:/program files (x86)/gnu arm embedded toolchain/10 2020-q4-major/bin/../lib/gcc/arm-none-eabi/10.2.1/../../../../arm-none-eabi/lib/thumb/v6-m/nofp\libstdc++.a(guard.o) (__cxa_throw)
d:/program files (x86)/gnu arm embedded toolchain/10 2020-q4-major/bin/../lib/gcc/arm-none-eabi/10.2.1/../../../../arm-none-eabi/lib/thumb/v6-m/nofp\libstdc++.a(eh_unex_handler.o)
                              d:/program files (x86)/gnu arm embedded toolchain/10 2020-q4-major/bin/../lib/gcc/arm-none-eabi/10.2.1/../../../../arm-none-eabi/lib/thumb/v6-m/nofp\libstdc++.a(eh_terminate.o) (__cxxabiv1::__unexpected_handler)
d:/program files (x86)/gnu arm embedded toolchain/10 2020-q4-major/bin/../lib/gcc/arm-none-eabi/10.2.1/../../../../arm-none-eabi/lib/thumb/v6-m/nofp\libstdc++.a(pure.o)
                              d:/program files (x86)/gnu arm embedded toolchain/10 2020-q4-major/bin/../lib/gcc/arm-none-eabi/10.2.1/../../../../arm-none-eabi/lib/thumb/v6-m/nofp\libstdc++.a(eh_exception.o) (__cxa_pure_virtual)
d:/program files (x86)/gnu arm embedded toolchain/10 2020-q4-major/bin/../lib/gcc/arm-none-eabi/10.2.1/../../../../arm-none-eabi/lib/thumb/v6-m/nofp\libstdc++.a(vterminate.o)
[...]
Memory Configuration

Name             Origin             Length             Attributes
FLASH            0x10000000         0x00200000         xr
RAM              0x20000000         0x00040000         xrw
SCRATCH_X        0x20040000         0x00001000         xrw
SCRATCH_Y        0x20041000         0x00001000         xrw
*default*        0x00000000         0xffffffff

Linker script and memory map

LOAD d:/program files (x86)/gnu arm embedded toolchain/10 2020-q4-major/bin/../lib/gcc/arm-none-eabi/10.2.1/thumb/v6-m/nofp/crti.o
LOAD d:/program files (x86)/gnu arm embedded toolchain/10 2020-q4-major/bin/../lib/gcc/arm-none-eabi/10.2.1/thumb/v6-m/nofp/crtbegin.o
LOAD d:/program files (x86)/gnu arm embedded toolchain/10 2020-q4-major/bin/../lib/gcc/arm-none-eabi/10.2.1/../../../../arm-none-eabi/lib/thumb/v6-m/nofp/crt0.o

.flash_begin    0x10000000        0x0
                0x10000000                __flash_binary_start = .

.boot2          0x10000000      0x100
                0x10000000                __boot2_start__ = .
 *(.boot2)
 .boot2         0x10000000      0x100 C:\Users\Danie\AppData\Local\Temp\cc4I6bDt.o
                0x10000100                __boot2_end__ = .
                0x00000001                ASSERT (((__boot2_end__ - __boot2_start__) == 0x100), ERROR: Pico second stage bootloader must be 256 bytes in size)

.text           0x10000100    0x55ec8
                0x10000100                __logical_binary_start = .
 *(.vectors)
 .vectors       0x10000100       0xd4 CMakeFiles/Cat_Dog_Arducam_int8.dir/__/pico-sdk/src/rp2_common/pico_standard_link/crt0.S.obj
                0x10000100                __vectors
                0x100001c0                isr_invalid
                0x100001c2                isr_nmi
                0x100001c4                isr_hardfault
                0x100001c6                isr_svcall
                0x100001c8                isr_pendsv
                0x100001ca                isr_systick
                0x100001cc                isr_irq11
                0x100001cc                isr_irq5
                0x100001cc                isr_irq23
                0x100001cc                isr_irq18
                0x100001cc                isr_irq31
                0x100001cc                isr_irq28
                0x100001cc                isr_irq19
                0x100001cc                isr_irq0
                0x100001cc                isr_irq6
                0x100001cc                isr_irq27
                0x100001cc                isr_irq12
                0x100001cc                isr_irq22
                0x100001cc                isr_irq13
                0x100001cc                isr_irq17
                0x100001cc                isr_irq14
                0x100001cc                isr_irq2
                0x100001cc                isr_irq10
                0x100001cc                isr_irq8
                0x100001cc                isr_irq24
                0x100001cc                isr_irq1
                0x100001cc                isr_irq7
                0x100001cc                isr_irq21
                0x100001cc                isr_irq20
                0x100001cc                isr_irq15
                0x100001cc                isr_irq25
                0x100001cc                __unhandled_user_irq
                0x100001cc                isr_irq4
                0x100001cc                isr_irq16
                0x100001cc                isr_irq29
                0x100001cc                isr_irq26
                0x100001cc                isr_irq3
                0x100001cc                isr_irq30
                0x100001cc                isr_irq9
                0x100001d2                unhandled_user_irq_num_in_r0
 *(.binary_info_header)
 .binary_info_header
                0x100001d4       0x14 CMakeFiles/Cat_Dog_Arducam_int8.dir/__/pico-sdk/src/rp2_common/pico_standard_link/crt0.S.obj
                0x100001e8                __binary_info_header_end = .
 *(.reset)
 .reset         0x100001e8       0xa8 CMakeFiles/Cat_Dog_Arducam_int8.dir/__/pico-sdk/src/rp2_common/pico_standard_link/crt0.S.obj
                0x100001e8                _entry_point
                0x10000266                __get_current_exception
 .reset         0x10000290       0x30 CMakeFiles/Cat_Dog_Arducam_int8.dir/__/pico-sdk/src/rp2_common/pico_standard_link/binary_info.c.obj
 *(.init)
 .init          0x100002c0        0x4 d:/program files (x86)/gnu arm embedded toolchain/10 2020-q4-major/bin/../lib/gcc/arm-none-eabi/10.2.1/thumb/v6-m/nofp/crti.o
                0x100002c0                _init
 *(EXCLUDE_FILE(*libm.a: *libc.a:*lib_a-mem*.o *libgcc.a:) .text*)
 .text          0x100002c4       0x48 d:/program files (x86)/gnu arm embedded toolchain/10 2020-q4-major/bin/../lib/gcc/arm-none-eabi/10.2.1/thumb/v6-m/nofp/crtbegin.o
 .text._Z8GetImagePN6tflite13ErrorReporterEiiiPa
                0x1000030c       0xfc CMakeFiles/Cat_Dog_Arducam_int8.dir/image_provider.cc.obj
                0x1000030c                GetImage(tflite::ErrorReporter*, int, int, int, signed char*)
 .text.__tcf_0  0x10000408        0x4 CMakeFiles/Cat_Dog_Arducam_int8.dir/Main.cc.obj
 .text.startup.main
                0x1000040c      0x128 CMakeFiles/Cat_Dog_Arducam_int8.dir/Main.cc.obj
                0x1000040c                main
 .text.__tcf_0  0x10000534        0x4 CMakeFiles/Cat_Dog_Arducam_int8.dir/TF_Lite_exe.cc.obj
 .text.__tcf_2  0x10000538       0x10 CMakeFiles/Cat_Dog_Arducam_int8.dir/TF_Lite_exe.cc.obj
 .text.__tcf_1  0x10000548        0x4 CMakeFiles/Cat_Dog_Arducam_int8.dir/TF_Lite_exe.cc.obj
 .text._Z5setupv
                0x1000054c      0x164 CMakeFiles/Cat_Dog_Arducam_int8.dir/TF_Lite_exe.cc.obj
                0x1000054c                setup()
 .text._Z13model_executePa
                0x100006b0       0x54 CMakeFiles/Cat_Dog_Arducam_int8.dir/TF_Lite_exe.cc.obj
                0x100006b0                model_execute(signed char*)
 .text.setup_default_uart
                0x10000704        0x8 CMakeFiles/Cat_Dog_Arducam_int8.dir/__/pico-sdk/src/rp2_common/pico_stdlib/stdlib.c.obj
                0x10000704                setup_default_uart
 .text.gpio_set_function
                0x1000070c       0x30 CMakeFiles/Cat_Dog_Arducam_int8.dir/__/pico-sdk/src/rp2_common/hardware_gpio/gpio.c.obj
                0x1000070c                gpio_set_function
 .text.gpio_set_pulls
                0x1000073c       0x30 CMakeFiles/Cat_Dog_Arducam_int8.dir/__/pico-sdk/src/rp2_common/hardware_gpio/gpio.c.obj
                0x1000073c                gpio_set_pulls
 .text.gpio_init
                0x1000076c       0x3c CMakeFiles/Cat_Dog_Arducam_int8.dir/__/pico-sdk/src/rp2_common/hardware_gpio/gpio.c.obj
                0x1000076c                gpio_init
 .text.hw_claim_or_assert
                0x100007a8       0x58 CMakeFiles/Cat_Dog_Arducam_int8.dir/__/pico-sdk/src/rp2_common/hardware_claim/claim.c.obj
                0x100007a8                hw_claim_or_assert
 .text.hw_claim_unused_from_range
                0x10000800       0x9c CMakeFiles/Cat_Dog_Arducam_int8.dir/__/pico-sdk/src/rp2_common/hardware_claim/claim.c.obj
                0x10000800                hw_claim_unused_from_range
 .text.spin_locks_reset
                0x1000089c       0x1c CMakeFiles/Cat_Dog_Arducam_int8.dir/__/pico-sdk/src/rp2_common/hardware_sync/sync.c.obj
                0x1000089c                spin_locks_reset
 .text.next_striped_spin_lock_num
                0x100008b8       0x18 CMakeFiles/Cat_Dog_Arducam_int8.dir/__/pico-sdk/src/rp2_common/hardware_sync/sync.c.obj
                0x100008b8                next_striped_spin_lock_num
 .text.spin_lock_claim_unused
                0x100008d0       0x20 CMakeFiles/Cat_Dog_Arducam_int8.dir/__/pico-sdk/src/rp2_common/hardware_sync/sync.c.obj
                0x100008d0                spin_lock_claim_unused
 .text.running_on_fpga
                0x100008f0       0x10 CMakeFiles/Cat_Dog_Arducam_int8.dir/__/pico-sdk/src/rp2_common/pico_platform/platform.c.obj
                0x100008f0                running_on_fpga
 .text.uart_init
                0x10000900       0xe0 CMakeFiles/Cat_Dog_Arducam_int8.dir/__/pico-sdk/src/rp2_common/hardware_uart/uart.c.obj
                0x10000900                uart_init
 .text.timer_pool_entry_comparator
                0x100009e0       0x34 CMakeFiles/Cat_Dog_Arducam_int8.dir/__/pico-sdk/src/common/pico_time/time.c.obj
                0x100009e0                timer_pool_entry_comparator
 .text.sev_callback
                0x10000a14        0x8 CMakeFiles/Cat_Dog_Arducam_int8.dir/__/pico-sdk/src/common/pico_time/time.c.obj
 .text.add_alarm_under_lock.isra.0
                0x10000a1c      0x120 CMakeFiles/Cat_Dog_Arducam_int8.dir/__/pico-sdk/src/common/pico_time/time.c.obj
 .text.alarm_pool_alarm_callback
                0x10000b3c      0x1c8 CMakeFiles/Cat_Dog_Arducam_int8.dir/__/pico-sdk/src/common/pico_time/time.c.obj
 .text.alarm_pool_add_alarm_at.constprop.0
                0x10000d04      0x11c CMakeFiles/Cat_Dog_Arducam_int8.dir/__/pico-sdk/src/common/pico_time/time.c.obj
 .text.alarm_pool_init_default
                0x10000e20       0x78 CMakeFiles/Cat_Dog_Arducam_int8.dir/__/pico-sdk/src/common/pico_time/time.c.obj
                0x10000e20                alarm_pool_init_default
 .text.alarm_pool_get_default
                0x10000e98        0xc CMakeFiles/Cat_Dog_Arducam_int8.dir/__/pico-sdk/src/common/pico_time/time.c.obj
                0x10000e98                alarm_pool_get_default
 .text.alarm_pool_add_alarm_at
                0x10000ea4      0x1b0 CMakeFiles/Cat_Dog_Arducam_int8.dir/__/pico-sdk/src/common/pico_time/time.c.obj
                0x10000ea4                alarm_pool_add_alarm_at
 .text.alarm_pool_cancel_alarm
                0x10001054       0x74 CMakeFiles/Cat_Dog_Arducam_int8.dir/__/pico-sdk/src/common/pico_time/time.c.obj
                0x10001054                alarm_pool_cancel_alarm
 .text.sleep_ms
                0x100010c8       0xb8 CMakeFiles/Cat_Dog_Arducam_int8.dir/__/pico-sdk/src/common/pico_time/time.c.obj
                0x100010c8                sleep_ms
 .text.best_effort_wfe_or_timeout
                0x10001180       0x44 CMakeFiles/Cat_Dog_Arducam_int8.dir/__/pico-sdk/src/common/pico_time/time.c.obj
                0x10001180                best_effort_wfe_or_timeout
 .text.hardware_alarm_irq_handler
                0x100011c4       0xb8 CMakeFiles/Cat_Dog_Arducam_int8.dir/__/pico-sdk/src/rp2_common/hardware_timer/timer.c.obj
 .text.hardware_alarm_claim
                0x1000127c       0x18 CMakeFiles/Cat_Dog_Arducam_int8.dir/__/pico-sdk/src/rp2_common/hardware_timer/timer.c.obj
                0x1000127c                hardware_alarm_claim
 .text.time_us_64
                0x10001294       0x14 CMakeFiles/Cat_Dog_Arducam_int8.dir/__/pico-sdk/src/rp2_common/hardware_timer/timer.c.obj
                0x10001294                time_us_64
 .text.busy_wait_until
                0x100012a8       0x20 CMakeFiles/Cat_Dog_Arducam_int8.dir/__/pico-sdk/src/rp2_common/hardware_timer/timer.c.obj
                0x100012a8                busy_wait_until
 .text.hardware_alarm_set_callback
                0x100012c8       0x8c CMakeFiles/Cat_Dog_Arducam_int8.dir/__/pico-sdk/src/rp2_common/hardware_timer/timer.c.obj
                0x100012c8                hardware_alarm_set_callback
 .text.hardware_alarm_set_target
                0x10001354       0xc4 CMakeFiles/Cat_Dog_Arducam_int8.dir/__/pico-sdk/src/rp2_common/hardware_timer/timer.c.obj
                0x10001354                hardware_alarm_set_target
 .text.hardware_alarm_cancel
                0x10001418       0x3c CMakeFiles/Cat_Dog_Arducam_int8.dir/__/pico-sdk/src/rp2_common/hardware_timer/timer.c.obj
                0x10001418                hardware_alarm_cancel
 .text.lock_init
                0x10001454       0x10 CMakeFiles/Cat_Dog_Arducam_int8.dir/__/pico-sdk/src/common/pico_sync/lock_core.c.obj
                0x10001454                lock_init
 .text.mutex_init
                0x10001464       0x1c CMakeFiles/Cat_Dog_Arducam_int8.dir/__/pico-sdk/src/common/pico_sync/mutex.c.obj
                0x10001464                mutex_init
 .text.critical_section_init
                0x10001480       0x18 CMakeFiles/Cat_Dog_Arducam_int8.dir/__/pico-sdk/src/common/pico_sync/critical_section.c.obj
                0x10001480                critical_section_init
 .text.ph_merge_nodes
                0x10001498       0x68 CMakeFiles/Cat_Dog_Arducam_int8.dir/__/pico-sdk/src/common/pico_util/pheap.c.obj
 .text.ph_create
                0x10001500       0x64 CMakeFiles/Cat_Dog_Arducam_int8.dir/__/pico-sdk/src/common/pico_util/pheap.c.obj
                0x10001500                ph_create
 .text.ph_merge_two_pass
                0x10001564       0x90 CMakeFiles/Cat_Dog_Arducam_int8.dir/__/pico-sdk/src/common/pico_util/pheap.c.obj
                0x10001564                ph_merge_two_pass
 .text.ph_remove_any_head
                0x100015f4       0xf8 CMakeFiles/Cat_Dog_Arducam_int8.dir/__/pico-sdk/src/common/pico_util/pheap.c.obj
 .text.ph_remove_head_reserve
                0x100016ec       0xfc CMakeFiles/Cat_Dog_Arducam_int8.dir/__/pico-sdk/src/common/pico_util/pheap.c.obj
                0x100016ec                ph_remove_head_reserve
 .text.ph_delete
                0x100017e8       0x7c CMakeFiles/Cat_Dog_Arducam_int8.dir/__/pico-sdk/src/common/pico_util/pheap.c.obj
                0x100017e8                ph_delete
 .text.runtime_init
                0x10001864       0xec CMakeFiles/Cat_Dog_Arducam_int8.dir/__/pico-sdk/src/rp2_common/pico_runtime/runtime.c.obj
                0x10001864                runtime_init
 .text._exit    0x10001950        0x4 CMakeFiles/Cat_Dog_Arducam_int8.dir/__/pico-sdk/src/rp2_common/pico_runtime/runtime.c.obj
                0x10001950                _exit
 .text._sbrk    0x10001954       0x34 CMakeFiles/Cat_Dog_Arducam_int8.dir/__/pico-sdk/src/rp2_common/pico_runtime/runtime.c.obj
                0x10001954                _sbrk
 .text.exit     0x10001988        0x4 CMakeFiles/Cat_Dog_Arducam_int8.dir/__/pico-sdk/src/rp2_common/pico_runtime/runtime.c.obj
                0x10001988                exit
 .text.panic    0x1000198c       0x30 CMakeFiles/Cat_Dog_Arducam_int8.dir/__/pico-sdk/src/rp2_common/pico_runtime/runtime.c.obj
                0x1000198c                panic
 .text.hard_assertion_failure
                0x100019bc        0xc CMakeFiles/Cat_Dog_Arducam_int8.dir/__/pico-sdk/src/rp2_common/pico_runtime/runtime.c.obj
                0x100019bc                hard_assertion_failure
 .text.clocks_init
                0x100019c8      0x2e0 CMakeFiles/Cat_Dog_Arducam_int8.dir/__/pico-sdk/src/rp2_common/hardware_clocks/clocks.c.obj
                0x100019c8                clocks_init
 .text.clock_get_hz
                0x10001ca8        0xc CMakeFiles/Cat_Dog_Arducam_int8.dir/__/pico-sdk/src/rp2_common/hardware_clocks/clocks.c.obj
                0x10001ca8                clock_get_hz
 .text.watchdog_start_tick
                0x10001cb4       0x10 CMakeFiles/Cat_Dog_Arducam_int8.dir/__/pico-sdk/src/rp2_common/hardware_watchdog/watchdog.c.obj
                0x10001cb4                watchdog_start_tick
 .text.xosc_init
                0x10001cc4       0x28 CMakeFiles/Cat_Dog_Arducam_int8.dir/__/pico-sdk/src/rp2_common/hardware_xosc/xosc.c.obj
                0x10001cc4                xosc_init
 .text.pll_init
                0x10001cec       0x5c CMakeFiles/Cat_Dog_Arducam_int8.dir/__/pico-sdk/src/rp2_common/hardware_pll/pll.c.obj
                0x10001cec                pll_init
 .text.irq_set_enabled
                0x10001d48       0x24 CMakeFiles/Cat_Dog_Arducam_int8.dir/__/pico-sdk/src/rp2_common/hardware_irq/irq.c.obj
                0x10001d48                irq_set_enabled
 .text.irq_set_pending
                0x10001d6c       0x10 CMakeFiles/Cat_Dog_Arducam_int8.dir/__/pico-sdk/src/rp2_common/hardware_irq/irq.c.obj
                0x10001d6c                irq_set_pending
 .text.irq_get_vtable_handler
                0x10001d7c       0x10 CMakeFiles/Cat_Dog_Arducam_int8.dir/__/pico-sdk/src/rp2_common/hardware_irq/irq.c.obj
                0x10001d7c                irq_get_vtable_handler
 .text.irq_set_exclusive_handler
                0x10001d8c       0x54 CMakeFiles/Cat_Dog_Arducam_int8.dir/__/pico-sdk/src/rp2_common/hardware_irq/irq.c.obj
                0x10001d8c                irq_set_exclusive_handler
 .text.irq_remove_handler
                0x10001de0      0x1c0 CMakeFiles/Cat_Dog_Arducam_int8.dir/__/pico-sdk/src/rp2_common/hardware_irq/irq.c.obj
                0x10001de0                irq_remove_handler
 .text.irq_add_tail_to_free_list
                0x10001fa0       0xbc CMakeFiles/Cat_Dog_Arducam_int8.dir/__/pico-sdk/src/rp2_common/hardware_irq/irq.c.obj
                0x10001fa0                irq_add_tail_to_free_list
 .text.irq_init_priorities
                0x1000205c       0x38 CMakeFiles/Cat_Dog_Arducam_int8.dir/__/pico-sdk/src/rp2_common/hardware_irq/irq.c.obj
                0x1000205c                irq_init_priorities
 .text._out_buffer
                0x10002094        0x8 CMakeFiles/Cat_Dog_Arducam_int8.dir/__/pico-sdk/src/rp2_common/pico_printf/printf.c.obj
 .text._out_null
                0x1000209c        0x4 CMakeFiles/Cat_Dog_Arducam_int8.dir/__/pico-sdk/src/rp2_common/pico_printf/printf.c.obj
 .text._out_rev
                0x100020a0       0x9c CMakeFiles/Cat_Dog_Arducam_int8.dir/__/pico-sdk/src/rp2_common/pico_printf/printf.c.obj
 .text._ntoa_format
                0x1000213c      0x1cc CMakeFiles/Cat_Dog_Arducam_int8.dir/__/pico-sdk/src/rp2_common/pico_printf/printf.c.obj
 .text._out_char
                0x10002308       0x10 CMakeFiles/Cat_Dog_Arducam_int8.dir/__/pico-sdk/src/rp2_common/pico_printf/printf.c.obj
 .text._out_fct
                0x10002318       0x10 CMakeFiles/Cat_Dog_Arducam_int8.dir/__/pico-sdk/src/rp2_common/pico_printf/printf.c.obj
 .text._etoa    0x10002328      0x424 CMakeFiles/Cat_Dog_Arducam_int8.dir/__/pico-sdk/src/rp2_common/pico_printf/printf.c.obj
 .text._ftoa    0x1000274c      0x398 CMakeFiles/Cat_Dog_Arducam_int8.dir/__/pico-sdk/src/rp2_common/pico_printf/printf.c.obj
 .text._vsnprintf
                0x10002ae4      0xb04 CMakeFiles/Cat_Dog_Arducam_int8.dir/__/pico-sdk/src/rp2_common/pico_printf/printf.c.obj
 .text.__wrap_sprintf
                0x100035e8       0x28 CMakeFiles/Cat_Dog_Arducam_int8.dir/__/pico-sdk/src/rp2_common/pico_printf/printf.c.obj
                0x100035e8                __wrap_sprintf
 .text.vfctprintf
                0x10003610       0x20 CMakeFiles/Cat_Dog_Arducam_int8.dir/__/pico-sdk/src/rp2_common/pico_printf/printf.c.obj
                0x10003610                vfctprintf
 .text.weak_raw_vprintf
                0x10003630       0x30 CMakeFiles/Cat_Dog_Arducam_int8.dir/__/pico-sdk/src/rp2_common/pico_printf/printf.c.obj
                0x10003630                weak_raw_vprintf
 .text          0x10003660       0x10 CMakeFiles/Cat_Dog_Arducam_int8.dir/__/pico-sdk/src/rp2_common/pico_bit_ops/bit_ops_aeabi.S.obj
 .text.clzsi    0x10003670        0xc CMakeFiles/Cat_Dog_Arducam_int8.dir/__/pico-sdk/src/rp2_common/pico_bit_ops/bit_ops_aeabi.S.obj
                0x10003670                __wrap___clzsi2
                0x10003670                __wrap___clzl
                0x10003670                __wrap___clz
 .text.rom_func_lookup
                0x1000367c       0x10 CMakeFiles/Cat_Dog_Arducam_int8.dir/__/pico-sdk/src/rp2_common/pico_bootrom/bootrom.c.obj
                0x1000367c                rom_func_lookup
 .text.rom_data_lookup
                0x1000368c       0x10 CMakeFiles/Cat_Dog_Arducam_int8.dir/__/pico-sdk/src/rp2_common/pico_bootrom/bootrom.c.obj
                0x1000368c                rom_data_lookup
 .text.rom_funcs_lookup
                0x1000369c       0x44 CMakeFiles/Cat_Dog_Arducam_int8.dir/__/pico-sdk/src/rp2_common/pico_bootrom/bootrom.c.obj
                0x1000369c                rom_funcs_lookup
 .text.__wrap___aeabi_idiv
                0x100036e0       0x58 CMakeFiles/Cat_Dog_Arducam_int8.dir/__/pico-sdk/src/rp2_common/pico_divider/divider.S.obj
                0x100036e0                __wrap___aeabi_idivmod
                0x100036e0                divmod_s32s32
                0x100036e0                div_s32s32
                0x100036e0                __wrap___aeabi_idiv
                0x100036e8                divmod_s32s32_unsafe
                0x10003714                divmod_s32s32_savestate
 .text.__wrap___aeabi_uidiv
                0x10003738       0x54 CMakeFiles/Cat_Dog_Arducam_int8.dir/__/pico-sdk/src/rp2_common/pico_divider/divider.S.obj
                0x10003738                __wrap___aeabi_uidiv
                0x10003738                __wrap___aeabi_uidivmod
                0x10003738                div_u32u32
                0x10003738                divmod_u32u32
                0x10003740                divmod_u32u32_unsafe
                0x10003768                divmod_u32u32_savestate
 .text.__wrap___aeabi_ldiv
                0x1000378c      0x430 CMakeFiles/Cat_Dog_Arducam_int8.dir/__/pico-sdk/src/rp2_common/pico_divider/divider.S.obj
                0x1000378c                div_s64s64
                0x1000378c                divmod_s64s64
                0x1000378c                __wrap___aeabi_ldivmod
                0x100037c4                divmod_u64u64
                0x100037c4                div_u64u64
                0x100037c4                __wrap___aeabi_uldivmod
                0x100037d4                divmod_u64u64_savestate
                0x100037fc                divmod_s64s64_unsafe
                0x10003884                divmod_u64u64_unsafe
 .text.__wrap___aeabi_darithmetic
                0x10003bbc       0x54 CMakeFiles/Cat_Dog_Arducam_int8.dir/__/pico-sdk/src/rp2_common/pico_double/double_aeabi.S.obj
                0x10003bbc                __wrap___aeabi_drsub
                0x10003bc2                __wrap___aeabi_dsub
                0x10003bd4                __wrap___aeabi_dadd
                0x10003be6                __wrap___aeabi_ddiv
                0x10003bf8                __wrap___aeabi_dmul
 .text.__wrap___aeabi_cdcmple
                0x10003c10       0x6c CMakeFiles/Cat_Dog_Arducam_int8.dir/__/pico-sdk/src/rp2_common/pico_double/double_aeabi.S.obj
                0x10003c10                __wrap___aeabi_cdrcmple
                0x10003c20                __wrap___aeabi_cdcmpeq
                0x10003c20                __wrap___aeabi_cdcmple
 .text.__wrap___aeabi_dcmpeq
                0x10003c7c       0x10 CMakeFiles/Cat_Dog_Arducam_int8.dir/__/pico-sdk/src/rp2_common/pico_double/double_aeabi.S.obj
                0x10003c7c                __wrap___aeabi_dcmpeq
 .text.__wrap___aeabi_dcmplt
                0x10003c8c        0xc CMakeFiles/Cat_Dog_Arducam_int8.dir/__/pico-sdk/src/rp2_common/pico_double/double_aeabi.S.obj
                0x10003c8c                __wrap___aeabi_dcmplt
 .text.__wrap___aeabi_dcmple
                0x10003c98       0x10 CMakeFiles/Cat_Dog_Arducam_int8.dir/__/pico-sdk/src/rp2_common/pico_double/double_aeabi.S.obj
                0x10003c98                __wrap___aeabi_dcmple
 .text.__wrap___aeabi_dcmpge
                0x10003ca8       0x10 CMakeFiles/Cat_Dog_Arducam_int8.dir/__/pico-sdk/src/rp2_common/pico_double/double_aeabi.S.obj
                0x10003ca8                __wrap___aeabi_dcmpge
 .text.__wrap___aeabi_dcmpgt
                0x10003cb8        0xa CMakeFiles/Cat_Dog_Arducam_int8.dir/__/pico-sdk/src/rp2_common/pico_double/double_aeabi.S.obj
                0x10003cb8                __wrap___aeabi_dcmpgt
 .text.__wrap___aeabi_dcmpun
                0x10003cc2       0x1c CMakeFiles/Cat_Dog_Arducam_int8.dir/__/pico-sdk/src/rp2_common/pico_double/double_aeabi.S.obj
                0x10003cc2                __wrap___aeabi_dcmpun
 *fill*         0x10003cde        0x2 
 .text.__wrap___aeabi_i2d
                0x10003ce0       0x38 CMakeFiles/Cat_Dog_Arducam_int8.dir/__/pico-sdk/src/rp2_common/pico_double/double_aeabi.S.obj
                0x10003ce0                __wrap___aeabi_ui2d
                0x10003ce8                __wrap___aeabi_i2d
 .text.__wrap___aeabi_d2iz
                0x10003d18       0x48 CMakeFiles/Cat_Dog_Arducam_int8.dir/__/pico-sdk/src/rp2_common/pico_double/double_aeabi.S.obj
                0x10003d18                double2int_z
                0x10003d18                __wrap___aeabi_d2iz
 .text.__wrap___aeabi_d2uiz
                0x10003d60       0x18 CMakeFiles/Cat_Dog_Arducam_int8.dir/__/pico-sdk/src/rp2_common/pico_double/double_aeabi.S.obj
                0x10003d60                __wrap___aeabi_d2uiz
                0x10003d60                double2uint
 .text.__wrap___aeabi_l2d
                0x10003d78       0x18 CMakeFiles/Cat_Dog_Arducam_int8.dir/__/pico-sdk/src/rp2_common/pico_double/double_aeabi.S.obj
                0x10003d78                __wrap___aeabi_l2d
 .text.__wrap___aeabi_ul2d
                0x10003d90       0x18 CMakeFiles/Cat_Dog_Arducam_int8.dir/__/pico-sdk/src/rp2_common/pico_double/double_aeabi.S.obj
                0x10003d90                __wrap___aeabi_ul2d
 .text.__wrap___aeabi_d2lz
                0x10003da8       0x26 CMakeFiles/Cat_Dog_Arducam_int8.dir/__/pico-sdk/src/rp2_common/pico_double/double_aeabi.S.obj
                0x10003da8                double2int64_z
                0x10003da8                __wrap___aeabi_d2lz
 *fill*         0x10003dce        0x2 
 .text.double2int64
                0x10003dd0       0x18 CMakeFiles/Cat_Dog_Arducam_int8.dir/__/pico-sdk/src/rp2_common/pico_double/double_aeabi.S.obj
                0x10003dd0                double2int64
 .text.__wrap___aeabi_d2ulz
                0x10003de8       0x18 CMakeFiles/Cat_Dog_Arducam_int8.dir/__/pico-sdk/src/rp2_common/pico_double/double_aeabi.S.obj
                0x10003de8                __wrap___aeabi_d2ulz
 .text.double2ufix64
                0x10003e00       0x18 CMakeFiles/Cat_Dog_Arducam_int8.dir/__/pico-sdk/src/rp2_common/pico_double/double_aeabi.S.obj
                0x10003e00                double2ufix64
 .text.__wrap___aeabi_d2f
                0x10003e18       0x18 CMakeFiles/Cat_Dog_Arducam_int8.dir/__/pico-sdk/src/rp2_common/pico_double/double_aeabi.S.obj
                0x10003e18                __wrap___aeabi_d2f
 .text.__aeabi_double_init
                0x10003e30       0x80 CMakeFiles/Cat_Dog_Arducam_int8.dir/__/pico-sdk/src/rp2_common/pico_double/double_init_rom.c.obj
                0x10003e30                __aeabi_double_init
 .text.__wrap_round
                0x10003eb0       0xa0 CMakeFiles/Cat_Dog_Arducam_int8.dir/__/pico-sdk/src/rp2_common/pico_double/double_math.c.obj
                0x10003eb0                __wrap_round
 .text.__wrap_floor
                0x10003f50       0x94 CMakeFiles/Cat_Dog_Arducam_int8.dir/__/pico-sdk/src/rp2_common/pico_double/double_math.c.obj
                0x10003f50                __wrap_floor
 .text.double_table_shim_on_use_helper
                0x10003fe4       0x2c CMakeFiles/Cat_Dog_Arducam_int8.dir/__/pico-sdk/src/rp2_common/pico_double/double_v1_rom_shim.S.obj
                0x10003fe4                double_table_shim_on_use_helper
 .text.__wrap___aeabi_dsub
                0x10004010       0x10 CMakeFiles/Cat_Dog_Arducam_int8.dir/__/pico-sdk/src/rp2_common/pico_double/double_v1_rom_shim.S.obj
                0x10004010                drsub_shim
                0x10004016                dsub_shim
 .text.dadd_shim
                0x10004020      0x15c CMakeFiles/Cat_Dog_Arducam_int8.dir/__/pico-sdk/src/rp2_common/pico_double/double_v1_rom_shim.S.obj
                0x10004020                dadd_shim
 .text.dmul_shim
                0x1000417c      0x15c CMakeFiles/Cat_Dog_Arducam_int8.dir/__/pico-sdk/src/rp2_common/pico_double/double_v1_rom_shim.S.obj
                0x1000417c                dmul_shim
 .text.ddiv_shim
                0x100042d8      0x1b0 CMakeFiles/Cat_Dog_Arducam_int8.dir/__/pico-sdk/src/rp2_common/pico_double/double_v1_rom_shim.S.obj
                0x100042d8                ddiv_shim
 .text.dcordic_rot_step
                0x10004488       0x7c CMakeFiles/Cat_Dog_Arducam_int8.dir/__/pico-sdk/src/rp2_common/pico_double/double_v1_rom_shim.S.obj
                0x10004488                dcordic_rot_step
 .text.double2uint_shim
                0x10004504        0xe CMakeFiles/Cat_Dog_Arducam_int8.dir/__/pico-sdk/src/rp2_common/pico_double/double_v1_rom_shim.S.obj
                0x10004504                double2uint_shim
                0x10004506                double2ufix_shim
 .text.double2int64_shim
                0x10004512       0x1a CMakeFiles/Cat_Dog_Arducam_int8.dir/__/pico-sdk/src/rp2_common/pico_double/double_v1_rom_shim.S.obj
                0x10004512                double2int64_shim
                0x10004514                double2fix64_shim
 .text.double2uint64_shim
                0x1000452c       0x6c CMakeFiles/Cat_Dog_Arducam_int8.dir/__/pico-sdk/src/rp2_common/pico_double/double_v1_rom_shim.S.obj
                0x1000452c                double2uint64_shim
                0x1000452e                double2ufix64_shim
                0x10004548                d2fix_a
 .text.double2float_shim
                0x10004598       0x5c CMakeFiles/Cat_Dog_Arducam_int8.dir/__/pico-sdk/src/rp2_common/pico_double/double_v1_rom_shim.S.obj
                0x10004598                double2float_shim
 .text.x2double_shims
                0x100045f4       0x90 CMakeFiles/Cat_Dog_Arducam_int8.dir/__/pico-sdk/src/rp2_common/pico_double/double_v1_rom_shim.S.obj
                0x100045f4                uint2double_shim
                0x100045f6                ufix2double_shim
                0x100045fc                int2double_shim
                0x100045fe                fix2double_shim
                0x10004604                uint642double_shim
                0x10004606                ufix642double_shim
                0x1000460c                int642double_shim
                0x1000460e                fix642double_shim
 .text.dunpacks
                0x10004684       0x3c CMakeFiles/Cat_Dog_Arducam_int8.dir/__/pico-sdk/src/rp2_common/pico_double/double_v1_rom_shim.S.obj
                0x10004684                dunpacks
 .text.__aeabi_lmul
                0x100046c0       0x32 CMakeFiles/Cat_Dog_Arducam_int8.dir/__/pico-sdk/src/rp2_common/pico_int64_ops/pico_int64_ops_aeabi.S.obj
                0x100046c0                __wrap___aeabi_lmul
 *fill*         0x100046f2        0x2 
 .text.__wrap___aeabi_farithmetic
                0x100046f4       0x24 CMakeFiles/Cat_Dog_Arducam_int8.dir/__/pico-sdk/src/rp2_common/pico_float/float_aeabi.S.obj
                0x100046f4                __wrap___aeabi_frsub
                0x100046fa                __wrap___aeabi_fsub
                0x10004700                __wrap___aeabi_fadd
                0x10004706                __wrap___aeabi_fdiv
                0x1000470c                __wrap___aeabi_fmul
 .text.__wrap___aeabi_cfcmple
                0x10004718       0x50 CMakeFiles/Cat_Dog_Arducam_int8.dir/__/pico-sdk/src/rp2_common/pico_float/float_aeabi.S.obj
                0x10004718                __wrap___aeabi_cfrcmple
                0x10004724                __wrap___aeabi_cfcmple
                0x10004724                __wrap___aeabi_cfcmpeq
 .text.__wrap___aeabi_fcmpeq
                0x10004768       0x10 CMakeFiles/Cat_Dog_Arducam_int8.dir/__/pico-sdk/src/rp2_common/pico_float/float_aeabi.S.obj
                0x10004768                __wrap___aeabi_fcmpeq
 .text.__wrap___aeabi_fcmplt
                0x10004778        0xc CMakeFiles/Cat_Dog_Arducam_int8.dir/__/pico-sdk/src/rp2_common/pico_float/float_aeabi.S.obj
                0x10004778                __wrap___aeabi_fcmplt
 .text.__wrap___aeabi_fcmple
                0x10004784       0x10 CMakeFiles/Cat_Dog_Arducam_int8.dir/__/pico-sdk/src/rp2_common/pico_float/float_aeabi.S.obj
                0x10004784                __wrap___aeabi_fcmple
 .text.__wrap___aeabi_fcmpge
                0x10004794       0x10 CMakeFiles/Cat_Dog_Arducam_int8.dir/__/pico-sdk/src/rp2_common/pico_float/float_aeabi.S.obj
                0x10004794                __wrap___aeabi_fcmpge
 .text.__wrap___aeabi_fcmpgt
                0x100047a4        0xa CMakeFiles/Cat_Dog_Arducam_int8.dir/__/pico-sdk/src/rp2_common/pico_float/float_aeabi.S.obj
                0x100047a4                __wrap___aeabi_fcmpgt
 .text.__wrap___aeabi_ui2f
                0x100047ae        0xa CMakeFiles/Cat_Dog_Arducam_int8.dir/__/pico-sdk/src/rp2_common/pico_float/float_aeabi.S.obj
                0x100047ae                __wrap___aeabi_ui2f
 .text.__wrap___aeabi_i2f
                0x100047b8       0x44 CMakeFiles/Cat_Dog_Arducam_int8.dir/__/pico-sdk/src/rp2_common/pico_float/float_aeabi.S.obj
                0x100047b8                __wrap___aeabi_i2f
 .text.__wrap___aeabi_f2iz
                0x100047fc       0x4e CMakeFiles/Cat_Dog_Arducam_int8.dir/__/pico-sdk/src/rp2_common/pico_float/float_aeabi.S.obj
                0x100047fc                float2int_z
                0x100047fc                __wrap___aeabi_f2iz
 *fill*         0x1000484a        0x2 
 .text.float2int
                0x1000484c       0x14 CMakeFiles/Cat_Dog_Arducam_int8.dir/__/pico-sdk/src/rp2_common/pico_float/float_aeabi.S.obj
                0x1000484c                float2int
 .text.__wrap___aeabi_f2uiz
                0x10004860        0xc CMakeFiles/Cat_Dog_Arducam_int8.dir/__/pico-sdk/src/rp2_common/pico_float/float_aeabi.S.obj
                0x10004860                __wrap___aeabi_f2uiz
 .text.fix2float
                0x1000486c        0xc CMakeFiles/Cat_Dog_Arducam_int8.dir/__/pico-sdk/src/rp2_common/pico_float/float_aeabi.S.obj
                0x1000486c                fix2float
 .text.__wrap___aeabi_f2d
                0x10004878       0x14 CMakeFiles/Cat_Dog_Arducam_int8.dir/__/pico-sdk/src/rp2_common/pico_float/float_aeabi.S.obj
                0x10004878                __wrap___aeabi_f2d
 .text.__wrap_srqtf
                0x1000488c       0x20 CMakeFiles/Cat_Dog_Arducam_int8.dir/__/pico-sdk/src/rp2_common/pico_float/float_aeabi.S.obj
                0x1000488c                __wrap_sqrtf
 .text.__wrap_cosf
                0x100048ac       0x24 CMakeFiles/Cat_Dog_Arducam_int8.dir/__/pico-sdk/src/rp2_common/pico_float/float_aeabi.S.obj
                0x100048ac                __wrap_cosf
 .text.__wrap_sinf
                0x100048d0       0x24 CMakeFiles/Cat_Dog_Arducam_int8.dir/__/pico-sdk/src/rp2_common/pico_float/float_aeabi.S.obj
                0x100048d0                __wrap_sinf
 .text.__wrap_expf
                0x100048f4        0xc CMakeFiles/Cat_Dog_Arducam_int8.dir/__/pico-sdk/src/rp2_common/pico_float/float_aeabi.S.obj
                0x100048f4                __wrap_expf
 .text.__wrap_logf
                0x10004900        0xc CMakeFiles/Cat_Dog_Arducam_int8.dir/__/pico-sdk/src/rp2_common/pico_float/float_aeabi.S.obj
                0x10004900                __wrap_logf
 .text.__aeabi_float_init
                0x1000490c       0x64 CMakeFiles/Cat_Dog_Arducam_int8.dir/__/pico-sdk/src/rp2_common/pico_float/float_init_rom.c.obj
                0x1000490c                __aeabi_float_init
 .text.__wrap_roundf
                0x10004970       0x3c CMakeFiles/Cat_Dog_Arducam_int8.dir/__/pico-sdk/src/rp2_common/pico_float/float_math.c.obj
                0x10004970                __wrap_roundf
 .text.__wrap_floorf
                0x100049ac       0x40 CMakeFiles/Cat_Dog_Arducam_int8.dir/__/pico-sdk/src/rp2_common/pico_float/float_math.c.obj
                0x100049ac                __wrap_floorf
 .text.__wrap_ceilf
                0x100049ec       0x44 CMakeFiles/Cat_Dog_Arducam_int8.dir/__/pico-sdk/src/rp2_common/pico_float/float_math.c.obj
                0x100049ec                __wrap_ceilf
 .text.__wrap_tanhf
                0x10004a30       0x4c CMakeFiles/Cat_Dog_Arducam_int8.dir/__/pico-sdk/src/rp2_common/pico_float/float_math.c.obj
                0x10004a30                __wrap_tanhf
 .text.__wrap_remquof
                0x10004a7c      0x14c CMakeFiles/Cat_Dog_Arducam_int8.dir/__/pico-sdk/src/rp2_common/pico_float/float_math.c.obj
                0x10004a7c                __wrap_remquof
 .text.__wrap_remainderf
                0x10004bc8        0xc CMakeFiles/Cat_Dog_Arducam_int8.dir/__/pico-sdk/src/rp2_common/pico_float/float_math.c.obj
                0x10004bc8                __wrap_remainderf
 .text.float_table_shim_on_use_helper
                0x10004bd4       0x2c CMakeFiles/Cat_Dog_Arducam_int8.dir/__/pico-sdk/src/rp2_common/pico_float/float_v1_rom_shim.S.obj
                0x10004bd4                float_table_shim_on_use_helper
 .text.float232_shims
                0x10004c00       0x18 CMakeFiles/Cat_Dog_Arducam_int8.dir/__/pico-sdk/src/rp2_common/pico_float/float_v1_rom_shim.S.obj
                0x10004c00                float2int_shim
                0x10004c02                float2fix_shim
 .text.float2double_shim
                0x10004c18       0x30 CMakeFiles/Cat_Dog_Arducam_int8.dir/__/pico-sdk/src/rp2_common/pico_float/float_v1_rom_shim.S.obj
                0x10004c18                float2double_shim
 .text.__wrap_malloc
                0x10004c48        0x8 CMakeFiles/Cat_Dog_Arducam_int8.dir/__/pico-sdk/src/rp2_common/pico_malloc/pico_malloc.c.obj
                0x10004c48                __wrap_malloc
 .text.__wrap_calloc
                0x10004c50        0x8 CMakeFiles/Cat_Dog_Arducam_int8.dir/__/pico-sdk/src/rp2_common/pico_malloc/pico_malloc.c.obj
                0x10004c50                __wrap_calloc
 .text.__wrap_free
                0x10004c58        0x8 CMakeFiles/Cat_Dog_Arducam_int8.dir/__/pico-sdk/src/rp2_common/pico_malloc/pico_malloc.c.obj
                0x10004c58                __wrap_free
 .text          0x10004c60       0x10 CMakeFiles/Cat_Dog_Arducam_int8.dir/__/pico-sdk/src/rp2_common/pico_mem_ops/mem_ops_aeabi.S.obj
                0x10004c60                __aeabi_mem_init
 .text.memset   0x10004c70        0xc CMakeFiles/Cat_Dog_Arducam_int8.dir/__/pico-sdk/src/rp2_common/pico_mem_ops/mem_ops_aeabi.S.obj
                0x10004c70                __wrap_memset
 .text.memcpy   0x10004c7c        0xc CMakeFiles/Cat_Dog_Arducam_int8.dir/__/pico-sdk/src/rp2_common/pico_mem_ops/mem_ops_aeabi.S.obj
                0x10004c7c                __wrap_memcpy
                0x10004c7c                __wrap___aeabi_memcpy
 .text._ZdlPvj  0x10004c88        0x8 CMakeFiles/Cat_Dog_Arducam_int8.dir/__/pico-sdk/src/rp2_common/pico_standard_link/new_delete.cpp.obj
                0x10004c88                operator delete(void*, unsigned int)
 .text.stdio_out_chars_crlf.part.0
                0x10004c90       0xa0 CMakeFiles/Cat_Dog_Arducam_int8.dir/__/pico-sdk/src/rp2_common/pico_stdio/stdio.c.obj
 .text.stdio_buffered_printer
                0x10004d30       0x78 CMakeFiles/Cat_Dog_Arducam_int8.dir/__/pico-sdk/src/rp2_common/pico_stdio/stdio.c.obj
 .text.stdio_put_string.isra.0
                0x10004da8       0xf8 CMakeFiles/Cat_Dog_Arducam_int8.dir/__/pico-sdk/src/rp2_common/pico_stdio/stdio.c.obj
 .text.__wrap_putchar
                0x10004ea0       0x1c CMakeFiles/Cat_Dog_Arducam_int8.dir/__/pico-sdk/src/rp2_common/pico_stdio/stdio.c.obj
                0x10004ea0                __wrap_putchar
 .text.__wrap_puts
                0x10004ebc       0x3c CMakeFiles/Cat_Dog_Arducam_int8.dir/__/pico-sdk/src/rp2_common/pico_stdio/stdio.c.obj
                0x10004ebc                __wrap_puts
 .text._read    0x10004ef8       0xbc CMakeFiles/Cat_Dog_Arducam_int8.dir/__/pico-sdk/src/rp2_common/pico_stdio/stdio.c.obj
                0x10004ef8                _read
 .text._write   0x10004fb4       0x20 CMakeFiles/Cat_Dog_Arducam_int8.dir/__/pico-sdk/src/rp2_common/pico_stdio/stdio.c.obj
                0x10004fb4                _write
 .text.stdio_set_driver_enabled
                0x10004fd4       0x3c CMakeFiles/Cat_Dog_Arducam_int8.dir/__/pico-sdk/src/rp2_common/pico_stdio/stdio.c.obj
                0x10004fd4                stdio_set_driver_enabled
 .text.__wrap_vprintf
                0x10005010       0xe8 CMakeFiles/Cat_Dog_Arducam_int8.dir/__/pico-sdk/src/rp2_common/pico_stdio/stdio.c.obj
                0x10005010                __wrap_vprintf
 .text.__wrap_printf
                0x100050f8       0x18 CMakeFiles/Cat_Dog_Arducam_int8.dir/__/pico-sdk/src/rp2_common/pico_stdio/stdio.c.obj
                0x100050f8                __wrap_printf
 .text.stdio_init_all
                0x10005110        0xc CMakeFiles/Cat_Dog_Arducam_int8.dir/__/pico-sdk/src/rp2_common/pico_stdio/stdio.c.obj
                0x10005110                stdio_init_all
 .text.stdio_uart_out_chars
                0x1000511c       0x3c CMakeFiles/Cat_Dog_Arducam_int8.dir/__/pico-sdk/src/rp2_common/pico_stdio_uart/stdio_uart.c.obj
 .text.stdio_uart_in_chars
                0x10005158       0x38 CMakeFiles/Cat_Dog_Arducam_int8.dir/__/pico-sdk/src/rp2_common/pico_stdio_uart/stdio_uart.c.obj
                0x10005158                stdio_uart_in_chars
 .text.stdio_uart_init
                0x10005190       0x40 CMakeFiles/Cat_Dog_Arducam_int8.dir/__/pico-sdk/src/rp2_common/pico_stdio_uart/stdio_uart.c.obj
                0x10005190                stdio_uart_init
 .text.stdio_usb_in_chars
                0x100051d0       0x68 CMakeFiles/Cat_Dog_Arducam_int8.dir/__/pico-sdk/src/rp2_common/pico_stdio_usb/stdio_usb.c.obj
                0x100051d0                stdio_usb_in_chars
 .text.stdio_usb_out_chars
                0x10005238       0xe4 CMakeFiles/Cat_Dog_Arducam_int8.dir/__/pico-sdk/src/rp2_common/pico_stdio_usb/stdio_usb.c.obj
 .text.timer_task
                0x1000531c       0x10 CMakeFiles/Cat_Dog_Arducam_int8.dir/__/pico-sdk/src/rp2_common/pico_stdio_usb/stdio_usb.c.obj
 .text.low_priority_worker_irq
                0x1000532c       0x24 CMakeFiles/Cat_Dog_Arducam_int8.dir/__/pico-sdk/src/rp2_common/pico_stdio_usb/stdio_usb.c.obj
 .text.stdio_usb_init
                0x10005350       0x90 CMakeFiles/Cat_Dog_Arducam_int8.dir/__/pico-sdk/src/rp2_common/pico_stdio_usb/stdio_usb.c.obj
                0x10005350                stdio_usb_init
 .text.tud_descriptor_device_cb
                0x100053e0        0x8 CMakeFiles/Cat_Dog_Arducam_int8.dir/__/pico-sdk/src/rp2_common/pico_stdio_usb/stdio_usb_descriptors.c.obj
                0x100053e0                tud_descriptor_device_cb
 .text.tud_descriptor_configuration_cb
                0x100053e8        0x8 CMakeFiles/Cat_Dog_Arducam_int8.dir/__/pico-sdk/src/rp2_common/pico_stdio_usb/stdio_usb_descriptors.c.obj
                0x100053e8                tud_descriptor_configuration_cb
 .text.tud_descriptor_string_cb
                0x100053f0       0x5c CMakeFiles/Cat_Dog_Arducam_int8.dir/__/pico-sdk/src/rp2_common/pico_stdio_usb/stdio_usb_descriptors.c.obj
                0x100053f0                tud_descriptor_string_cb
 .text.dcd_rp2040_irq
                0x1000544c      0x134 CMakeFiles/Cat_Dog_Arducam_int8.dir/__/pico-sdk/lib/tinyusb/src/portable/raspberrypi/rp2040/dcd_rp2040.c.obj
 .text.dcd_int_enable
                0x10005580        0xc CMakeFiles/Cat_Dog_Arducam_int8.dir/__/pico-sdk/lib/tinyusb/src/portable/raspberrypi/rp2040/dcd_rp2040.c.obj
                0x10005580                dcd_int_enable
 .text.dcd_set_address
                0x1000558c       0x30 CMakeFiles/Cat_Dog_Arducam_int8.dir/__/pico-sdk/lib/tinyusb/src/portable/raspberrypi/rp2040/dcd_rp2040.c.obj
                0x1000558c                dcd_set_address
 .text.dcd_connect
                0x100055bc       0x10 CMakeFiles/Cat_Dog_Arducam_int8.dir/__/pico-sdk/lib/tinyusb/src/portable/raspberrypi/rp2040/dcd_rp2040.c.obj
                0x100055bc                dcd_connect
 .text.dcd_init
                0x100055cc       0xa4 CMakeFiles/Cat_Dog_Arducam_int8.dir/__/pico-sdk/lib/tinyusb/src/portable/raspberrypi/rp2040/dcd_rp2040.c.obj
                0x100055cc                dcd_init
 .text.dcd_edpt0_status_complete
                0x10005670       0x38 CMakeFiles/Cat_Dog_Arducam_int8.dir/__/pico-sdk/lib/tinyusb/src/portable/raspberrypi/rp2040/dcd_rp2040.c.obj
                0x10005670                dcd_edpt0_status_complete
 .text.dcd_edpt_open
                0x100056a8      0x14c CMakeFiles/Cat_Dog_Arducam_int8.dir/__/pico-sdk/lib/tinyusb/src/portable/raspberrypi/rp2040/dcd_rp2040.c.obj
                0x100056a8                dcd_edpt_open
 .text.dcd_edpt_xfer
                0x100057f4       0x2c CMakeFiles/Cat_Dog_Arducam_int8.dir/__/pico-sdk/lib/tinyusb/src/portable/raspberrypi/rp2040/dcd_rp2040.c.obj
                0x100057f4                dcd_edpt_xfer
 .text.dcd_edpt_stall
                0x10005820       0x50 CMakeFiles/Cat_Dog_Arducam_int8.dir/__/pico-sdk/lib/tinyusb/src/portable/raspberrypi/rp2040/dcd_rp2040.c.obj
                0x10005820                dcd_edpt_stall
 .text.dcd_edpt_clear_stall
                0x10005870       0x50 CMakeFiles/Cat_Dog_Arducam_int8.dir/__/pico-sdk/lib/tinyusb/src/portable/raspberrypi/rp2040/dcd_rp2040.c.obj
                0x10005870                dcd_edpt_clear_stall
 .text._hw_endpoint_buffer_control_update32.part.0.isra.0
                0x100058c0       0x18 CMakeFiles/Cat_Dog_Arducam_int8.dir/__/pico-sdk/lib/tinyusb/src/portable/raspberrypi/rp2040/rp2040_usb.c.obj
 .text.rp2040_usb_init
                0x100058d8       0x50 CMakeFiles/Cat_Dog_Arducam_int8.dir/__/pico-sdk/lib/tinyusb/src/portable/raspberrypi/rp2040/rp2040_usb.c.obj
                0x100058d8                rp2040_usb_init
 .text.hw_endpoint_reset_transfer
                0x10005928       0x14 CMakeFiles/Cat_Dog_Arducam_int8.dir/__/pico-sdk/lib/tinyusb/src/portable/raspberrypi/rp2040/rp2040_usb.c.obj
                0x10005928                hw_endpoint_reset_transfer
 .text._hw_endpoint_buffer_control_update32
                0x1000593c       0x44 CMakeFiles/Cat_Dog_Arducam_int8.dir/__/pico-sdk/lib/tinyusb/src/portable/raspberrypi/rp2040/rp2040_usb.c.obj
                0x1000593c                _hw_endpoint_buffer_control_update32
 .text._hw_endpoint_xfer_continue
                0x10005980      0x100 CMakeFiles/Cat_Dog_Arducam_int8.dir/__/pico-sdk/lib/tinyusb/src/portable/raspberrypi/rp2040/rp2040_usb.c.obj
                0x10005980                _hw_endpoint_xfer_continue
 .text._hw_endpoint_xfer
                0x10005a80       0xb0 CMakeFiles/Cat_Dog_Arducam_int8.dir/__/pico-sdk/lib/tinyusb/src/portable/raspberrypi/rp2040/rp2040_usb.c.obj
                0x10005a80                _hw_endpoint_xfer
 .text.tud_mounted
                0x10005b30       0x10 CMakeFiles/Cat_Dog_Arducam_int8.dir/__/pico-sdk/lib/tinyusb/src/device/usbd.c.obj
                0x10005b30                tud_mounted
 .text.tud_suspended
                0x10005b40       0x10 CMakeFiles/Cat_Dog_Arducam_int8.dir/__/pico-sdk/lib/tinyusb/src/device/usbd.c.obj
                0x10005b40                tud_suspended
 .text.tud_init
                0x10005b50       0xb0 CMakeFiles/Cat_Dog_Arducam_int8.dir/__/pico-sdk/lib/tinyusb/src/device/usbd.c.obj
                0x10005b50                tud_init
 .text.tud_task
                0x10005c00      0x804 CMakeFiles/Cat_Dog_Arducam_int8.dir/__/pico-sdk/lib/tinyusb/src/device/usbd.c.obj
                0x10005c00                tud_task
 .text.dcd_event_bus_signal
                0x10006404       0xe0 CMakeFiles/Cat_Dog_Arducam_int8.dir/__/pico-sdk/lib/tinyusb/src/device/usbd.c.obj
                0x10006404                dcd_event_bus_signal
 .text.dcd_event_setup_received
                0x100064e4       0x50 CMakeFiles/Cat_Dog_Arducam_int8.dir/__/pico-sdk/lib/tinyusb/src/device/usbd.c.obj
                0x100064e4                dcd_event_setup_received
 .text.dcd_event_xfer_complete
                0x10006534       0x68 CMakeFiles/Cat_Dog_Arducam_int8.dir/__/pico-sdk/lib/tinyusb/src/device/usbd.c.obj
                0x10006534                dcd_event_xfer_complete
 .text.usbd_open_edpt_pair
                0x1000659c       0x68 CMakeFiles/Cat_Dog_Arducam_int8.dir/__/pico-sdk/lib/tinyusb/src/device/usbd.c.obj
                0x1000659c                usbd_open_edpt_pair
 .text.usbd_edpt_open
                0x10006604        0x8 CMakeFiles/Cat_Dog_Arducam_int8.dir/__/pico-sdk/lib/tinyusb/src/device/usbd.c.obj
                0x10006604                usbd_edpt_open
 .text.usbd_edpt_claim
                0x1000660c       0x64 CMakeFiles/Cat_Dog_Arducam_int8.dir/__/pico-sdk/lib/tinyusb/src/device/usbd.c.obj
                0x1000660c                usbd_edpt_claim
 .text.usbd_edpt_release
                0x10006670       0x4c CMakeFiles/Cat_Dog_Arducam_int8.dir/__/pico-sdk/lib/tinyusb/src/device/usbd.c.obj
                0x10006670                usbd_edpt_release
 .text.usbd_edpt_xfer
                0x100066bc       0x48 CMakeFiles/Cat_Dog_Arducam_int8.dir/__/pico-sdk/lib/tinyusb/src/device/usbd.c.obj
                0x100066bc                usbd_edpt_xfer
 .text.tud_control_status
                0x10006704       0x30 CMakeFiles/Cat_Dog_Arducam_int8.dir/__/pico-sdk/lib/tinyusb/src/device/usbd_control.c.obj
                0x10006704                tud_control_status
 .text.tud_control_xfer
                0x10006734       0xbc CMakeFiles/Cat_Dog_Arducam_int8.dir/__/pico-sdk/lib/tinyusb/src/device/usbd_control.c.obj
                0x10006734                tud_control_xfer
 .text.usbd_control_reset
                0x100067f0       0x14 CMakeFiles/Cat_Dog_Arducam_int8.dir/__/pico-sdk/lib/tinyusb/src/device/usbd_control.c.obj
                0x100067f0                usbd_control_reset
 .text.usbd_control_set_complete_callback
                0x10006804        0xc CMakeFiles/Cat_Dog_Arducam_int8.dir/__/pico-sdk/lib/tinyusb/src/device/usbd_control.c.obj
                0x10006804                usbd_control_set_complete_callback
 .text.usbd_control_set_request
                0x10006810       0x1c CMakeFiles/Cat_Dog_Arducam_int8.dir/__/pico-sdk/lib/tinyusb/src/device/usbd_control.c.obj
                0x10006810                usbd_control_set_request
 .text.usbd_control_xfer_cb
                0x1000682c       0xec CMakeFiles/Cat_Dog_Arducam_int8.dir/__/pico-sdk/lib/tinyusb/src/device/usbd_control.c.obj
                0x1000682c                usbd_control_xfer_cb
 .text.tud_cdc_n_connected
                0x10006918       0x34 CMakeFiles/Cat_Dog_Arducam_int8.dir/__/pico-sdk/lib/tinyusb/src/class/cdc/cdc_device.c.obj
                0x10006918                tud_cdc_n_connected
 .text.tud_cdc_n_available
                0x1000694c       0x1c CMakeFiles/Cat_Dog_Arducam_int8.dir/__/pico-sdk/lib/tinyusb/src/class/cdc/cdc_device.c.obj
                0x1000694c                tud_cdc_n_available
 .text.tud_cdc_n_read
                0x10006968       0x74 CMakeFiles/Cat_Dog_Arducam_int8.dir/__/pico-sdk/lib/tinyusb/src/class/cdc/cdc_device.c.obj
                0x10006968                tud_cdc_n_read
 .text.tud_cdc_n_write_flush
                0x100069dc       0xa4 CMakeFiles/Cat_Dog_Arducam_int8.dir/__/pico-sdk/lib/tinyusb/src/class/cdc/cdc_device.c.obj
                0x100069dc                tud_cdc_n_write_flush
 .text.tud_cdc_n_write
                0x10006a80       0x38 CMakeFiles/Cat_Dog_Arducam_int8.dir/__/pico-sdk/lib/tinyusb/src/class/cdc/cdc_device.c.obj
                0x10006a80                tud_cdc_n_write
 .text.tud_cdc_n_write_available
                0x10006ab8       0x1c CMakeFiles/Cat_Dog_Arducam_int8.dir/__/pico-sdk/lib/tinyusb/src/class/cdc/cdc_device.c.obj
                0x10006ab8                tud_cdc_n_write_available
 .text.cdcd_init
                0x10006ad4       0x78 CMakeFiles/Cat_Dog_Arducam_int8.dir/__/pico-sdk/lib/tinyusb/src/class/cdc/cdc_device.c.obj
                0x10006ad4                cdcd_init
 .text.cdcd_reset
                0x10006b4c       0x24 CMakeFiles/Cat_Dog_Arducam_int8.dir/__/pico-sdk/lib/tinyusb/src/class/cdc/cdc_device.c.obj
                0x10006b4c                cdcd_reset
 .text.cdcd_open
                0x10006b70       0xec CMakeFiles/Cat_Dog_Arducam_int8.dir/__/pico-sdk/lib/tinyusb/src/class/cdc/cdc_device.c.obj
                0x10006b70                cdcd_open
 .text.cdcd_control_complete
                0x10006c5c       0x44 CMakeFiles/Cat_Dog_Arducam_int8.dir/__/pico-sdk/lib/tinyusb/src/class/cdc/cdc_device.c.obj
                0x10006c5c                cdcd_control_complete
 .text.cdcd_control_request
                0x10006ca0       0x68 CMakeFiles/Cat_Dog_Arducam_int8.dir/__/pico-sdk/lib/tinyusb/src/class/cdc/cdc_device.c.obj
                0x10006ca0                cdcd_control_request
 .text.cdcd_xfer_cb
                0x10006d08      0x154 CMakeFiles/Cat_Dog_Arducam_int8.dir/__/pico-sdk/lib/tinyusb/src/class/cdc/cdc_device.c.obj
                0x10006d08                cdcd_xfer_cb
 .text.tusb_init
                0x10006e5c       0x20 CMakeFiles/Cat_Dog_Arducam_int8.dir/__/pico-sdk/lib/tinyusb/src/tusb.c.obj
                0x10006e5c                tusb_init
 .text.tusb_inited
                0x10006e7c        0xc CMakeFiles/Cat_Dog_Arducam_int8.dir/__/pico-sdk/lib/tinyusb/src/tusb.c.obj
                0x10006e7c                tusb_inited
 .text.tu_fifo_config
                0x10006e88       0x78 CMakeFiles/Cat_Dog_Arducam_int8.dir/__/pico-sdk/lib/tinyusb/src/common/tusb_fifo.c.obj
                0x10006e88                tu_fifo_config
 .text.tu_fifo_count
                0x10006f00       0x18 CMakeFiles/Cat_Dog_Arducam_int8.dir/__/pico-sdk/lib/tinyusb/src/common/tusb_fifo.c.obj
                0x10006f00                tu_fifo_count
 .text.tu_fifo_remaining
                0x10006f18       0x1c CMakeFiles/Cat_Dog_Arducam_int8.dir/__/pico-sdk/lib/tinyusb/src/common/tusb_fifo.c.obj
                0x10006f18                tu_fifo_remaining
 .text.tu_fifo_read
                0x10006f34       0xa8 CMakeFiles/Cat_Dog_Arducam_int8.dir/__/pico-sdk/lib/tinyusb/src/common/tusb_fifo.c.obj
                0x10006f34                tu_fifo_read
 .text.tu_fifo_read_n
                0x10006fdc       0xfc CMakeFiles/Cat_Dog_Arducam_int8.dir/__/pico-sdk/lib/tinyusb/src/common/tusb_fifo.c.obj
                0x10006fdc                tu_fifo_read_n
 .text.tu_fifo_write
                0x100070d8       0x84 CMakeFiles/Cat_Dog_Arducam_int8.dir/__/pico-sdk/lib/tinyusb/src/common/tusb_fifo.c.obj
                0x100070d8                tu_fifo_write
 .text.tu_fifo_write_n
                0x1000715c       0xfc CMakeFiles/Cat_Dog_Arducam_int8.dir/__/pico-sdk/lib/tinyusb/src/common/tusb_fifo.c.obj
                0x1000715c                tu_fifo_write_n
 .text.tu_fifo_clear
                0x10007258       0x2c CMakeFiles/Cat_Dog_Arducam_int8.dir/__/pico-sdk/lib/tinyusb/src/common/tusb_fifo.c.obj
                0x10007258                tu_fifo_clear
 .text.i2c_init
                0x10007284       0xa8 CMakeFiles/Cat_Dog_Arducam_int8.dir/__/pico-sdk/src/rp2_common/hardware_i2c/i2c.c.obj
                0x10007284                i2c_init
 .text.i2c_write_blocking
                0x1000732c       0xa0 CMakeFiles/Cat_Dog_Arducam_int8.dir/__/pico-sdk/src/rp2_common/hardware_i2c/i2c.c.obj
                0x1000732c                i2c_write_blocking
 .text.i2c_read_blocking
                0x100073cc       0xb0 CMakeFiles/Cat_Dog_Arducam_int8.dir/__/pico-sdk/src/rp2_common/hardware_i2c/i2c.c.obj
                0x100073cc                i2c_read_blocking
 .text.spi_init
                0x1000747c       0xe8 CMakeFiles/Cat_Dog_Arducam_int8.dir/__/pico-sdk/src/rp2_common/hardware_spi/spi.c.obj
                0x1000747c                spi_init
 .text.TfLiteIntArrayGetSizeInBytes
                0x10007564        0x8 CMakeFiles/Cat_Dog_Arducam_int8.dir/__/pico-tflmicro/src/tensorflow/lite/c/common.c.obj
                0x10007564                TfLiteIntArrayGetSizeInBytes
 .text.TfLiteIntArrayEqual
                0x1000756c       0x3c CMakeFiles/Cat_Dog_Arducam_int8.dir/__/pico-tflmicro/src/tensorflow/lite/c/common.c.obj
                0x1000756c                TfLiteIntArrayEqual
 .text.TfLiteTypeGetName
                0x100075a8       0x18 CMakeFiles/Cat_Dog_Arducam_int8.dir/__/pico-tflmicro/src/tensorflow/lite/c/common.c.obj
                0x100075a8                TfLiteTypeGetName
 .text._ZN6tflite13ErrorReporter6ReportEPKcz
                0x100075c0       0x1c CMakeFiles/Cat_Dog_Arducam_int8.dir/__/pico-tflmicro/src/tensorflow/lite/core/api/error_reporter.cpp.obj
                0x100075c0                tflite::ErrorReporter::Report(char const*, ...)
 .text._ZN6tflite13ErrorReporter11ReportErrorEPvPKcz
                0x100075dc       0x1c CMakeFiles/Cat_Dog_Arducam_int8.dir/__/pico-tflmicro/src/tensorflow/lite/core/api/error_reporter.cpp.obj
                0x100075dc                tflite::ErrorReporter::ReportError(void*, char const*, ...)
 .text._ZN6tflite17ConvertTensorTypeENS_10TensorTypeEP10TfLiteTypePNS_13ErrorReporterE
                0x100075f8       0x90 CMakeFiles/Cat_Dog_Arducam_int8.dir/__/pico-tflmicro/src/tensorflow/lite/core/api/flatbuffer_conversions.cpp.obj
                0x100075f8                tflite::ConvertTensorType(tflite::TensorType, TfLiteType*, tflite::ErrorReporter*)
 .text._ZN6tflite8ParseAbsEPKNS_8OperatorEPNS_13ErrorReporterEPNS_20BuiltinDataAllocatorEPPv
                0x10007688        0x4 CMakeFiles/Cat_Dog_Arducam_int8.dir/__/pico-tflmicro/src/tensorflow/lite/core/api/flatbuffer_conversions.cpp.obj
                0x10007688                tflite::ParseAbs(tflite::Operator const*, tflite::ErrorReporter*, tflite::BuiltinDataAllocator*, void**)
 .text._ZN6tflite8ParseAddEPKNS_8OperatorEPNS_13ErrorReporterEPNS_20BuiltinDataAllocatorEPPv
                0x1000768c       0xa0 CMakeFiles/Cat_Dog_Arducam_int8.dir/__/pico-tflmicro/src/tensorflow/lite/core/api/flatbuffer_conversions.cpp.obj
                0x1000768c                tflite::ParseAdd(tflite::Operator const*, tflite::ErrorReporter*, tflite::BuiltinDataAllocator*, void**)
 .text._ZN6tflite11ParseArgMaxEPKNS_8OperatorEPNS_13ErrorReporterEPNS_20BuiltinDataAllocatorEPPv
                0x1000772c       0x80 CMakeFiles/Cat_Dog_Arducam_int8.dir/__/pico-tflmicro/src/tensorflow/lite/core/api/flatbuffer_conversions.cpp.obj
                0x1000772c                tflite::ParseArgMax(tflite::Operator const*, tflite::ErrorReporter*, tflite::BuiltinDataAllocator*, void**)
 .text._ZN6tflite11ParseArgMinEPKNS_8OperatorEPNS_13ErrorReporterEPNS_20BuiltinDataAllocatorEPPv
                0x100077ac       0x80 CMakeFiles/Cat_Dog_Arducam_int8.dir/__/pico-tflmicro/src/tensorflow/lite/core/api/flatbuffer_conversions.cpp.obj
                0x100077ac                tflite::ParseArgMin(tflite::Operator const*, tflite::ErrorReporter*, tflite::BuiltinDataAllocator*, void**)
 .text._ZN6tflite9ParseCeilEPKNS_8OperatorEPNS_13ErrorReporterEPNS_20BuiltinDataAllocatorEPPv
                0x1000782c        0x4 CMakeFiles/Cat_Dog_Arducam_int8.dir/__/pico-tflmicro/src/tensorflow/lite/core/api/flatbuffer_conversions.cpp.obj
                0x1000782c                tflite::ParseCeil(tflite::Operator const*, tflite::ErrorReporter*, tflite::BuiltinDataAllocator*, void**)
 .text._ZN6tflite18ParseConcatenationEPKNS_8OperatorEPNS_13ErrorReporterEPNS_20BuiltinDataAllocatorEPPv
                0x10007830       0x74 CMakeFiles/Cat_Dog_Arducam_int8.dir/__/pico-tflmicro/src/tensorflow/lite/core/api/flatbuffer_conversions.cpp.obj
                0x10007830                tflite::ParseConcatenation(tflite::Operator const*, tflite::ErrorReporter*, tflite::BuiltinDataAllocator*, void**)
 .text._ZN6tflite11ParseConv2DEPKNS_8OperatorEPNS_13ErrorReporterEPNS_20BuiltinDataAllocatorEPPv
                0x100078a4       0xd8 CMakeFiles/Cat_Dog_Arducam_int8.dir/__/pico-tflmicro/src/tensorflow/lite/core/api/flatbuffer_conversions.cpp.obj
                0x100078a4                tflite::ParseConv2D(tflite::Operator const*, tflite::ErrorReporter*, tflite::BuiltinDataAllocator*, void**)
 .text._ZN6tflite8ParseCosEPKNS_8OperatorEPNS_13ErrorReporterEPNS_20BuiltinDataAllocatorEPPv
                0x1000797c        0x4 CMakeFiles/Cat_Dog_Arducam_int8.dir/__/pico-tflmicro/src/tensorflow/lite/core/api/flatbuffer_conversions.cpp.obj
                0x1000797c                tflite::ParseCos(tflite::Operator const*, tflite::ErrorReporter*, tflite::BuiltinDataAllocator*, void**)
 .text._ZN6tflite20ParseDepthwiseConv2DEPKNS_8OperatorEPNS_13ErrorReporterEPNS_20BuiltinDataAllocatorEPPv
                0x10007980       0xf0 CMakeFiles/Cat_Dog_Arducam_int8.dir/__/pico-tflmicro/src/tensorflow/lite/core/api/flatbuffer_conversions.cpp.obj
                0x10007980                tflite::ParseDepthwiseConv2D(tflite::Operator const*, tflite::ErrorReporter*, tflite::BuiltinDataAllocator*, void**)
 .text._ZN6tflite15ParseDequantizeEPKNS_8OperatorEPNS_13ErrorReporterEPNS_20BuiltinDataAllocatorEPPv
                0x10007a70        0x4 CMakeFiles/Cat_Dog_Arducam_int8.dir/__/pico-tflmicro/src/tensorflow/lite/core/api/flatbuffer_conversions.cpp.obj
                0x10007a70                tflite::ParseDequantize(tflite::Operator const*, tflite::ErrorReporter*, tflite::BuiltinDataAllocator*, void**)
 .text._ZN6tflite10ParseEqualEPKNS_8OperatorEPNS_13ErrorReporterEPNS_20BuiltinDataAllocatorEPPv
                0x10007a74        0x4 CMakeFiles/Cat_Dog_Arducam_int8.dir/__/pico-tflmicro/src/tensorflow/lite/core/api/flatbuffer_conversions.cpp.obj
                0x10007a74                tflite::ParseEqual(tflite::Operator const*, tflite::ErrorReporter*, tflite::BuiltinDataAllocator*, void**)
 .text._ZN6tflite10ParseFloorEPKNS_8OperatorEPNS_13ErrorReporterEPNS_20BuiltinDataAllocatorEPPv
                0x10007a78        0x4 CMakeFiles/Cat_Dog_Arducam_int8.dir/__/pico-tflmicro/src/tensorflow/lite/core/api/flatbuffer_conversions.cpp.obj
                0x10007a78                tflite::ParseFloor(tflite::Operator const*, tflite::ErrorReporter*, tflite::BuiltinDataAllocator*, void**)
 .text._ZN6tflite19ParseFullyConnectedEPKNS_8OperatorEPNS_13ErrorReporterEPNS_20BuiltinDataAllocatorEPPv
                0x10007a7c      0x100 CMakeFiles/Cat_Dog_Arducam_int8.dir/__/pico-tflmicro/src/tensorflow/lite/core/api/flatbuffer_conversions.cpp.obj
                0x10007a7c                tflite::ParseFullyConnected(tflite::Operator const*, tflite::ErrorReporter*, tflite::BuiltinDataAllocator*, void**)
 .text._ZN6tflite12ParseGreaterEPKNS_8OperatorEPNS_13ErrorReporterEPNS_20BuiltinDataAllocatorEPPv
                0x10007b7c        0x4 CMakeFiles/Cat_Dog_Arducam_int8.dir/__/pico-tflmicro/src/tensorflow/lite/core/api/flatbuffer_conversions.cpp.obj
                0x10007b7c                tflite::ParseGreater(tflite::Operator const*, tflite::ErrorReporter*, tflite::BuiltinDataAllocator*, void**)
 .text._ZN6tflite17ParseGreaterEqualEPKNS_8OperatorEPNS_13ErrorReporterEPNS_20BuiltinDataAllocatorEPPv
                0x10007b80        0x4 CMakeFiles/Cat_Dog_Arducam_int8.dir/__/pico-tflmicro/src/tensorflow/lite/core/api/flatbuffer_conversions.cpp.obj
                0x10007b80                tflite::ParseGreaterEqual(tflite::Operator const*, tflite::ErrorReporter*, tflite::BuiltinDataAllocator*, void**)
 .text._ZN6tflite14ParseHardSwishEPKNS_8OperatorEPNS_13ErrorReporterEPNS_20BuiltinDataAllocatorEPPv
                0x10007b84        0x4 CMakeFiles/Cat_Dog_Arducam_int8.dir/__/pico-tflmicro/src/tensorflow/lite/core/api/flatbuffer_conversions.cpp.obj
                0x10007b84                tflite::ParseHardSwish(tflite::Operator const*, tflite::ErrorReporter*, tflite::BuiltinDataAllocator*, void**)
 .text._ZN6tflite20ParseL2NormalizationEPKNS_8OperatorEPNS_13ErrorReporterEPNS_20BuiltinDataAllocatorEPPv
                0x10007b88       0x68 CMakeFiles/Cat_Dog_Arducam_int8.dir/__/pico-tflmicro/src/tensorflow/lite/core/api/flatbuffer_conversions.cpp.obj
                0x10007b88                tflite::ParseL2Normalization(tflite::Operator const*, tflite::ErrorReporter*, tflite::BuiltinDataAllocator*, void**)
 .text._ZN6tflite9ParseLessEPKNS_8OperatorEPNS_13ErrorReporterEPNS_20BuiltinDataAllocatorEPPv
                0x10007bf0        0x4 CMakeFiles/Cat_Dog_Arducam_int8.dir/__/pico-tflmicro/src/tensorflow/lite/core/api/flatbuffer_conversions.cpp.obj
                0x10007bf0                tflite::ParseLess(tflite::Operator const*, tflite::ErrorReporter*, tflite::BuiltinDataAllocator*, void**)
 .text._ZN6tflite14ParseLessEqualEPKNS_8OperatorEPNS_13ErrorReporterEPNS_20BuiltinDataAllocatorEPPv
                0x10007bf4        0x4 CMakeFiles/Cat_Dog_Arducam_int8.dir/__/pico-tflmicro/src/tensorflow/lite/core/api/flatbuffer_conversions.cpp.obj
                0x10007bf4                tflite::ParseLessEqual(tflite::Operator const*, tflite::ErrorReporter*, tflite::BuiltinDataAllocator*, void**)
 .text._ZN6tflite8ParseLogEPKNS_8OperatorEPNS_13ErrorReporterEPNS_20BuiltinDataAllocatorEPPv
                0x10007bf8        0x4 CMakeFiles/Cat_Dog_Arducam_int8.dir/__/pico-tflmicro/src/tensorflow/lite/core/api/flatbuffer_conversions.cpp.obj
                0x10007bf8                tflite::ParseLog(tflite::Operator const*, tflite::ErrorReporter*, tflite::BuiltinDataAllocator*, void**)
 .text._ZN6tflite15ParseLogicalAndEPKNS_8OperatorEPNS_13ErrorReporterEPNS_20BuiltinDataAllocatorEPPv
                0x10007bfc        0x4 CMakeFiles/Cat_Dog_Arducam_int8.dir/__/pico-tflmicro/src/tensorflow/lite/core/api/flatbuffer_conversions.cpp.obj
                0x10007bfc                tflite::ParseLogicalAnd(tflite::Operator const*, tflite::ErrorReporter*, tflite::BuiltinDataAllocator*, void**)
 .text._ZN6tflite15ParseLogicalNotEPKNS_8OperatorEPNS_13ErrorReporterEPNS_20BuiltinDataAllocatorEPPv
                0x10007c00        0x4 CMakeFiles/Cat_Dog_Arducam_int8.dir/__/pico-tflmicro/src/tensorflow/lite/core/api/flatbuffer_conversions.cpp.obj
                0x10007c00                tflite::ParseLogicalNot(tflite::Operator const*, tflite::ErrorReporter*, tflite::BuiltinDataAllocator*, void**)
 .text._ZN6tflite14ParseLogicalOrEPKNS_8OperatorEPNS_13ErrorReporterEPNS_20BuiltinDataAllocatorEPPv
                0x10007c04        0x4 CMakeFiles/Cat_Dog_Arducam_int8.dir/__/pico-tflmicro/src/tensorflow/lite/core/api/flatbuffer_conversions.cpp.obj
                0x10007c04                tflite::ParseLogicalOr(tflite::Operator const*, tflite::ErrorReporter*, tflite::BuiltinDataAllocator*, void**)
 .text._ZN6tflite13ParseLogisticEPKNS_8OperatorEPNS_13ErrorReporterEPNS_20BuiltinDataAllocatorEPPv
                0x10007c08        0x4 CMakeFiles/Cat_Dog_Arducam_int8.dir/__/pico-tflmicro/src/tensorflow/lite/core/api/flatbuffer_conversions.cpp.obj
                0x10007c08                tflite::ParseLogistic(tflite::Operator const*, tflite::ErrorReporter*, tflite::BuiltinDataAllocator*, void**)
 .text._ZN6tflite12ParseMaximumEPKNS_8OperatorEPNS_13ErrorReporterEPNS_20BuiltinDataAllocatorEPPv
                0x10007c0c        0x4 CMakeFiles/Cat_Dog_Arducam_int8.dir/__/pico-tflmicro/src/tensorflow/lite/core/api/flatbuffer_conversions.cpp.obj
                0x10007c0c                tflite::ParseMaximum(tflite::Operator const*, tflite::ErrorReporter*, tflite::BuiltinDataAllocator*, void**)
 .text._ZN6tflite12ParseMinimumEPKNS_8OperatorEPNS_13ErrorReporterEPNS_20BuiltinDataAllocatorEPPv
                0x10007c10        0x4 CMakeFiles/Cat_Dog_Arducam_int8.dir/__/pico-tflmicro/src/tensorflow/lite/core/api/flatbuffer_conversions.cpp.obj
                0x10007c10                tflite::ParseMinimum(tflite::Operator const*, tflite::ErrorReporter*, tflite::BuiltinDataAllocator*, void**)
 .text._ZN6tflite8ParseMulEPKNS_8OperatorEPNS_13ErrorReporterEPNS_20BuiltinDataAllocatorEPPv
                0x10007c14       0x68 CMakeFiles/Cat_Dog_Arducam_int8.dir/__/pico-tflmicro/src/tensorflow/lite/core/api/flatbuffer_conversions.cpp.obj
                0x10007c14                tflite::ParseMul(tflite::Operator const*, tflite::ErrorReporter*, tflite::BuiltinDataAllocator*, void**)
 .text._ZN6tflite8ParseNegEPKNS_8OperatorEPNS_13ErrorReporterEPNS_20BuiltinDataAllocatorEPPv
                0x10007c7c        0x4 CMakeFiles/Cat_Dog_Arducam_int8.dir/__/pico-tflmicro/src/tensorflow/lite/core/api/flatbuffer_conversions.cpp.obj
                0x10007c7c                tflite::ParseNeg(tflite::Operator const*, tflite::ErrorReporter*, tflite::BuiltinDataAllocator*, void**)
 .text._ZN6tflite13ParseNotEqualEPKNS_8OperatorEPNS_13ErrorReporterEPNS_20BuiltinDataAllocatorEPPv
                0x10007c80        0x4 CMakeFiles/Cat_Dog_Arducam_int8.dir/__/pico-tflmicro/src/tensorflow/lite/core/api/flatbuffer_conversions.cpp.obj
                0x10007c80                tflite::ParseNotEqual(tflite::Operator const*, tflite::ErrorReporter*, tflite::BuiltinDataAllocator*, void**)
 .text._ZN6tflite9ParsePackEPKNS_8OperatorEPNS_13ErrorReporterEPNS_20BuiltinDataAllocatorEPPv
                0x10007c84       0x70 CMakeFiles/Cat_Dog_Arducam_int8.dir/__/pico-tflmicro/src/tensorflow/lite/core/api/flatbuffer_conversions.cpp.obj
                0x10007c84                tflite::ParsePack(tflite::Operator const*, tflite::ErrorReporter*, tflite::BuiltinDataAllocator*, void**)
 .text._ZN6tflite8ParsePadEPKNS_8OperatorEPNS_13ErrorReporterEPNS_20BuiltinDataAllocatorEPPv
                0x10007cf4        0x4 CMakeFiles/Cat_Dog_Arducam_int8.dir/__/pico-tflmicro/src/tensorflow/lite/core/api/flatbuffer_conversions.cpp.obj
                0x10007cf4                tflite::ParsePad(tflite::Operator const*, tflite::ErrorReporter*, tflite::BuiltinDataAllocator*, void**)
 .text._ZN6tflite10ParsePadV2EPKNS_8OperatorEPNS_13ErrorReporterEPNS_20BuiltinDataAllocatorEPPv
                0x10007cf8        0x4 CMakeFiles/Cat_Dog_Arducam_int8.dir/__/pico-tflmicro/src/tensorflow/lite/core/api/flatbuffer_conversions.cpp.obj
                0x10007cf8                tflite::ParsePadV2(tflite::Operator const*, tflite::ErrorReporter*, tflite::BuiltinDataAllocator*, void**)
 .text._ZN6tflite9ParsePoolEPKNS_8OperatorEPNS_13ErrorReporterEPNS_20BuiltinDataAllocatorEPPv
                0x10007cfc       0xcc CMakeFiles/Cat_Dog_Arducam_int8.dir/__/pico-tflmicro/src/tensorflow/lite/core/api/flatbuffer_conversions.cpp.obj
                0x10007cfc                tflite::ParsePool(tflite::Operator const*, tflite::ErrorReporter*, tflite::BuiltinDataAllocator*, void**)
 .text._ZN6tflite10ParsePreluEPKNS_8OperatorEPNS_13ErrorReporterEPNS_20BuiltinDataAllocatorEPPv
                0x10007dc8        0x4 CMakeFiles/Cat_Dog_Arducam_int8.dir/__/pico-tflmicro/src/tensorflow/lite/core/api/flatbuffer_conversions.cpp.obj
                0x10007dc8                tflite::ParsePrelu(tflite::Operator const*, tflite::ErrorReporter*, tflite::BuiltinDataAllocator*, void**)
 .text._ZN6tflite13ParseQuantizeEPKNS_8OperatorEPNS_13ErrorReporterEPNS_20BuiltinDataAllocatorEPPv
                0x10007dcc        0x4 CMakeFiles/Cat_Dog_Arducam_int8.dir/__/pico-tflmicro/src/tensorflow/lite/core/api/flatbuffer_conversions.cpp.obj
                0x10007dcc                tflite::ParseQuantize(tflite::Operator const*, tflite::ErrorReporter*, tflite::BuiltinDataAllocator*, void**)
 .text._ZN6tflite12ParseReducerEPKNS_8OperatorEPNS_13ErrorReporterEPNS_20BuiltinDataAllocatorEPPv
                0x10007dd0       0x60 CMakeFiles/Cat_Dog_Arducam_int8.dir/__/pico-tflmicro/src/tensorflow/lite/core/api/flatbuffer_conversions.cpp.obj
                0x10007dd0                tflite::ParseReducer(tflite::Operator const*, tflite::ErrorReporter*, tflite::BuiltinDataAllocator*, void**)
 .text._ZN6tflite9ParseReluEPKNS_8OperatorEPNS_13ErrorReporterEPNS_20BuiltinDataAllocatorEPPv
                0x10007e30        0x4 CMakeFiles/Cat_Dog_Arducam_int8.dir/__/pico-tflmicro/src/tensorflow/lite/core/api/flatbuffer_conversions.cpp.obj
                0x10007e30                tflite::ParseRelu(tflite::Operator const*, tflite::ErrorReporter*, tflite::BuiltinDataAllocator*, void**)
 .text._ZN6tflite10ParseRelu6EPKNS_8OperatorEPNS_13ErrorReporterEPNS_20BuiltinDataAllocatorEPPv
                0x10007e34        0x4 CMakeFiles/Cat_Dog_Arducam_int8.dir/__/pico-tflmicro/src/tensorflow/lite/core/api/flatbuffer_conversions.cpp.obj
                0x10007e34                tflite::ParseRelu6(tflite::Operator const*, tflite::ErrorReporter*, tflite::BuiltinDataAllocator*, void**)
 .text._ZN6tflite12ParseReshapeEPKNS_8OperatorEPNS_13ErrorReporterEPNS_20BuiltinDataAllocatorEPPv
                0x10007e38       0xd8 CMakeFiles/Cat_Dog_Arducam_int8.dir/__/pico-tflmicro/src/tensorflow/lite/core/api/flatbuffer_conversions.cpp.obj
                0x10007e38                tflite::ParseReshape(tflite::Operator const*, tflite::ErrorReporter*, tflite::BuiltinDataAllocator*, void**)
 .text._ZN6tflite26ParseResizeNearestNeighborEPKNS_8OperatorEPNS_13ErrorReporterEPNS_20BuiltinDataAllocatorEPPv
                0x10007f10       0x7c CMakeFiles/Cat_Dog_Arducam_int8.dir/__/pico-tflmicro/src/tensorflow/lite/core/api/flatbuffer_conversions.cpp.obj
                0x10007f10                tflite::ParseResizeNearestNeighbor(tflite::Operator const*, tflite::ErrorReporter*, tflite::BuiltinDataAllocator*, void**)
 .text._ZN6tflite10ParseRoundEPKNS_8OperatorEPNS_13ErrorReporterEPNS_20BuiltinDataAllocatorEPPv
                0x10007f8c        0x4 CMakeFiles/Cat_Dog_Arducam_int8.dir/__/pico-tflmicro/src/tensorflow/lite/core/api/flatbuffer_conversions.cpp.obj
                0x10007f8c                tflite::ParseRound(tflite::Operator const*, tflite::ErrorReporter*, tflite::BuiltinDataAllocator*, void**)
 .text._ZN6tflite10ParseRsqrtEPKNS_8OperatorEPNS_13ErrorReporterEPNS_20BuiltinDataAllocatorEPPv
                0x10007f90        0x4 CMakeFiles/Cat_Dog_Arducam_int8.dir/__/pico-tflmicro/src/tensorflow/lite/core/api/flatbuffer_conversions.cpp.obj
                0x10007f90                tflite::ParseRsqrt(tflite::Operator const*, tflite::ErrorReporter*, tflite::BuiltinDataAllocator*, void**)
 .text._ZN6tflite10ParseShapeEPKNS_8OperatorEPNS_13ErrorReporterEPNS_20BuiltinDataAllocatorEPPv
                0x10007f94       0x80 CMakeFiles/Cat_Dog_Arducam_int8.dir/__/pico-tflmicro/src/tensorflow/lite/core/api/flatbuffer_conversions.cpp.obj
                0x10007f94                tflite::ParseShape(tflite::Operator const*, tflite::ErrorReporter*, tflite::BuiltinDataAllocator*, void**)
 .text._ZN6tflite8ParseSinEPKNS_8OperatorEPNS_13ErrorReporterEPNS_20BuiltinDataAllocatorEPPv
                0x10008014        0x4 CMakeFiles/Cat_Dog_Arducam_int8.dir/__/pico-tflmicro/src/tensorflow/lite/core/api/flatbuffer_conversions.cpp.obj
                0x10008014                tflite::ParseSin(tflite::Operator const*, tflite::ErrorReporter*, tflite::BuiltinDataAllocator*, void**)
 .text._ZN6tflite12ParseSoftmaxEPKNS_8OperatorEPNS_13ErrorReporterEPNS_20BuiltinDataAllocatorEPPv
                0x10008018       0x5c CMakeFiles/Cat_Dog_Arducam_int8.dir/__/pico-tflmicro/src/tensorflow/lite/core/api/flatbuffer_conversions.cpp.obj
                0x10008018                tflite::ParseSoftmax(tflite::Operator const*, tflite::ErrorReporter*, tflite::BuiltinDataAllocator*, void**)
 .text._ZN6tflite10ParseSplitEPKNS_8OperatorEPNS_13ErrorReporterEPNS_20BuiltinDataAllocatorEPPv
                0x10008074       0x5c CMakeFiles/Cat_Dog_Arducam_int8.dir/__/pico-tflmicro/src/tensorflow/lite/core/api/flatbuffer_conversions.cpp.obj
                0x10008074                tflite::ParseSplit(tflite::Operator const*, tflite::ErrorReporter*, tflite::BuiltinDataAllocator*, void**)
 .text._ZN6tflite11ParseSplitVEPKNS_8OperatorEPNS_13ErrorReporterEPNS_20BuiltinDataAllocatorEPPv
                0x100080d0       0x5c CMakeFiles/Cat_Dog_Arducam_int8.dir/__/pico-tflmicro/src/tensorflow/lite/core/api/flatbuffer_conversions.cpp.obj
                0x100080d0                tflite::ParseSplitV(tflite::Operator const*, tflite::ErrorReporter*, tflite::BuiltinDataAllocator*, void**)
 .text._ZN6tflite9ParseSqrtEPKNS_8OperatorEPNS_13ErrorReporterEPNS_20BuiltinDataAllocatorEPPv
                0x1000812c        0x4 CMakeFiles/Cat_Dog_Arducam_int8.dir/__/pico-tflmicro/src/tensorflow/lite/core/api/flatbuffer_conversions.cpp.obj
                0x1000812c                tflite::ParseSqrt(tflite::Operator const*, tflite::ErrorReporter*, tflite::BuiltinDataAllocator*, void**)
 .text._ZN6tflite11ParseSquareEPKNS_8OperatorEPNS_13ErrorReporterEPNS_20BuiltinDataAllocatorEPPv
                0x10008130        0x4 CMakeFiles/Cat_Dog_Arducam_int8.dir/__/pico-tflmicro/src/tensorflow/lite/core/api/flatbuffer_conversions.cpp.obj
                0x10008130                tflite::ParseSquare(tflite::Operator const*, tflite::ErrorReporter*, tflite::BuiltinDataAllocator*, void**)
 .text._ZN6tflite17ParseStridedSliceEPKNS_8OperatorEPNS_13ErrorReporterEPNS_20BuiltinDataAllocatorEPPv
                0x10008134       0xa4 CMakeFiles/Cat_Dog_Arducam_int8.dir/__/pico-tflmicro/src/tensorflow/lite/core/api/flatbuffer_conversions.cpp.obj
                0x10008134                tflite::ParseStridedSlice(tflite::Operator const*, tflite::ErrorReporter*, tflite::BuiltinDataAllocator*, void**)
 .text._ZN6tflite8ParseSubEPKNS_8OperatorEPNS_13ErrorReporterEPNS_20BuiltinDataAllocatorEPPv
                0x100081d8       0xa0 CMakeFiles/Cat_Dog_Arducam_int8.dir/__/pico-tflmicro/src/tensorflow/lite/core/api/flatbuffer_conversions.cpp.obj
                0x100081d8                tflite::ParseSub(tflite::Operator const*, tflite::ErrorReporter*, tflite::BuiltinDataAllocator*, void**)
 .text._ZN6tflite9ParseSvdfEPKNS_8OperatorEPNS_13ErrorReporterEPNS_20BuiltinDataAllocatorEPPv
                0x10008278       0xb4 CMakeFiles/Cat_Dog_Arducam_int8.dir/__/pico-tflmicro/src/tensorflow/lite/core/api/flatbuffer_conversions.cpp.obj
                0x10008278                tflite::ParseSvdf(tflite::Operator const*, tflite::ErrorReporter*, tflite::BuiltinDataAllocator*, void**)
 .text._ZN6tflite9ParseTanhEPKNS_8OperatorEPNS_13ErrorReporterEPNS_20BuiltinDataAllocatorEPPv
                0x1000832c        0x4 CMakeFiles/Cat_Dog_Arducam_int8.dir/__/pico-tflmicro/src/tensorflow/lite/core/api/flatbuffer_conversions.cpp.obj
                0x1000832c                tflite::ParseTanh(tflite::Operator const*, tflite::ErrorReporter*, tflite::BuiltinDataAllocator*, void**)
 .text._ZN6tflite11ParseUnpackEPKNS_8OperatorEPNS_13ErrorReporterEPNS_20BuiltinDataAllocatorEPPv
                0x10008330       0x70 CMakeFiles/Cat_Dog_Arducam_int8.dir/__/pico-tflmicro/src/tensorflow/lite/core/api/flatbuffer_conversions.cpp.obj
                0x10008330                tflite::ParseUnpack(tflite::Operator const*, tflite::ErrorReporter*, tflite::BuiltinDataAllocator*, void**)
 .text._ZN6tflite25GetRegistrationFromOpCodeEPKNS_12OperatorCodeERKNS_10OpResolverEPNS_13ErrorReporterEPPK18TfLiteRegistration
                0x100083a0       0xc4 CMakeFiles/Cat_Dog_Arducam_int8.dir/__/pico-tflmicro/src/tensorflow/lite/core/api/op_resolver.cpp.obj
                0x100083a0                tflite::GetRegistrationFromOpCode(tflite::OperatorCode const*, tflite::OpResolver const&, tflite::ErrorReporter*, TfLiteRegistration const**)
 .text._ZN6tflite18QuantizeMultiplierEdPlPi
                0x10008464       0x78 CMakeFiles/Cat_Dog_Arducam_int8.dir/__/pico-tflmicro/src/tensorflow/lite/kernels/internal/quantization_util.cpp.obj
                0x10008464                tflite::QuantizeMultiplier(double, long*, int*)
 .text._ZN6tflite35QuantizeMultiplierSmallerThanOneExpEdPlPi
                0x100084dc       0x90 CMakeFiles/Cat_Dog_Arducam_int8.dir/__/pico-tflmicro/src/tensorflow/lite/kernels/internal/quantization_util.cpp.obj
                0x100084dc                tflite::QuantizeMultiplierSmallerThanOneExp(double, long*, int*)
 .text._ZN6tflite24PreprocessSoftmaxScalingEddiPlPi
                0x1000856c       0xf8 CMakeFiles/Cat_Dog_Arducam_int8.dir/__/pico-tflmicro/src/tensorflow/lite/kernels/internal/quantization_util.cpp.obj
                0x1000856c                tflite::PreprocessSoftmaxScaling(double, double, int, long*, int*)
 .text._ZN6tflite20CalculateInputRadiusEiii
                0x10008664       0x90 CMakeFiles/Cat_Dog_Arducam_int8.dir/__/pico-tflmicro/src/tensorflow/lite/kernels/internal/quantization_util.cpp.obj
                0x10008664                tflite::CalculateInputRadius(int, int, int)
 .text._ZN6tflite8GetInputEPK13TfLiteContextPK10TfLiteNodei
                0x100086f4       0x2c CMakeFiles/Cat_Dog_Arducam_int8.dir/__/pico-tflmicro/src/tensorflow/lite/kernels/kernel_util.cpp.obj
                0x100086f4                tflite::GetInput(TfLiteContext const*, TfLiteNode const*, int)
 .text._ZN6tflite9GetOutputEP13TfLiteContextPK10TfLiteNodei
                0x10008720       0x2c CMakeFiles/Cat_Dog_Arducam_int8.dir/__/pico-tflmicro/src/tensorflow/lite/kernels/kernel_util.cpp.obj
                0x10008720                tflite::GetOutput(TfLiteContext*, TfLiteNode const*, int)
 .text._ZN6tflite22GetOptionalInputTensorEPK13TfLiteContextPK10TfLiteNodei
                0x1000874c       0x2c CMakeFiles/Cat_Dog_Arducam_int8.dir/__/pico-tflmicro/src/tensorflow/lite/kernels/kernel_util.cpp.obj
                0x1000874c                tflite::GetOptionalInputTensor(TfLiteContext const*, TfLiteNode const*, int)
 .text._ZN6tflite32GetQuantizedConvolutionMultiplerEP13TfLiteContextPK12TfLiteTensorS4_S4_PS2_Pd
                0x10008778       0xf0 CMakeFiles/Cat_Dog_Arducam_int8.dir/__/pico-tflmicro/src/tensorflow/lite/kernels/kernel_util.cpp.obj
                0x10008778                tflite::GetQuantizedConvolutionMultipler(TfLiteContext*, TfLiteTensor const*, TfLiteTensor const*, TfLiteTensor const*, TfLiteTensor*, double*)
 .text._ZN6tflite33CalculateActivationRangeQuantizedEP13TfLiteContext21TfLiteFusedActivationP12TfLiteTensorPlS5_
                0x10008868      0x10c CMakeFiles/Cat_Dog_Arducam_int8.dir/__/pico-tflmicro/src/tensorflow/lite/kernels/kernel_util.cpp.obj
                0x10008868                tflite::CalculateActivationRangeQuantized(TfLiteContext*, TfLiteFusedActivation, TfLiteTensor*, long*, long*)
 .text._ZN6tflite37PopulateConvolutionQuantizationParamsEP13TfLiteContextPK12TfLiteTensorS4_S4_PS2_RK21TfLiteFusedActivationPlPiS9_S9_S9_SA_i
                0x10008974      0x364 CMakeFiles/Cat_Dog_Arducam_int8.dir/__/pico-tflmicro/src/tensorflow/lite/kernels/kernel_util.cpp.obj
                0x10008974                tflite::PopulateConvolutionQuantizationParams(TfLiteContext*, TfLiteTensor const*, TfLiteTensor const*, TfLiteTensor const*, TfLiteTensor*, TfLiteFusedActivation const&, long*, int*, long*, long*, long*, int*, int)
 .text._ZN6tflite14HaveSameShapesEPK12TfLiteTensorS2_
                0x10008cd8       0x14 CMakeFiles/Cat_Dog_Arducam_int8.dir/__/pico-tflmicro/src/tensorflow/lite/kernels/kernel_util.cpp.obj
                0x10008cd8                tflite::HaveSameShapes(TfLiteTensor const*, TfLiteTensor const*)
 .text._ZNK6tflite10OpResolver12GetDelegatesEi
                0x10008cec       0x10 CMakeFiles/Cat_Dog_Arducam_int8.dir/__/pico-tflmicro/src/tensorflow/lite/micro/all_ops_resolver.cpp.obj
                0x10008cec                tflite::OpResolver::GetDelegates(int) const
 .text._ZNK6tflite22MicroMutableOpResolverILj128EE6FindOpENS_15BuiltinOperatorE
                0x10008cfc       0x34 CMakeFiles/Cat_Dog_Arducam_int8.dir/__/pico-tflmicro/src/tensorflow/lite/micro/all_ops_resolver.cpp.obj
                0x10008cfc                tflite::MicroMutableOpResolver<128u>::FindOp(tflite::BuiltinOperator) const
 .text._ZN6tflite14AllOpsResolverD0Ev
                0x10008d30        0x4 CMakeFiles/Cat_Dog_Arducam_int8.dir/__/pico-tflmicro/src/tensorflow/lite/micro/all_ops_resolver.cpp.obj
                0x10008d30                tflite::AllOpsResolver::~AllOpsResolver()
                0x10008d30                tflite::AllOpsResolver::~AllOpsResolver()
                0x10008d30                tflite::AllOpsResolver::~AllOpsResolver()
 .text._ZNK6tflite22MicroMutableOpResolverILj128EE15GetOpDataParserENS_15BuiltinOperatorE
                0x10008d34       0x3c CMakeFiles/Cat_Dog_Arducam_int8.dir/__/pico-tflmicro/src/tensorflow/lite/micro/all_ops_resolver.cpp.obj
                0x10008d34                tflite::MicroMutableOpResolver<128u>::GetOpDataParser(tflite::BuiltinOperator) const
 .text._ZNK6tflite22MicroMutableOpResolverILj128EE6FindOpEPKc
                0x10008d70       0x48 CMakeFiles/Cat_Dog_Arducam_int8.dir/__/pico-tflmicro/src/tensorflow/lite/micro/all_ops_resolver.cpp.obj
                0x10008d70                tflite::MicroMutableOpResolver<128u>::FindOp(char const*) const
 .text._ZNK6tflite15MicroOpResolver6FindOpENS_15BuiltinOperatorEi
                0x10008db8       0x48 CMakeFiles/Cat_Dog_Arducam_int8.dir/__/pico-tflmicro/src/tensorflow/lite/micro/all_ops_resolver.cpp.obj
                0x10008db8                tflite::MicroOpResolver::FindOp(tflite::BuiltinOperator, int) const
 .text._ZN6tflite22MicroMutableOpResolverILj128EE10AddBuiltinENS_15BuiltinOperatorERK18TfLiteRegistrationPF12TfLiteStatusPKNS_8OperatorEPNS_13ErrorReporterEPNS_20BuiltinDataAllocatorEPPvE.isra.0
                0x10008e00       0xec CMakeFiles/Cat_Dog_Arducam_int8.dir/__/pico-tflmicro/src/tensorflow/lite/micro/all_ops_resolver.cpp.obj
 .text._ZNK6tflite15MicroOpResolver6FindOpEPKci
                0x10008eec       0x5c CMakeFiles/Cat_Dog_Arducam_int8.dir/__/pico-tflmicro/src/tensorflow/lite/micro/all_ops_resolver.cpp.obj
                0x10008eec                tflite::MicroOpResolver::FindOp(char const*, int) const
 .text._ZN6tflite14AllOpsResolverC2Ev
                0x10008f48     0x23a8 CMakeFiles/Cat_Dog_Arducam_int8.dir/__/pico-tflmicro/src/tensorflow/lite/micro/all_ops_resolver.cpp.obj
                0x10008f48                tflite::AllOpsResolver::AllOpsResolver()
                0x10008f48                tflite::AllOpsResolver::AllOpsResolver()
 .text._ZN6tflite3ops5micro11activations8ReluInitEP13TfLiteContextPKcj
                0x1000b2f0        0xc CMakeFiles/Cat_Dog_Arducam_int8.dir/__/pico-tflmicro/src/tensorflow/lite/micro/kernels/activations.cpp.obj
                0x1000b2f0                tflite::ops::micro::activations::ReluInit(TfLiteContext*, char const*, unsigned int)
 .text._ZN6tflite3ops5micro11activations9Relu6InitEP13TfLiteContextPKcj
                0x1000b2fc        0xc CMakeFiles/Cat_Dog_Arducam_int8.dir/__/pico-tflmicro/src/tensorflow/lite/micro/kernels/activations.cpp.obj
                0x1000b2fc                tflite::ops::micro::activations::Relu6Init(TfLiteContext*, char const*, unsigned int)
 .text._ZN6tflite3ops5micro11activations12Relu6PrepareEP13TfLiteContextP10TfLiteNode
                0x1000b308       0xcc CMakeFiles/Cat_Dog_Arducam_int8.dir/__/pico-tflmicro/src/tensorflow/lite/micro/kernels/activations.cpp.obj
                0x1000b308                tflite::ops::micro::activations::Relu6Prepare(TfLiteContext*, TfLiteNode*)
 .text._ZN6tflite3ops5micro11activations9Relu6EvalEP13TfLiteContextP10TfLiteNode
                0x1000b3d4      0x20c CMakeFiles/Cat_Dog_Arducam_int8.dir/__/pico-tflmicro/src/tensorflow/lite/micro/kernels/activations.cpp.obj
                0x1000b3d4                tflite::ops::micro::activations::Relu6Eval(TfLiteContext*, TfLiteNode*)
 .text._ZN6tflite3ops5micro11activations11ReluPrepareEP13TfLiteContextP10TfLiteNode
                0x1000b5e0      0x144 CMakeFiles/Cat_Dog_Arducam_int8.dir/__/pico-tflmicro/src/tensorflow/lite/micro/kernels/activations.cpp.obj
                0x1000b5e0                tflite::ops::micro::activations::ReluPrepare(TfLiteContext*, TfLiteNode*)
 .text._ZN6tflite3ops5micro11activations8ReluEvalEP13TfLiteContextP10TfLiteNode
                0x1000b724      0x3f4 CMakeFiles/Cat_Dog_Arducam_int8.dir/__/pico-tflmicro/src/tensorflow/lite/micro/kernels/activations.cpp.obj
                0x1000b724                tflite::ops::micro::activations::ReluEval(TfLiteContext*, TfLiteNode*)
 .text._ZN6tflite3ops5micro13Register_RELUEv
                0x1000bb18       0x18 CMakeFiles/Cat_Dog_Arducam_int8.dir/__/pico-tflmicro/src/tensorflow/lite/micro/kernels/activations.cpp.obj
                0x1000bb18                tflite::ops::micro::Register_RELU()
 .text._ZN6tflite3ops5micro14Register_RELU6Ev
                0x1000bb30       0x1c CMakeFiles/Cat_Dog_Arducam_int8.dir/__/pico-tflmicro/src/tensorflow/lite/micro/kernels/activations.cpp.obj
                0x1000bb30                tflite::ops::micro::Register_RELU6()
 .text._ZN6tflite3ops5micro11arg_min_max4EvalEP13TfLiteContextP10TfLiteNodeb
                0x1000bb4c      0xcf4 CMakeFiles/Cat_Dog_Arducam_int8.dir/__/pico-tflmicro/src/tensorflow/lite/micro/kernels/arg_min_max.cpp.obj
                0x1000bb4c                tflite::ops::micro::arg_min_max::Eval(TfLiteContext*, TfLiteNode*, bool)
 .text._ZN6tflite3ops5micro11arg_min_max10ArgMinEvalEP13TfLiteContextP10TfLiteNode
                0x1000c840        0xc CMakeFiles/Cat_Dog_Arducam_int8.dir/__/pico-tflmicro/src/tensorflow/lite/micro/kernels/arg_min_max.cpp.obj
                0x1000c840                tflite::ops::micro::arg_min_max::ArgMinEval(TfLiteContext*, TfLiteNode*)
 .text._ZN6tflite3ops5micro11arg_min_max10ArgMaxEvalEP13TfLiteContextP10TfLiteNode
                0x1000c84c        0xc CMakeFiles/Cat_Dog_Arducam_int8.dir/__/pico-tflmicro/src/tensorflow/lite/micro/kernels/arg_min_max.cpp.obj
                0x1000c84c                tflite::ops::micro::arg_min_max::ArgMaxEval(TfLiteContext*, TfLiteNode*)
 .text._ZN6tflite3ops5micro16Register_ARG_MAXEv
                0x1000c858       0x18 CMakeFiles/Cat_Dog_Arducam_int8.dir/__/pico-tflmicro/src/tensorflow/lite/micro/kernels/arg_min_max.cpp.obj
                0x1000c858                tflite::ops::micro::Register_ARG_MAX()
 .text._ZN6tflite3ops5micro16Register_ARG_MINEv
                0x1000c870       0x18 CMakeFiles/Cat_Dog_Arducam_int8.dir/__/pico-tflmicro/src/tensorflow/lite/micro/kernels/arg_min_max.cpp.obj
                0x1000c870                tflite::ops::micro::Register_ARG_MIN()
 .text._ZN6tflite3ops5micro4ceil7PrepareEP13TfLiteContextP10TfLiteNode
                0x1000c888      0x1b0 CMakeFiles/Cat_Dog_Arducam_int8.dir/__/pico-tflmicro/src/tensorflow/lite/micro/kernels/ceil.cpp.obj
                0x1000c888                tflite::ops::micro::ceil::Prepare(TfLiteContext*, TfLiteNode*)
 .text._ZN6tflite3ops5micro4ceil4EvalEP13TfLiteContextP10TfLiteNode
                0x1000ca38       0x9c CMakeFiles/Cat_Dog_Arducam_int8.dir/__/pico-tflmicro/src/tensorflow/lite/micro/kernels/ceil.cpp.obj
                0x1000ca38                tflite::ops::micro::ceil::Eval(TfLiteContext*, TfLiteNode*)
 .text._ZN6tflite3ops5micro13Register_CEILEv
                0x1000cad4       0x18 CMakeFiles/Cat_Dog_Arducam_int8.dir/__/pico-tflmicro/src/tensorflow/lite/micro/kernels/ceil.cpp.obj
                0x1000cad4                tflite::ops::micro::Register_CEIL()
 .text._ZN6tflite3ops5micro3add4InitEP13TfLiteContextPKcj
                0x1000caec        0xc CMakeFiles/Cat_Dog_Arducam_int8.dir/__/pico-tflmicro/src/tensorflow/lite/micro/kernels/cmsis-nn/add.cpp.obj
                0x1000caec                tflite::ops::micro::add::Init(TfLiteContext*, char const*, unsigned int)
 .text._ZN6tflite13reference_ops22ProcessBroadcastShapesERKNS_12RuntimeShapeES3_PNS_16ArithmeticParamsE
                0x1000caf8     0x11d4 CMakeFiles/Cat_Dog_Arducam_int8.dir/__/pico-tflmicro/src/tensorflow/lite/micro/kernels/cmsis-nn/add.cpp.obj
                0x1000caf8                tflite::reference_ops::ProcessBroadcastShapes(tflite::RuntimeShape const&, tflite::RuntimeShape const&, tflite::ArithmeticParams*)
 .text._ZN6tflite3ops5micro3add16EvalAddQuantizedEP13TfLiteContextP10TfLiteNodeP15TfLiteAddParamsPKNS2_6OpDataEPK16TfLiteEvalTensorSE_PSC_.part.0
                0x1000dccc     0x1918 CMakeFiles/Cat_Dog_Arducam_int8.dir/__/pico-tflmicro/src/tensorflow/lite/micro/kernels/cmsis-nn/add.cpp.obj
 .text._ZN6tflite3ops5micro3add15CalculateOpDataEP13TfLiteContextP15TfLiteAddParamsPK12TfLiteTensorS9_PS7_PNS2_6OpDataE
                0x1000f5e4      0x10c CMakeFiles/Cat_Dog_Arducam_int8.dir/__/pico-tflmicro/src/tensorflow/lite/micro/kernels/cmsis-nn/add.cpp.obj
                0x1000f5e4                tflite::ops::micro::add::CalculateOpData(TfLiteContext*, TfLiteAddParams*, TfLiteTensor const*, TfLiteTensor const*, TfLiteTensor*, tflite::ops::micro::add::OpData*)
 .text._ZN6tflite3ops5micro3add7PrepareEP13TfLiteContextP10TfLiteNode
                0x1000f6f0       0x3c CMakeFiles/Cat_Dog_Arducam_int8.dir/__/pico-tflmicro/src/tensorflow/lite/micro/kernels/cmsis-nn/add.cpp.obj
                0x1000f6f0                tflite::ops::micro::add::Prepare(TfLiteContext*, TfLiteNode*)
 .text._ZN6tflite3ops5micro3add7EvalAddEP13TfLiteContextP10TfLiteNodeP15TfLiteAddParamsPKNS2_6OpDataEPK16TfLiteEvalTensorSE_PSC_
                0x1000f72c      0x744 CMakeFiles/Cat_Dog_Arducam_int8.dir/__/pico-tflmicro/src/tensorflow/lite/micro/kernels/cmsis-nn/add.cpp.obj
                0x1000f72c                tflite::ops::micro::add::EvalAdd(TfLiteContext*, TfLiteNode*, TfLiteAddParams*, tflite::ops::micro::add::OpData const*, TfLiteEvalTensor const*, TfLiteEvalTensor const*, TfLiteEvalTensor*)
 .text._ZN6tflite3ops5micro3add4EvalEP13TfLiteContextP10TfLiteNode
                0x1000fe70       0x8c CMakeFiles/Cat_Dog_Arducam_int8.dir/__/pico-tflmicro/src/tensorflow/lite/micro/kernels/cmsis-nn/add.cpp.obj
                0x1000fe70                tflite::ops::micro::add::Eval(TfLiteContext*, TfLiteNode*)
 .text._ZN6tflite3ops5micro12Register_ADDEv
                0x1000fefc       0x18 CMakeFiles/Cat_Dog_Arducam_int8.dir/__/pico-tflmicro/src/tensorflow/lite/micro/kernels/cmsis-nn/add.cpp.obj
                0x1000fefc                tflite::ops::micro::Register_ADD()
 .text._ZN6tflite12_GLOBAL__N_14InitEP13TfLiteContextPKcj
                0x1000ff14        0xc CMakeFiles/Cat_Dog_Arducam_int8.dir/__/pico-tflmicro/src/tensorflow/lite/micro/kernels/cmsis-nn/conv.cpp.obj
 .text._ZN6tflite12_GLOBAL__N_123EvalQuantizedPerChannelEP13TfLiteContextP10TfLiteNodeP16TfLiteConvParamsRKNS0_6OpDataEPK16TfLiteEvalTensorSC_SC_PSA_SD_.constprop.0
                0x1000ff20      0x640 CMakeFiles/Cat_Dog_Arducam_int8.dir/__/pico-tflmicro/src/tensorflow/lite/micro/kernels/cmsis-nn/conv.cpp.obj